Component: ARM Compiler 5.05 update 1 (build 106) Tool: armlink [4d0efa]

==============================================================================

Section Cross References

    main.o(.text) refers to misc.o(.text) for NVIC_PriorityGroupConfig
    main.o(.text) refers to delay.o(.text) for delay_init
    main.o(.text) refers to key.o(.text) for KEY_Init
    main.o(.text) refers to usart.o(.text) for uart_init
    main.o(.text) refers to led.o(.text) for LED_Init
    main.o(.text) refers to lcd.o(.text) for LCD_Init
    main.o(.text) refers to w25qxx.o(.text) for W25QXX_Init
    main.o(.text) refers to malloc.o(.text) for my_mem_init
    main.o(.text) refers to exfuns.o(.text) for exfuns_init
    main.o(.text) refers to ff.o(.text) for f_mount
    main.o(.text) refers to fontupd.o(.text) for font_init
    main.o(.text) refers to dispaly.o(.text) for Display
    main.o(.text) refers to usmart_config.o(.data) for usmart_dev
    main.o(.text) refers to exfuns.o(.bss) for fs
    main.o(.text) refers to lcd.o(.data) for POINT_COLOR
    system_stm32f4xx.o(.text) refers to system_stm32f4xx.o(.data) for .data
    led.o(.text) refers to stm32f4xx_rcc.o(.text) for RCC_AHB1PeriphClockCmd
    led.o(.text) refers to stm32f4xx_gpio.o(.text) for GPIO_Init
    lcd.o(.text) refers to _printf_percent.o(.ARM.Collect$$_printf_percent$$00000000) for _printf_percent
    lcd.o(.text) refers to _printf_x.o(.ARM.Collect$$_printf_percent$$0000000C) for _printf_x
    lcd.o(.text) refers to _printf_hex_int_ptr.o(.text) for _printf_longlong_hex
    lcd.o(.text) refers to delay.o(.text) for delay_us
    lcd.o(.text) refers to lcd.o(.bss) for .bss
    lcd.o(.text) refers to dflt_clz.o(x$fpl$dfltu) for __aeabi_ui2d
    lcd.o(.text) refers to dmul.o(x$fpl$dmul) for __aeabi_dmul
    lcd.o(.text) refers to dfixu.o(x$fpl$dfixu) for __aeabi_d2uiz
    lcd.o(.text) refers to lcd.o(.data) for .data
    lcd.o(.text) refers to stm32f4xx_rcc.o(.text) for RCC_AHB1PeriphClockCmd
    lcd.o(.text) refers to stm32f4xx_gpio.o(.text) for GPIO_Init
    lcd.o(.text) refers to stm32f4xx_fsmc.o(.text) for FSMC_NORSRAMInit
    lcd.o(.text) refers to noretval__2printf.o(.text) for __2printf
    lcd.o(.text) refers to lcd.o(.constdata) for .constdata
    key.o(.text) refers to stm32f4xx_rcc.o(.text) for RCC_AHB1PeriphClockCmd
    key.o(.text) refers to stm32f4xx_gpio.o(.text) for GPIO_Init
    key.o(.text) refers to delay.o(.text) for delay_ms
    key.o(.text) refers to key.o(.data) for .data
    spi.o(.text) refers to stm32f4xx_spi.o(.text) for SPI_I2S_GetFlagStatus
    spi.o(.text) refers to stm32f4xx_rcc.o(.text) for RCC_AHB1PeriphClockCmd
    spi.o(.text) refers to stm32f4xx_gpio.o(.text) for GPIO_Init
    w25qxx.o(.text) refers to _printf_percent.o(.ARM.Collect$$_printf_percent$$00000000) for _printf_percent
    w25qxx.o(.text) refers to _printf_x.o(.ARM.Collect$$_printf_percent$$0000000C) for _printf_x
    w25qxx.o(.text) refers to _printf_hex_int_ptr.o(.text) for _printf_longlong_hex
    w25qxx.o(.text) refers to spi.o(.text) for SPI1_ReadWriteByte
    w25qxx.o(.text) refers to stm32f4xx_rcc.o(.text) for RCC_AHB1PeriphClockCmd
    w25qxx.o(.text) refers to stm32f4xx_gpio.o(.text) for GPIO_Init
    w25qxx.o(.text) refers to noretval__2printf.o(.text) for __2printf
    w25qxx.o(.text) refers to delay.o(.text) for delay_us
    w25qxx.o(.text) refers to w25qxx.o(.data) for .data
    w25qxx.o(.text) refers to w25qxx.o(.bss) for .bss
    sdio_sdcard.o(.text) refers to stm32f4xx_sdio.o(.text) for SDIO_GetFlagStatus
    sdio_sdcard.o(.text) refers to sdio_sdcard.o(.data) for .data
    sdio_sdcard.o(.text) refers to sdio_sdcard.o(.bss) for .bss
    sdio_sdcard.o(.text) refers to stm32f4xx_rcc.o(.text) for RCC_AHB1PeriphClockCmd
    sdio_sdcard.o(.text) refers to stm32f4xx_gpio.o(.text) for GPIO_Init
    sdio_sdcard.o(.text) refers to misc.o(.text) for NVIC_Init
    sdio_sdcard.o(.text) refers to stm32f4xx_dma.o(.text) for DMA_GetCmdStatus
    sdio_sdcard.o(.text) refers to sys.o(.emb_text) for INTX_DISABLE
    sdio_sdcard.o(.text) refers to rt_memcpy_v6.o(.text) for __aeabi_memcpy
    myiic.o(.text) refers to stm32f4xx_rcc.o(.text) for RCC_AHB1PeriphClockCmd
    myiic.o(.text) refers to stm32f4xx_gpio.o(.text) for GPIO_Init
    myiic.o(.text) refers to delay.o(.text) for delay_us
    24cxx.o(.text) refers to myiic.o(.text) for IIC_Init
    24cxx.o(.text) refers to delay.o(.text) for delay_ms
    i2s.o(.text) refers to stm32f4xx_rcc.o(.text) for RCC_APB1PeriphClockCmd
    i2s.o(.text) refers to stm32f4xx_spi.o(.text) for I2S_Init
    i2s.o(.text) refers to stm32f4xx_dma.o(.text) for DMA_DeInit
    i2s.o(.text) refers to misc.o(.text) for NVIC_Init
    i2s.o(.text) refers to i2s.o(.constdata) for .constdata
    i2s.o(.text) refers to i2s.o(.data) for .data
    wm8978.o(.text) refers to myiic.o(.text) for IIC_Start
    wm8978.o(.text) refers to stm32f4xx_rcc.o(.text) for RCC_AHB1PeriphClockCmd
    wm8978.o(.text) refers to stm32f4xx_gpio.o(.text) for GPIO_Init
[...]
    LCD_DisplayOff                           0x08000851   Thumb Code    60  lcd.o(.text)
    LCD_Scan_Dir                             0x0800088d   Thumb Code   516  lcd.o(.text)
    LCD_DrawPoint                            0x08000a91   Thumb Code    24  lcd.o(.text)
    LCD_Fast_DrawPoint                       0x08000aa9   Thumb Code   264  lcd.o(.text)
    LCD_SSD_BackLightSet                     0x08000bb1   Thumb Code    70  lcd.o(.text)
    LCD_Display_Dir                          0x08000bf7   Thumb Code   302  lcd.o(.text)
    LCD_Set_Window                           0x08000d25   Thumb Code   492  lcd.o(.text)
    LCD_Clear                                0x08000f11   Thumb Code   104  lcd.o(.text)
    LCD_Init                                 0x08000f79   Thumb Code 14090  lcd.o(.text)
    LCD_Fill                                 0x08004683   Thumb Code   134  lcd.o(.text)
    LCD_Color_Fill                           0x08004709   Thumb Code    86  lcd.o(.text)
    LCD_DrawLine                             0x0800475f   Thumb Code   150  lcd.o(.text)
    LCD_DrawRectangle                        0x080047f5   Thumb Code    54  lcd.o(.text)
    LCD_Draw_Circle                          0x0800482b   Thumb Code   176  lcd.o(.text)
    LCD_ShowChar                             0x080048db   Thumb Code   184  lcd.o(.text)
    LCD_Pow                                  0x08004993   Thumb Code    16  lcd.o(.text)
    LCD_ShowNum                              0x080049a3   Thumb Code   118  lcd.o(.text)
    LCD_ShowxNum                             0x08004a19   Thumb Code   150  lcd.o(.text)
    LCD_ShowString                           0x08004aaf   Thumb Code    82  lcd.o(.text)
    KEY_Init                                 0x08004b01   Thumb Code    58  key.o(.text)
    KEY_Scan                                 0x08004b3b   Thumb Code   114  key.o(.text)
    SPI1_ReadWriteByte                       0x08004bb9   Thumb Code    48  spi.o(.text)
    SPI1_Init                                0x08004be9   Thumb Code   186  spi.o(.text)
    SPI1_SetSpeed                            0x08004ca3   Thumb Code    24  spi.o(.text)
    W25QXX_ReadID                            0x08004cc5   Thumb Code    62  w25qxx.o(.text)
    W25QXX_Init                              0x08004d03   Thumb Code   102  w25qxx.o(.text)
    W25QXX_ReadSR                            0x08004d69   Thumb Code    32  w25qxx.o(.text)
    W25QXX_Write_SR                          0x08004d89   Thumb Code    34  w25qxx.o(.text)
    W25QXX_Write_Enable                      0x08004dab   Thumb Code    26  w25qxx.o(.text)
    W25QXX_Write_Disable                     0x08004dc5   Thumb Code    26  w25qxx.o(.text)
    W25QXX_Read                              0x08004ddf   Thumb Code    76  w25qxx.o(.text)
    W25QXX_Wait_Busy                         0x08004e2b   Thumb Code    12  w25qxx.o(.text)
    W25QXX_Write_Page                        0x08004e37   Thumb Code    80  w25qxx.o(.text)
    W25QXX_Write_NoCheck                     0x08004e87   Thumb Code    60  w25qxx.o(.text)
    W25QXX_Erase_Sector                      0x08004ec3   Thumb Code    72  w25qxx.o(.text)
    W25QXX_Write                             0x08004f0b   Thumb Code   150  w25qxx.o(.text)
    W25QXX_Erase_Chip                        0x08004fa1   Thumb Code    38  w25qxx.o(.text)
    W25QXX_PowerDown                         0x08004fc7   Thumb Code    34  w25qxx.o(.text)
    W25QXX_WAKEUP                            0x08004fe9   Thumb Code    34  w25qxx.o(.text)
    SDIO_Register_Deinit                     0x08005029   Thumb Code    46  sdio_sdcard.o(.text)
    SD_SetDeviceMode                         0x08005057   Thumb Code    20  sdio_sdcard.o(.text)
    SDIO_Clock_Set                           0x0800506b   Thumb Code    16  sdio_sdcard.o(.text)
    CmdResp1Error                            0x0800507b   Thumb Code    86  sdio_sdcard.o(.text)
    FindSCR                                  0x080050d1   Thumb Code   314  sdio_sdcard.o(.text)
    SDEnWideBus                              0x0800520b   Thumb Code   128  sdio_sdcard.o(.text)
    SD_EnableWideBusOperation                0x0800528b   Thumb Code    68  sdio_sdcard.o(.text)
    SD_SelectDeselect                        0x080052cf   Thumb Code    38  sdio_sdcard.o(.text)
    SD_GetCardInfo                           0x080052f5   Thumb Code   546  sdio_sdcard.o(.text)
    CmdResp2Error                            0x08005517   Thumb Code    66  sdio_sdcard.o(.text)
    CmdResp6Error                            0x08005559   Thumb Code   118  sdio_sdcard.o(.text)
    SD_InitializeCards                       0x080055cf   Thumb Code   286  sdio_sdcard.o(.text)
    CmdResp3Error                            0x080056ed   Thumb Code    42  sdio_sdcard.o(.text)
    CmdResp7Error                            0x08005717   Thumb Code    54  sdio_sdcard.o(.text)
    CmdError                                 0x0800574d   Thumb Code    42  sdio_sdcard.o(.text)
    SD_PowerON                               0x08005777   Thumb Code   416  sdio_sdcard.o(.text)
    SD_Init                                  0x08005917   Thumb Code   264  sdio_sdcard.o(.text)
    SD_PowerOFF                              0x08005a1f   Thumb Code    12  sdio_sdcard.o(.text)
    SD_DMA_Config                            0x08005a2b   Thumb Code   114  sdio_sdcard.o(.text)
    convert_from_bytes_to_power_of_two       0x08005a9d   Thumb Code    18  sdio_sdcard.o(.text)
    SD_ReadBlock                             0x08005aaf   Thumb Code   534  sdio_sdcard.o(.text)
    SD_ReadMultiBlocks                       0x08005cc5   Thumb Code   602  sdio_sdcard.o(.text)
    IsCardProgramming                        0x08005f1f   Thumb Code   138  sdio_sdcard.o(.text)
    SD_WriteBlock                            0x08005fa9   Thumb Code   734  sdio_sdcard.o(.text)
    SD_WriteMultiBlocks                      0x08006287   Thumb Code   760  sdio_sdcard.o(.text)
    SD_ProcessIRQSrc                         0x0800657f   Thumb Code   228  sdio_sdcard.o(.text)
    SDIO_IRQHandler                          0x08006663   Thumb Code     2  sdio_sdcard.o(.text)
    SD_SendStatus                            0x08006665   Thumb Code    62  sdio_sdcard.o(.text)
    SD_GetState                              0x080066a3   Thumb Code    26  sdio_sdcard.o(.text)
    SD_ReadDisk                              0x080066bd   Thumb Code   120  sdio_sdcard.o(.text)
    SD_WriteDisk                             0x08006735   Thumb Code   112  sdio_sdcard.o(.text)
    IIC_Init                                 0x080067b5   Thumb Code    58  myiic.o(.text)
    IIC_Start                                0x080067ef   Thumb Code    56  myiic.o(.text)
    IIC_Stop                                 0x08006827   Thumb Code    58  myiic.o(.text)
    IIC_Wait_Ack                             0x08006861   Thumb Code    74  myiic.o(.text)
    IIC_Ack                                  0x080068ab   Thumb Code    56  myiic.o(.text)
    IIC_NAck                                 0x080068e3   Thumb Code    56  myiic.o(.text)
    IIC_Send_Byte                            0x0800691b   Thumb Code    86  myiic.o(.text)
    IIC_Read_Byte                            0x08006971   Thumb Code    96  myiic.o(.text)
    I2S2_Init                                0x080069d9   Thumb Code    96  i2s.o(.text)
    I2S2ext_Init                             0x08006a39   Thumb Code    62  i2s.o(.text)
    I2S2_SampleRate_Set                      0x08006a77   Thumb Code   100  i2s.o(.text)
    I2S2_TX_DMA_Init                         0x08006adb   Thumb Code   162  i2s.o(.text)
    I2S2ext_RX_DMA_Init                      0x08006b7d   Thumb Code   162  i2s.o(.text)
    DMA1_Stream4_IRQHandler                  0x08006c1f   Thumb Code    38  i2s.o(.text)
    DMA1_Stream3_IRQHandler                  0x08006c45   Thumb Code    40  i2s.o(.text)
    I2S_Play_Start                           0x08006c6d   Thumb Code     8  i2s.o(.text)
    I2S_Play_Stop                            0x08006c75   Thumb Code     8  i2s.o(.text)
    I2S_Rec_Start                            0x08006c7d   Thumb Code    10  i2s.o(.text)
    I2S_Rec_Stop                             0x08006c87   Thumb Code    10  i2s.o(.text)
    WM8978_Write_Reg                         0x08006cb9   Thumb Code    80  wm8978.o(.text)
    WM8978_Init                              0x08006d09   Thumb Code   244  wm8978.o(.text)
    WM8978_Read_Reg                          0x08006dfd   Thumb Code     8  wm8978.o(.text)
    WM8978_ADDA_Cfg                          0x08006e05   Thumb Code    48  wm8978.o(.text)
    WM8978_AUX_Gain                          0x08006e35   Thumb Code    40  wm8978.o(.text)
    WM8978_LINEIN_Gain                       0x08006e5d   Thumb Code    44  wm8978.o(.text)
    WM8978_Input_Cfg                         0x08006e89   Thumb Code    80  wm8978.o(.text)
    WM8978_Output_Cfg                        0x08006ed9   Thumb Code    32  wm8978.o(.text)
    WM8978_MIC_Gain                          0x08006ef9   Thumb Code    26  wm8978.o(.text)
    WM8978_I2S_Cfg                           0x08006f13   Thumb Code    16  wm8978.o(.text)
    WM8978_HPvol_Set                         0x08006f23   Thumb Code    38  wm8978.o(.text)
    WM8978_SPKvol_Set                        0x08006f49   Thumb Code    30  wm8978.o(.text)
    WM8978_3D_Set                            0x08006f67   Thumb Code     8  wm8978.o(.text)
    WM8978_EQ_3D_Dir                         0x08006f6f   Thumb Code    20  wm8978.o(.text)
    WM8978_EQ1_Set                           0x08006f83   Thumb Code    34  wm8978.o(.text)
    WM8978_EQ2_Set                           0x08006fa5   Thumb Code    28  wm8978.o(.text)
    WM8978_EQ3_Set                           0x08006fc1   Thumb Code    28  wm8978.o(.text)
    WM8978_EQ4_Set                           0x08006fdd   Thumb Code    28  wm8978.o(.text)
    WM8978_EQ5_Set                           0x08006ff9   Thumb Code    28  wm8978.o(.text)
    TIM3_Int_Init                            0x08007021   Thumb Code    88  timer.o(.text)
    TIM3_IRQHandler                          0x08007079   Thumb Code    42  timer.o(.text)
    TIM6_DAC_IRQHandler                      0x080070a3   Thumb Code    32  timer.o(.text)
    TIM6_Int_Init                            0x080070c3   Thumb Code    88  timer.o(.text)
    delay_init                               0x08007135   Thumb Code    38  delay.o(.text)
    delay_us                                 0x0800715b   Thumb Code    46  delay.o(.text)
    delay_xms                                0x08007189   Thumb Code    46  delay.o(.text)
    delay_ms                                 0x080071b7   Thumb Code    50  delay.o(.text)
    _sys_exit                                0x080071ed   Thumb Code     2  usart.o(.text)
    fputc                                    0x080071ef   Thumb Code    14  usart.o(.text)
    uart_init                                0x080071fd   Thumb Code   164  usart.o(.text)
    USART1_IRQHandler                        0x080072a1   Thumb Code    88  usart.o(.text)
    Reset_Handler                            0x08007309   Thumb Code     8  startup_stm32f40_41xxx.o(.text)
    ADC_IRQHandler                           0x08007323   Thumb Code     0  startup_stm32f40_41xxx.o(.text)
    CAN1_RX0_IRQHandler                      0x08007323   Thumb Code     0  startup_stm32f40_41xxx.o(.text)
    CAN1_RX1_IRQHandler                      0x08007323   Thumb Code     0  startup_stm32f40_41xxx.o(.text)
    CAN1_SCE_IRQHandler                      0x08007323   Thumb Code     0  startup_stm32f40_41xxx.o(.text)
    CAN1_TX_IRQHandler                       0x08007323   Thumb Code     0  startup_stm32f40_41xxx.o(.text)
    CAN2_RX0_IRQHandler                      0x08007323   Thumb Code     0  startup_stm32f40_41xxx.o(.text)
    CAN2_RX1_IRQHandler                      0x08007323   Thumb Code     0  startup_stm32f40_41xxx.o(.text)
    CAN2_SCE_IRQHandler                      0x08007323   Thumb Code     0  startup_stm32f40_41xxx.o(.text)
    CAN2_TX_IRQHandler                       0x08007323   Thumb Code     0  startup_stm32f40_41xxx.o(.text)
    CRYP_IRQHandler                          0x08007323   Thumb Code     0  startup_stm32f40_41xxx.o(.text)
    DCMI_IRQHandler                          0x08007323   Thumb Code     0  startup_stm32f40_41xxx.o(.text)
    DMA1_Stream0_IRQHandler                  0x08007323   Thumb Code     0  startup_stm32f40_41xxx.o(.text)
    DMA1_Stream1_IRQHandler                  0x08007323   Thumb Code     0  startup_stm32f40_41xxx.o(.text)
    DMA1_Stream2_IRQHandler                  0x08007323   Thumb Code     0  startup_stm32f40_41xxx.o(.text)
    DMA1_Stream5_IRQHandler                  0x08007323   Thumb Code     0  startup_stm32f40_41xxx.o(.text)
    DMA1_Stream6_IRQHandler                  0x08007323   Thumb Code     0  startup_stm32f40_41xxx.o(.text)
    DMA1_Stream7_IRQHandler                  0x08007323   Thumb Code     0  startup_stm32f40_41xxx.o(.text)
    DMA2_Stream0_IRQHandler                  0x08007323   Thumb Code     0  startup_stm32f40_41xxx.o(.text)
    DMA2_Stream1_IRQHandler                  0x08007323   Thumb Code     0  startup_stm32f40_41xxx.o(.text)
    DMA2_Stream2_IRQHandler                  0x08007323   Thumb Code     0  startup_stm32f40_41xxx.o(.text)
    DMA2_Stream3_IRQHandler                  0x08007323   Thumb Code     0  startup_stm32f40_41xxx.o(.text)
    DMA2_Stream4_IRQHandler                  0x08007323   Thumb Code     0  startup_stm32f40_41xxx.o(.text)
    DMA2_Stream5_IRQHandler                  0x08007323   Thumb Code     0  startup_stm32f40_41xxx.o(.text)
    DMA2_Stream6_IRQHandler                  0x08007323   Thumb Code     0  startup_stm32f40_41xxx.o(.text)
    DMA2_Stream7_IRQHandler                  0x08007323   Thumb Code     0  startup_stm32f40_41xxx.o(.text)
    ETH_IRQHandler                           0x08007323   Thumb Code     0  startup_stm32f40_41xxx.o(.text)
    ETH_WKUP_IRQHandler                      0x08007323   Thumb Code     0  startup_stm32f40_41xxx.o(.text)
    EXTI0_IRQHandler                         0x08007323   Thumb Code     0  startup_stm32f40_41xxx.o(.text)
    EXTI15_10_IRQHandler                     0x08007323   Thumb Code     0  startup_stm32f40_41xxx.o(.text)
    EXTI1_IRQHandler                         0x08007323   Thumb Code     0  startup_stm32f40_41xxx.o(.text)
    EXTI2_IRQHandler                         0x08007323   Thumb Code     0  startup_stm32f40_41xxx.o(.text)
    EXTI3_IRQHandler                         0x08007323   Thumb Code     0  startup_stm32f40_41xxx.o(.text)
    EXTI4_IRQHandler                         0x08007323   Thumb Code     0  startup_stm32f40_41xxx.o(.text)
    EXTI9_5_IRQHandler                       0x08007323   Thumb Code     0  startup_stm32f40_41xxx.o(.text)
    FLASH_IRQHandler                         0x08007323   Thumb Code     0  startup_stm32f40_41xxx.o(.text)
    FPU_IRQHandler                           0x08007323   Thumb Code     0  startup_stm32f40_41xxx.o(.text)
    FSMC_IRQHandler                          0x08007323   Thumb Code     0  startup_stm32f40_41xxx.o(.text)
    HASH_RNG_IRQHandler                      0x08007323   Thumb Code     0  startup_stm32f40_41xxx.o(.text)
    I2C1_ER_IRQHandler                       0x08007323   Thumb Code     0  startup_stm32f40_41xxx.o(.text)
    I2C1_EV_IRQHandler                       0x08007323   Thumb Code     0  startup_stm32f40_41xxx.o(.text)
    I2C2_ER_IRQHandler                       0x08007323   Thumb Code     0  startup_stm32f40_41xxx.o(.text)
    I2C2_EV_IRQHandler                       0x08007323   Thumb Code     0  startup_stm32f40_41xxx.o(.text)
    I2C3_ER_IRQHandler                       0x08007323   Thumb Code     0  startup_stm32f40_41xxx.o(.text)
    I2C3_EV_IRQHandler                       0x08007323   Thumb Code     0  startup_stm32f40_41xxx.o(.text)
    OTG_FS_IRQHandler                        0x08007323   Thumb Code     0  startup_stm32f40_41xxx.o(.text)
    OTG_FS_WKUP_IRQHandler                   0x08007323   Thumb Code     0  startup_stm32f40_41xxx.o(.text)
    OTG_HS_EP1_IN_IRQHandler                 0x08007323   Thumb Code     0  startup_stm32f40_41xxx.o(.text)
    OTG_HS_EP1_OUT_IRQHandler                0x08007323   Thumb Code     0  startup_stm32f40_41xxx.o(.text)
    OTG_HS_IRQHandler                        0x08007323   Thumb Code     0  startup_stm32f40_41xxx.o(.text)
    OTG_HS_WKUP_IRQHandler                   0x08007323   Thumb Code     0  startup_stm32f40_41xxx.o(.text)
    PVD_IRQHandler                           0x08007323   Thumb Code     0  startup_stm32f40_41xxx.o(.text)
    RCC_IRQHandler                           0x08007323   Thumb Code     0  startup_stm32f40_41xxx.o(.text)
    RTC_Alarm_IRQHandler                     0x08007323   Thumb Code     0  startup_stm32f40_41xxx.o(.text)
    RTC_WKUP_IRQHandler                      0x08007323   Thumb Code     0  startup_stm32f40_41xxx.o(.text)
    SPI1_IRQHandler                          0x08007323   Thumb Code     0  startup_stm32f40_41xxx.o(.text)
    SPI2_IRQHandler                          0x08007323   Thumb Code     0  startup_stm32f40_41xxx.o(.text)
    SPI3_IRQHandler                          0x08007323   Thumb Code     0  startup_stm32f40_41xxx.o(.text)
    TAMP_STAMP_IRQHandler                    0x08007323   Thumb Code     0  startup_stm32f40_41xxx.o(.text)
    TIM1_BRK_TIM9_IRQHandler                 0x08007323   Thumb Code     0  startup_stm32f40_41xxx.o(.text)
    TIM1_CC_IRQHandler                       0x08007323   Thumb Code     0  startup_stm32f40_41xxx.o(.text)
    TIM1_TRG_COM_TIM11_IRQHandler            0x08007323   Thumb Code     0  startup_stm32f40_41xxx.o(.text)
    TIM1_UP_TIM10_IRQHandler                 0x08007323   Thumb Code     0  startup_stm32f40_41xxx.o(.text)
    TIM2_IRQHandler                          0x08007323   Thumb Code     0  startup_stm32f40_41xxx.o(.text)
    TIM5_IRQHandler                          0x08007323   Thumb Code     0  startup_stm32f40_41xxx.o(.text)
    TIM7_IRQHandler                          0x08007323   Thumb Code     0  startup_stm32f40_41xxx.o(.text)
    TIM8_BRK_TIM12_IRQHandler                0x08007323   Thumb Code     0  startup_stm32f40_41xxx.o(.text)
    TIM8_CC_IRQHandler                       0x08007323   Thumb Code     0  startup_stm32f40_41xxx.o(.text)
    TIM8_TRG_COM_TIM14_IRQHandler            0x08007323   Thumb Code     0  startup_stm32f40_41xxx.o(.text)
    TIM8_UP_TIM13_IRQHandler                 0x08007323   Thumb Code     0  startup_stm32f40_41xxx.o(.text)
    UART4_IRQHandler                         0x08007323   Thumb Code     0  startup_stm32f40_41xxx.o(.text)
    UART5_IRQHandler                         0x08007323   Thumb Code     0  startup_stm32f40_41xxx.o(.text)
    USART2_IRQHandler                        0x08007323   Thumb Code     0  startup_stm32f40_41xxx.o(.text)
    USART3_IRQHandler                        0x08007323   Thumb Code     0  startup_stm32f40_41xxx.o(.text)
    USART6_IRQHandler                        0x08007323   Thumb Code     0  startup_stm32f40_41xxx.o(.text)
    WWDG_IRQHandler                          0x08007323   Thumb Code     0  startup_stm32f40_41xxx.o(.text)
    __user_initial_stackheap                 0x08007325   Thumb Code     0  startup_stm32f40_41xxx.o(.text)
    NVIC_PriorityGroupConfig                 0x08007345   Thumb Code    10  misc.o(.text)
    NVIC_Init                                0x0800734f   Thumb Code    96  misc.o(.text)
    NVIC_SetVectorTable                      0x080073af   Thumb Code    14  misc.o(.text)
    NVIC_SystemLPConfig                      0x080073bd   Thumb Code    20  misc.o(.text)
    SysTick_CLKSourceConfig                  0x080073d1   Thumb Code    24  misc.o(.text)
    GPIO_DeInit                              0x080073f5   Thumb Code   216  stm32f4xx_gpio.o(.text)
    GPIO_Init                                0x080074cd   Thumb Code   120  stm32f4xx_gpio.o(.text)
    GPIO_StructInit                          0x08007545   Thumb Code    18  stm32f4xx_gpio.o(.text)
    GPIO_PinLockConfig                       0x08007557   Thumb Code    24  stm32f4xx_gpio.o(.text)
    GPIO_ReadInputDataBit                    0x0800756f   Thumb Code    14  stm32f4xx_gpio.o(.text)
    GPIO_ReadInputData                       0x0800757d   Thumb Code     6  stm32f4xx_gpio.o(.text)
    GPIO_ReadOutputDataBit                   0x08007583   Thumb Code    14  stm32f4xx_gpio.o(.text)
    GPIO_ReadOutputData                      0x08007591   Thumb Code     6  stm32f4xx_gpio.o(.text)
    GPIO_SetBits                             0x08007597   Thumb Code     4  stm32f4xx_gpio.o(.text)
    GPIO_ResetBits                           0x0800759b   Thumb Code     4  stm32f4xx_gpio.o(.text)
    GPIO_WriteBit                            0x0800759f   Thumb Code    10  stm32f4xx_gpio.o(.text)
    GPIO_Write                               0x080075a9   Thumb Code     4  stm32f4xx_gpio.o(.text)
    GPIO_ToggleBits                          0x080075ad   Thumb Code     8  stm32f4xx_gpio.o(.text)
    GPIO_PinAFConfig                         0x080075b5   Thumb Code    32  stm32f4xx_gpio.o(.text)
    FSMC_NORSRAMDeInit                       0x08007601   Thumb Code    38  stm32f4xx_fsmc.o(.text)
    FSMC_NORSRAMInit                         0x08007627   Thumb Code   200  stm32f4xx_fsmc.o(.text)
    FSMC_NORSRAMStructInit                   0x080076ef   Thumb Code    42  stm32f4xx_fsmc.o(.text)
    FSMC_NORSRAMCmd                          0x08007719   Thumb Code    26  stm32f4xx_fsmc.o(.text)
    FSMC_NANDDeInit                          0x08007733   Thumb Code    40  stm32f4xx_fsmc.o(.text)
    FSMC_NANDInit                            0x0800775b   Thumb Code   104  stm32f4xx_fsmc.o(.text)
    FSMC_NANDStructInit                      0x080077c3   Thumb Code    54  stm32f4xx_fsmc.o(.text)
    FSMC_NANDCmd                             0x080077f9   Thumb Code    54  stm32f4xx_fsmc.o(.text)
    FSMC_NANDECCCmd                          0x0800782f   Thumb Code    54  stm32f4xx_fsmc.o(.text)
    FSMC_GetECC                              0x08007865   Thumb Code    18  stm32f4xx_fsmc.o(.text)
    FSMC_PCCARDDeInit                        0x08007877   Thumb Code    26  stm32f4xx_fsmc.o(.text)
    FSMC_PCCARDInit                          0x08007891   Thumb Code   102  stm32f4xx_fsmc.o(.text)
    FSMC_PCCARDStructInit                    0x080078f7   Thumb Code    60  stm32f4xx_fsmc.o(.text)
    FSMC_PCCARDCmd                           0x08007933   Thumb Code    28  stm32f4xx_fsmc.o(.text)
    FSMC_ITConfig                            0x0800794f   Thumb Code    72  stm32f4xx_fsmc.o(.text)
    FSMC_GetFlagStatus                       0x08007997   Thumb Code    40  stm32f4xx_fsmc.o(.text)
    FSMC_ClearFlag                           0x080079bf   Thumb Code    38  stm32f4xx_fsmc.o(.text)
    FSMC_GetITStatus                         0x080079e5   Thumb Code    48  stm32f4xx_fsmc.o(.text)
    FSMC_ClearITPendingBit                   0x08007a15   Thumb Code    42  stm32f4xx_fsmc.o(.text)
    RCC_DeInit                               0x08007a49   Thumb Code    68  stm32f4xx_rcc.o(.text)
    RCC_HSEConfig                            0x08007a8d   Thumb Code    12  stm32f4xx_rcc.o(.text)
    RCC_GetFlagStatus                        0x08007a99   Thumb Code    46  stm32f4xx_rcc.o(.text)
    RCC_WaitForHSEStartUp                    0x08007ac7   Thumb Code    44  stm32f4xx_rcc.o(.text)
    RCC_AdjustHSICalibrationValue            0x08007af3   Thumb Code    16  stm32f4xx_rcc.o(.text)
    RCC_HSICmd                               0x08007b03   Thumb Code     6  stm32f4xx_rcc.o(.text)
    RCC_LSEConfig                            0x08007b09   Thumb Code    24  stm32f4xx_rcc.o(.text)
    RCC_LSICmd                               0x08007b21   Thumb Code     6  stm32f4xx_rcc.o(.text)
    RCC_PLLConfig                            0x08007b27   Thumb Code    32  stm32f4xx_rcc.o(.text)
    RCC_PLLCmd                               0x08007b47   Thumb Code     6  stm32f4xx_rcc.o(.text)
    RCC_PLLI2SConfig                         0x08007b4d   Thumb Code    14  stm32f4xx_rcc.o(.text)
    RCC_PLLI2SCmd                            0x08007b5b   Thumb Code     6  stm32f4xx_rcc.o(.text)
    RCC_PLLSAIConfig                         0x08007b61   Thumb Code    18  stm32f4xx_rcc.o(.text)
    RCC_PLLSAICmd                            0x08007b73   Thumb Code     6  stm32f4xx_rcc.o(.text)
    RCC_ClockSecuritySystemCmd               0x08007b79   Thumb Code     6  stm32f4xx_rcc.o(.text)
    RCC_MCO1Config                           0x08007b7f   Thumb Code    18  stm32f4xx_rcc.o(.text)
    RCC_MCO2Config                           0x08007b91   Thumb Code    18  stm32f4xx_rcc.o(.text)
    RCC_SYSCLKConfig                         0x08007ba3   Thumb Code    16  stm32f4xx_rcc.o(.text)
    RCC_GetSYSCLKSource                      0x08007bb3   Thumb Code    12  stm32f4xx_rcc.o(.text)
    RCC_HCLKConfig                           0x08007bbf   Thumb Code    16  stm32f4xx_rcc.o(.text)
    RCC_PCLK1Config                          0x08007bcf   Thumb Code    16  stm32f4xx_rcc.o(.text)
    RCC_PCLK2Config                          0x08007bdf   Thumb Code    18  stm32f4xx_rcc.o(.text)
    RCC_GetClocksFreq                        0x08007bf1   Thumb Code   134  stm32f4xx_rcc.o(.text)
    RCC_RTCCLKConfig                         0x08007c77   Thumb Code    42  stm32f4xx_rcc.o(.text)
    RCC_RTCCLKCmd                            0x08007ca1   Thumb Code     8  stm32f4xx_rcc.o(.text)
    RCC_BackupResetCmd                       0x08007ca9   Thumb Code     8  stm32f4xx_rcc.o(.text)
    RCC_I2SCLKConfig                         0x08007cb1   Thumb Code     8  stm32f4xx_rcc.o(.text)
    RCC_SAIPLLI2SClkDivConfig                0x08007cb9   Thumb Code    18  stm32f4xx_rcc.o(.text)
    RCC_SAIPLLSAIClkDivConfig                0x08007ccb   Thumb Code    24  stm32f4xx_rcc.o(.text)
    RCC_SAIBlockACLKConfig                   0x08007ce3   Thumb Code    16  stm32f4xx_rcc.o(.text)
    RCC_SAIBlockBCLKConfig                   0x08007cf3   Thumb Code    16  stm32f4xx_rcc.o(.text)
    RCC_LTDCCLKDivConfig                     0x08007d03   Thumb Code    16  stm32f4xx_rcc.o(.text)
    RCC_TIMCLKPresConfig                     0x08007d13   Thumb Code     8  stm32f4xx_rcc.o(.text)
    RCC_AHB1PeriphClockCmd                   0x08007d1b   Thumb Code    20  stm32f4xx_rcc.o(.text)
    RCC_AHB2PeriphClockCmd                   0x08007d2f   Thumb Code    20  stm32f4xx_rcc.o(.text)
    RCC_AHB3PeriphClockCmd                   0x08007d43   Thumb Code    20  stm32f4xx_rcc.o(.text)
    RCC_APB1PeriphClockCmd                   0x08007d57   Thumb Code    20  stm32f4xx_rcc.o(.text)
    RCC_APB2PeriphClockCmd                   0x08007d6b   Thumb Code    20  stm32f4xx_rcc.o(.text)
    RCC_AHB1PeriphResetCmd                   0x08007d7f   Thumb Code    20  stm32f4xx_rcc.o(.text)
    RCC_AHB2PeriphResetCmd                   0x08007d93   Thumb Code    20  stm32f4xx_rcc.o(.text)
    RCC_AHB3PeriphResetCmd                   0x08007da7   Thumb Code    20  stm32f4xx_rcc.o(.text)
    RCC_APB1PeriphResetCmd                   0x08007dbb   Thumb Code    20  stm32f4xx_rcc.o(.text)
    RCC_APB2PeriphResetCmd                   0x08007dcf   Thumb Code    20  stm32f4xx_rcc.o(.text)
    RCC_AHB1PeriphClockLPModeCmd             0x08007de3   Thumb Code    20  stm32f4xx_rcc.o(.text)
    RCC_AHB2PeriphClockLPModeCmd             0x08007df7   Thumb Code    20  stm32f4xx_rcc.o(.text)
    RCC_AHB3PeriphClockLPModeCmd             0x08007e0b   Thumb Code    20  stm32f4xx_rcc.o(.text)
    RCC_APB1PeriphClockLPModeCmd             0x08007e1f   Thumb Code    64  stm32f4xx_rcc.o(.text)
    RCC_APB2PeriphClockLPModeCmd             0x08007e5f   Thumb Code    18  stm32f4xx_rcc.o(.text)
    RCC_LSEModeConfig                        0x08007e71   Thumb Code    24  stm32f4xx_rcc.o(.text)
    RCC_ITConfig                             0x08007e89   Thumb Code    20  stm32f4xx_rcc.o(.text)
    RCC_ClearFlag                            0x08007e9d   Thumb Code    14  stm32f4xx_rcc.o(.text)
    RCC_GetITStatus                          0x08007eab   Thumb Code    18  stm32f4xx_rcc.o(.text)
    RCC_ClearITPendingBit                    0x08007ebd   Thumb Code     8  stm32f4xx_rcc.o(.text)
    USART_DeInit                             0x08007ec9   Thumb Code   138  stm32f4xx_usart.o(.text)
    USART_Init                               0x08007f53   Thumb Code   164  stm32f4xx_usart.o(.text)
    USART_StructInit                         0x08007ff7   Thumb Code    22  stm32f4xx_usart.o(.text)
    USART_ClockInit                          0x0800800d   Thumb Code    28  stm32f4xx_usart.o(.text)
    USART_ClockStructInit                    0x08008029   Thumb Code    12  stm32f4xx_usart.o(.text)
    USART_Cmd                                0x08008035   Thumb Code    20  stm32f4xx_usart.o(.text)
    USART_SetPrescaler                       0x08008049   Thumb Code    16  stm32f4xx_usart.o(.text)
    USART_OverSampling8Cmd                   0x08008059   Thumb Code    20  stm32f4xx_usart.o(.text)
    USART_OneBitMethodCmd                    0x0800806d   Thumb Code    20  stm32f4xx_usart.o(.text)
    USART_SendData                           0x08008081   Thumb Code     8  stm32f4xx_usart.o(.text)
    USART_ReceiveData                        0x08008089   Thumb Code     8  stm32f4xx_usart.o(.text)
    USART_SetAddress                         0x08008091   Thumb Code    16  stm32f4xx_usart.o(.text)
    USART_ReceiverWakeUpCmd                  0x080080a1   Thumb Code    20  stm32f4xx_usart.o(.text)
    USART_WakeUpConfig                       0x080080b5   Thumb Code    16  stm32f4xx_usart.o(.text)
    USART_LINBreakDetectLengthConfig         0x080080c5   Thumb Code    16  stm32f4xx_usart.o(.text)
    USART_LINCmd                             0x080080d5   Thumb Code    20  stm32f4xx_usart.o(.text)
    USART_SendBreak                          0x080080e9   Thumb Code    10  stm32f4xx_usart.o(.text)
    USART_HalfDuplexCmd                      0x080080f3   Thumb Code    20  stm32f4xx_usart.o(.text)
    USART_SetGuardTime                       0x08008107   Thumb Code    16  stm32f4xx_usart.o(.text)
    USART_SmartCardCmd                       0x08008117   Thumb Code    20  stm32f4xx_usart.o(.text)
    USART_SmartCardNACKCmd                   0x0800812b   Thumb Code    20  stm32f4xx_usart.o(.text)
    USART_IrDAConfig                         0x0800813f   Thumb Code    16  stm32f4xx_usart.o(.text)
    USART_IrDACmd                            0x0800814f   Thumb Code    20  stm32f4xx_usart.o(.text)
    USART_DMACmd                             0x08008163   Thumb Code    16  stm32f4xx_usart.o(.text)
    USART_ITConfig                           0x08008173   Thumb Code    48  stm32f4xx_usart.o(.text)
    USART_GetFlagStatus                      0x080081a3   Thumb Code    14  stm32f4xx_usart.o(.text)
    USART_ClearFlag                          0x080081b1   Thumb Code     6  stm32f4xx_usart.o(.text)
    USART_GetITStatus                        0x080081b7   Thumb Code    62  stm32f4xx_usart.o(.text)
    USART_ClearITPendingBit                  0x080081f5   Thumb Code    12  stm32f4xx_usart.o(.text)
    TIM_DeInit                               0x08008221   Thumb Code   284  stm32f4xx_tim.o(.text)
    TIM_TimeBaseInit                         0x0800833d   Thumb Code    96  stm32f4xx_tim.o(.text)
    TIM_TimeBaseStructInit                   0x0800839d   Thumb Code    18  stm32f4xx_tim.o(.text)
    TIM_PrescalerConfig                      0x080083af   Thumb Code     6  stm32f4xx_tim.o(.text)
    TIM_CounterModeConfig                    0x080083b5   Thumb Code    12  stm32f4xx_tim.o(.text)
    TIM_SetCounter                           0x080083c1   Thumb Code     4  stm32f4xx_tim.o(.text)
    TIM_SetAutoreload                        0x080083c5   Thumb Code     4  stm32f4xx_tim.o(.text)
    TIM_GetCounter                           0x080083c9   Thumb Code     4  stm32f4xx_tim.o(.text)
    TIM_GetPrescaler                         0x080083cd   Thumb Code     4  stm32f4xx_tim.o(.text)
    TIM_UpdateDisableConfig                  0x080083d1   Thumb Code    20  stm32f4xx_tim.o(.text)
    TIM_UpdateRequestConfig                  0x080083e5   Thumb Code    20  stm32f4xx_tim.o(.text)
    TIM_ARRPreloadConfig                     0x080083f9   Thumb Code    20  stm32f4xx_tim.o(.text)
    TIM_SelectOnePulseMode                   0x0800840d   Thumb Code    16  stm32f4xx_tim.o(.text)
    TIM_SetClockDivision                     0x0800841d   Thumb Code    16  stm32f4xx_tim.o(.text)
    TIM_Cmd                                  0x0800842d   Thumb Code    20  stm32f4xx_tim.o(.text)
    TIM_OC1Init                              0x08008441   Thumb Code    88  stm32f4xx_tim.o(.text)
    TIM_OC2Init                              0x08008499   Thumb Code   120  stm32f4xx_tim.o(.text)
    TIM_OC3Init                              0x08008511   Thumb Code   116  stm32f4xx_tim.o(.text)
    TIM_OC4Init                              0x08008585   Thumb Code    88  stm32f4xx_tim.o(.text)
    TIM_OCStructInit                         0x080085dd   Thumb Code    20  stm32f4xx_tim.o(.text)
    TIM_SelectOCxM                           0x080085f1   Thumb Code   130  stm32f4xx_tim.o(.text)
    TIM_SetCompare1                          0x08008673   Thumb Code     4  stm32f4xx_tim.o(.text)
    TIM_SetCompare2                          0x08008677   Thumb Code     4  stm32f4xx_tim.o(.text)
    TIM_SetCompare3                          0x0800867b   Thumb Code     4  stm32f4xx_tim.o(.text)
    TIM_SetCompare4                          0x0800867f   Thumb Code     4  stm32f4xx_tim.o(.text)
    TIM_ForcedOC1Config                      0x08008683   Thumb Code    12  stm32f4xx_tim.o(.text)
    TIM_ForcedOC2Config                      0x0800868f   Thumb Code    20  stm32f4xx_tim.o(.text)
    TIM_ForcedOC3Config                      0x080086a3   Thumb Code    12  stm32f4xx_tim.o(.text)
    TIM_ForcedOC4Config                      0x080086af   Thumb Code    20  stm32f4xx_tim.o(.text)
    TIM_OC1PreloadConfig                     0x080086c3   Thumb Code    12  stm32f4xx_tim.o(.text)
    TIM_OC2PreloadConfig                     0x080086cf   Thumb Code    20  stm32f4xx_tim.o(.text)
    TIM_OC3PreloadConfig                     0x080086e3   Thumb Code    12  stm32f4xx_tim.o(.text)
    TIM_OC4PreloadConfig                     0x080086ef   Thumb Code    20  stm32f4xx_tim.o(.text)
    TIM_OC1FastConfig                        0x08008703   Thumb Code    12  stm32f4xx_tim.o(.text)
    TIM_OC2FastConfig                        0x0800870f   Thumb Code    20  stm32f4xx_tim.o(.text)
    TIM_OC3FastConfig                        0x08008723   Thumb Code    12  stm32f4xx_tim.o(.text)
    TIM_OC4FastConfig                        0x0800872f   Thumb Code    20  stm32f4xx_tim.o(.text)
    TIM_ClearOC1Ref                          0x08008743   Thumb Code    12  stm32f4xx_tim.o(.text)
    TIM_ClearOC2Ref                          0x0800874f   Thumb Code    20  stm32f4xx_tim.o(.text)
    TIM_ClearOC3Ref                          0x08008763   Thumb Code    12  stm32f4xx_tim.o(.text)
    TIM_ClearOC4Ref                          0x0800876f   Thumb Code    20  stm32f4xx_tim.o(.text)
    TIM_OC1PolarityConfig                    0x08008783   Thumb Code    12  stm32f4xx_tim.o(.text)
    TIM_OC1NPolarityConfig                   0x0800878f   Thumb Code    12  stm32f4xx_tim.o(.text)
    TIM_OC2PolarityConfig                    0x0800879b   Thumb Code    20  stm32f4xx_tim.o(.text)
    TIM_OC2NPolarityConfig                   0x080087af   Thumb Code    20  stm32f4xx_tim.o(.text)
    TIM_OC3PolarityConfig                    0x080087c3   Thumb Code    20  stm32f4xx_tim.o(.text)
    TIM_OC3NPolarityConfig                   0x080087d7   Thumb Code    20  stm32f4xx_tim.o(.text)
    TIM_OC4PolarityConfig                    0x080087eb   Thumb Code    20  stm32f4xx_tim.o(.text)
    TIM_CCxCmd                               0x080087ff   Thumb Code    22  stm32f4xx_tim.o(.text)
    TIM_CCxNCmd                              0x08008815   Thumb Code    22  stm32f4xx_tim.o(.text)
    TIM_SetIC4Prescaler                      0x0800882b   Thumb Code    24  stm32f4xx_tim.o(.text)
    TIM_SetIC3Prescaler                      0x08008843   Thumb Code    16  stm32f4xx_tim.o(.text)
    TIM_SetIC2Prescaler                      0x08008853   Thumb Code    24  stm32f4xx_tim.o(.text)
    TIM_SetIC1Prescaler                      0x080088a1   Thumb Code    16  stm32f4xx_tim.o(.text)
    TIM_ICInit                               0x080088b1   Thumb Code   164  stm32f4xx_tim.o(.text)
    TIM_ICStructInit                         0x08008955   Thumb Code    16  stm32f4xx_tim.o(.text)
    TIM_PWMIConfig                           0x08008965   Thumb Code   104  stm32f4xx_tim.o(.text)
    TIM_GetCapture1                          0x080089cd   Thumb Code     4  stm32f4xx_tim.o(.text)
    TIM_GetCapture2                          0x080089d1   Thumb Code     4  stm32f4xx_tim.o(.text)
    TIM_GetCapture3                          0x080089d5   Thumb Code     4  stm32f4xx_tim.o(.text)
    TIM_GetCapture4                          0x080089d9   Thumb Code     4  stm32f4xx_tim.o(.text)
    TIM_BDTRConfig                           0x080089dd   Thumb Code    34  stm32f4xx_tim.o(.text)
    TIM_BDTRStructInit                       0x080089ff   Thumb Code    18  stm32f4xx_tim.o(.text)
    TIM_CtrlPWMOutputs                       0x08008a11   Thumb Code    22  stm32f4xx_tim.o(.text)
    TIM_SelectCOM                            0x08008a27   Thumb Code    20  stm32f4xx_tim.o(.text)
    TIM_CCPreloadControl                     0x08008a3b   Thumb Code    20  stm32f4xx_tim.o(.text)
    TIM_ITConfig                             0x08008a4f   Thumb Code    16  stm32f4xx_tim.o(.text)
    TIM_GenerateEvent                        0x08008a5f   Thumb Code     4  stm32f4xx_tim.o(.text)
    TIM_GetFlagStatus                        0x08008a63   Thumb Code    14  stm32f4xx_tim.o(.text)
    TIM_ClearFlag                            0x08008a71   Thumb Code     6  stm32f4xx_tim.o(.text)
    TIM_GetITStatus                          0x08008a77   Thumb Code    24  stm32f4xx_tim.o(.text)
    TIM_ClearITPendingBit                    0x08008a8f   Thumb Code     6  stm32f4xx_tim.o(.text)
    TIM_DMAConfig                            0x08008a95   Thumb Code     8  stm32f4xx_tim.o(.text)
    TIM_DMACmd                               0x08008a9d   Thumb Code    16  stm32f4xx_tim.o(.text)
    TIM_SelectCCDMA                          0x08008aad   Thumb Code    20  stm32f4xx_tim.o(.text)
    TIM_InternalClockConfig                  0x08008ac1   Thumb Code    10  stm32f4xx_tim.o(.text)
    TIM_SelectInputTrigger                   0x08008acb   Thumb Code    12  stm32f4xx_tim.o(.text)
    TIM_ITRxExternalClockConfig              0x08008ad7   Thumb Code    18  stm32f4xx_tim.o(.text)
    TIM_TIxExternalClockConfig               0x08008ae9   Thumb Code    46  stm32f4xx_tim.o(.text)
    TIM_ETRConfig                            0x08008b17   Thumb Code    24  stm32f4xx_tim.o(.text)
    TIM_ETRClockMode1Config                  0x08008b2f   Thumb Code    18  stm32f4xx_tim.o(.text)
    TIM_ETRClockMode2Config                  0x08008b41   Thumb Code    18  stm32f4xx_tim.o(.text)
    TIM_SelectOutputTrigger                  0x08008b53   Thumb Code    16  stm32f4xx_tim.o(.text)
    TIM_SelectSlaveMode                      0x08008b63   Thumb Code    16  stm32f4xx_tim.o(.text)
    TIM_SelectMasterSlaveMode                0x08008b73   Thumb Code    16  stm32f4xx_tim.o(.text)
    TIM_EncoderInterfaceConfig               0x08008b83   Thumb Code    50  stm32f4xx_tim.o(.text)
    TIM_SelectHallSensor                     0x08008bb5   Thumb Code    20  stm32f4xx_tim.o(.text)
    TIM_RemapConfig                          0x08008bc9   Thumb Code     6  stm32f4xx_tim.o(.text)
    SPI_I2S_DeInit                           0x08008bfd   Thumb Code   108  stm32f4xx_spi.o(.text)
    SPI_Init                                 0x08008c69   Thumb Code    56  stm32f4xx_spi.o(.text)
    I2S_Init                                 0x08008ca1   Thumb Code   198  stm32f4xx_spi.o(.text)
    SPI_StructInit                           0x08008d67   Thumb Code    24  stm32f4xx_spi.o(.text)
    I2S_StructInit                           0x08008d7f   Thumb Code    18  stm32f4xx_spi.o(.text)
    SPI_Cmd                                  0x08008d91   Thumb Code    20  stm32f4xx_spi.o(.text)
    I2S_Cmd                                  0x08008da5   Thumb Code    20  stm32f4xx_spi.o(.text)
    SPI_DataSizeConfig                       0x08008db9   Thumb Code    16  stm32f4xx_spi.o(.text)
    SPI_BiDirectionalLineConfig              0x08008dc9   Thumb Code    22  stm32f4xx_spi.o(.text)
    SPI_NSSInternalSoftwareConfig            0x08008ddf   Thumb Code    24  stm32f4xx_spi.o(.text)
    SPI_SSOutputCmd                          0x08008df7   Thumb Code    20  stm32f4xx_spi.o(.text)
    SPI_TIModeCmd                            0x08008e0b   Thumb Code    20  stm32f4xx_spi.o(.text)
    I2S_FullDuplexConfig                     0x08008e1f   Thumb Code    58  stm32f4xx_spi.o(.text)
    SPI_I2S_ReceiveData                      0x08008e59   Thumb Code     4  stm32f4xx_spi.o(.text)
    SPI_I2S_SendData                         0x08008e5d   Thumb Code     4  stm32f4xx_spi.o(.text)
    SPI_CalculateCRC                         0x08008e61   Thumb Code    20  stm32f4xx_spi.o(.text)
    SPI_TransmitCRC                          0x08008e75   Thumb Code    10  stm32f4xx_spi.o(.text)
    SPI_GetCRC                               0x08008e7f   Thumb Code    12  stm32f4xx_spi.o(.text)
    SPI_GetCRCPolynomial                     0x08008e8b   Thumb Code     4  stm32f4xx_spi.o(.text)
    SPI_I2S_DMACmd                           0x08008e8f   Thumb Code    16  stm32f4xx_spi.o(.text)
    SPI_I2S_ITConfig                         0x08008e9f   Thumb Code    24  stm32f4xx_spi.o(.text)
    SPI_I2S_GetFlagStatus                    0x08008eb7   Thumb Code    14  stm32f4xx_spi.o(.text)
    SPI_I2S_ClearFlag                        0x08008ec5   Thumb Code     6  stm32f4xx_spi.o(.text)
    SPI_I2S_GetITStatus                      0x08008ecb   Thumb Code    44  stm32f4xx_spi.o(.text)
    SPI_I2S_ClearITPendingBit                0x08008ef7   Thumb Code    14  stm32f4xx_spi.o(.text)
    SDIO_DeInit                              0x08008f29   Thumb Code    24  stm32f4xx_sdio.o(.text)
    SDIO_Init                                0x08008f41   Thumb Code    40  stm32f4xx_sdio.o(.text)
    SDIO_StructInit                          0x08008f69   Thumb Code    16  stm32f4xx_sdio.o(.text)
    SDIO_ClockCmd                            0x08008f79   Thumb Code     8  stm32f4xx_sdio.o(.text)
    SDIO_SetPowerState                       0x08008f81   Thumb Code     8  stm32f4xx_sdio.o(.text)
    SDIO_GetPowerState                       0x08008f89   Thumb Code    12  stm32f4xx_sdio.o(.text)
    SDIO_SendCommand                         0x08008f95   Thumb Code    38  stm32f4xx_sdio.o(.text)
    SDIO_CmdStructInit                       0x08008fbb   Thumb Code    14  stm32f4xx_sdio.o(.text)
    SDIO_GetCommandResponse                  0x08008fc9   Thumb Code    10  stm32f4xx_sdio.o(.text)
    SDIO_GetResponse                         0x08008fd3   Thumb Code    14  stm32f4xx_sdio.o(.text)
    SDIO_DataConfig                          0x08008fe1   Thumb Code    44  stm32f4xx_sdio.o(.text)
    SDIO_DataStructInit                      0x0800900d   Thumb Code    20  stm32f4xx_sdio.o(.text)
    SDIO_GetDataCounter                      0x08009021   Thumb Code     8  stm32f4xx_sdio.o(.text)
    SDIO_ReadData                            0x08009029   Thumb Code     8  stm32f4xx_sdio.o(.text)
    SDIO_WriteData                           0x08009031   Thumb Code     8  stm32f4xx_sdio.o(.text)
    SDIO_GetFIFOCount                        0x08009039   Thumb Code     8  stm32f4xx_sdio.o(.text)
    SDIO_StartSDIOReadWait                   0x08009041   Thumb Code     6  stm32f4xx_sdio.o(.text)
    SDIO_StopSDIOReadWait                    0x08009047   Thumb Code     8  stm32f4xx_sdio.o(.text)
    SDIO_SetSDIOReadWaitMode                 0x0800904f   Thumb Code     8  stm32f4xx_sdio.o(.text)
    SDIO_SetSDIOOperation                    0x08009057   Thumb Code     8  stm32f4xx_sdio.o(.text)
    SDIO_SendSDIOSuspendCmd                  0x0800905f   Thumb Code     8  stm32f4xx_sdio.o(.text)
    SDIO_CommandCompletionCmd                0x08009067   Thumb Code     8  stm32f4xx_sdio.o(.text)
    SDIO_CEATAITCmd                          0x0800906f   Thumb Code    12  stm32f4xx_sdio.o(.text)
    SDIO_SendCEATACmd                        0x0800907b   Thumb Code     8  stm32f4xx_sdio.o(.text)
    SDIO_DMACmd                              0x08009083   Thumb Code     8  stm32f4xx_sdio.o(.text)
    SDIO_ITConfig                            0x0800908b   Thumb Code    20  stm32f4xx_sdio.o(.text)
    SDIO_GetFlagStatus                       0x0800909f   Thumb Code    18  stm32f4xx_sdio.o(.text)
    SDIO_ClearFlag                           0x080090b1   Thumb Code     8  stm32f4xx_sdio.o(.text)
    SDIO_GetITStatus                         0x080090b9   Thumb Code    18  stm32f4xx_sdio.o(.text)
    SDIO_ClearITPendingBit                   0x080090cb   Thumb Code     8  stm32f4xx_sdio.o(.text)
    DMA_DeInit                               0x080090e1   Thumb Code   272  stm32f4xx_dma.o(.text)
    DMA_Init                                 0x080091f1   Thumb Code    80  stm32f4xx_dma.o(.text)
    DMA_StructInit                           0x08009241   Thumb Code    34  stm32f4xx_dma.o(.text)
    DMA_Cmd                                  0x08009263   Thumb Code    20  stm32f4xx_dma.o(.text)
    DMA_PeriphIncOffsetSizeConfig            0x08009277   Thumb Code    20  stm32f4xx_dma.o(.text)
    DMA_FlowControllerConfig                 0x0800928b   Thumb Code    20  stm32f4xx_dma.o(.text)
    DMA_SetCurrDataCounter                   0x0800929f   Thumb Code     4  stm32f4xx_dma.o(.text)
    DMA_GetCurrDataCounter                   0x080092a3   Thumb Code     6  stm32f4xx_dma.o(.text)
    DMA_DoubleBufferModeConfig               0x080092a9   Thumb Code    22  stm32f4xx_dma.o(.text)
    DMA_DoubleBufferModeCmd                  0x080092bf   Thumb Code    20  stm32f4xx_dma.o(.text)
    DMA_MemoryTargetConfig                   0x080092d3   Thumb Code    10  stm32f4xx_dma.o(.text)
    DMA_GetCurrentMemoryTarget               0x080092dd   Thumb Code    14  stm32f4xx_dma.o(.text)
    DMA_GetCmdStatus                         0x080092eb   Thumb Code    14  stm32f4xx_dma.o(.text)
    DMA_GetFIFOStatus                        0x080092f9   Thumb Code     8  stm32f4xx_dma.o(.text)
    DMA_GetFlagStatus                        0x08009301   Thumb Code    42  stm32f4xx_dma.o(.text)
    DMA_ClearFlag                            0x0800932b   Thumb Code    34  stm32f4xx_dma.o(.text)
    DMA_ITConfig                             0x0800934d   Thumb Code    44  stm32f4xx_dma.o(.text)
    DMA_GetITStatus                          0x08009379   Thumb Code    70  stm32f4xx_dma.o(.text)
    DMA_ClearITPendingBit                    0x080093bf   Thumb Code    34  stm32f4xx_dma.o(.text)
    mymemcpy                                 0x08009401   Thumb Code    16  malloc.o(.text)
    mymemset                                 0x08009411   Thumb Code    12  malloc.o(.text)
    my_mem_init                              0x0800941d   Thumb Code    52  malloc.o(.text)
    my_mem_perused                           0x08009451   Thumb Code    48  malloc.o(.text)
    my_mem_malloc                            0x08009481   Thumb Code   132  malloc.o(.text)
    my_mem_free                              0x08009505   Thumb Code    82  malloc.o(.text)
    myfree                                   0x08009557   Thumb Code    18  malloc.o(.text)
    mymalloc                                 0x08009569   Thumb Code    28  malloc.o(.text)
    myrealloc                                0x08009585   Thumb Code    54  malloc.o(.text)
    usmart_sys_cmd_exe                       0x080095c5   Thumb Code  1442  usmart.o(.text)
    usmart_reset_runtime                     0x08009b67   Thumb Code    40  usmart.o(.text)
    usmart_get_runtime                       0x08009b8f   Thumb Code    48  usmart.o(.text)
    TIM4_IRQHandler                          0x08009bbf   Thumb Code    50  usmart.o(.text)
    Timer4_Init                              0x08009bf1   Thumb Code    88  usmart.o(.text)
    usmart_init                              0x08009c49   Thumb Code    36  usmart.o(.text)
    usmart_cmd_rec                           0x08009c6d   Thumb Code   144  usmart.o(.text)
    usmart_exe                               0x08009cfd   Thumb Code   768  usmart.o(.text)
    usmart_scan                              0x08009ffd   Thumb Code    92  usmart.o(.text)
    read_addr                                0x0800a059   Thumb Code     4  usmart.o(.text)
    write_addr                               0x0800a05d   Thumb Code     4  usmart.o(.text)
    usmart_strcmp                            0x0800a0d9   Thumb Code    24  usmart_str.o(.text)
    usmart_strcopy                           0x0800a0f1   Thumb Code    18  usmart_str.o(.text)
    usmart_strlen                            0x0800a103   Thumb Code    18  usmart_str.o(.text)
    usmart_pow                               0x0800a115   Thumb Code    16  usmart_str.o(.text)
    usmart_str2num                           0x0800a125   Thumb Code   158  usmart_str.o(.text)
    usmart_get_cmdname                       0x0800a1c3   Thumb Code    46  usmart_str.o(.text)
    usmart_search_nextc                      0x0800a1f1   Thumb Code    16  usmart_str.o(.text)
    usmart_get_fname                         0x0800a201   Thumb Code   356  usmart_str.o(.text)
    usmart_get_aparm                         0x0800a365   Thumb Code   156  usmart_str.o(.text)
    usmart_get_parmpos                       0x0800a401   Thumb Code    30  usmart_str.o(.text)
    usmart_get_fparam                        0x0800a41f   Thumb Code   206  usmart_str.o(.text)
    disk_initialize                          0x0800a4f9   Thumb Code    36  diskio.o(.text)
    disk_status                              0x0800a51d   Thumb Code     4  diskio.o(.text)
    disk_read                                0x0800a521   Thumb Code    76  diskio.o(.text)
    disk_write                               0x0800a56d   Thumb Code    74  diskio.o(.text)
    disk_ioctl                               0x0800a5b7   Thumb Code   106  diskio.o(.text)
    get_fattime                              0x0800a621   Thumb Code     4  diskio.o(.text)
    ff_memalloc                              0x0800a625   Thumb Code     8  diskio.o(.text)
    ff_memfree                               0x0800a62d   Thumb Code     8  diskio.o(.text)
    clust2sect                               0x0800a76b   Thumb Code    24  ff.o(.text)
    get_fat                                  0x0800a783   Thumb Code   180  ff.o(.text)
    put_fat                                  0x0800a837   Thumb Code   248  ff.o(.text)
    dir_sdi                                  0x0800aa4f   Thumb Code   124  ff.o(.text)
    f_mount                                  0x0800b5f9   Thumb Code    72  ff.o(.text)
    f_open                                   0x0800b641   Thumb Code   344  ff.o(.text)
    f_read                                   0x0800b799   Thumb Code   328  ff.o(.text)
    f_write                                  0x0800b8e1   Thumb Code   400  ff.o(.text)
    f_sync                                   0x0800ba71   Thumb Code   152  ff.o(.text)
    f_close                                  0x0800bb09   Thumb Code    28  ff.o(.text)
    f_lseek                                  0x0800bb25   Thumb Code   510  ff.o(.text)
    f_opendir                                0x0800bd23   Thumb Code   128  ff.o(.text)
    f_closedir                               0x0800bda3   Thumb Code    18  ff.o(.text)
    f_readdir                                0x0800bdb5   Thumb Code   116  ff.o(.text)
    f_stat                                   0x0800be29   Thumb Code    86  ff.o(.text)
    f_getfree                                0x0800be7f   Thumb Code   192  ff.o(.text)
    f_truncate                               0x0800bf3f   Thumb Code   176  ff.o(.text)
    f_unlink                                 0x0800bfef   Thumb Code   190  ff.o(.text)
    f_mkdir                                  0x0800c0ad   Thumb Code   384  ff.o(.text)
    f_chmod                                  0x0800c22d   Thumb Code   106  ff.o(.text)
    f_utime                                  0x0800c297   Thumb Code   108  ff.o(.text)
    f_rename                                 0x0800c303   Thumb Code   292  ff.o(.text)
    f_getlabel                               0x0800c427   Thumb Code   142  ff.o(.text)
    f_setlabel                               0x0800c4b5   Thumb Code   346  ff.o(.text)
    f_mkfs                                   0x0800c60f   Thumb Code  1314  ff.o(.text)
    f_gets                                   0x0800cb31   Thumb Code    68  ff.o(.text)
    f_putc                                   0x0800cbaf   Thumb Code    60  ff.o(.text)
    f_puts                                   0x0800cbeb   Thumb Code    70  ff.o(.text)
    f_printf                                 0x0800cc31   Thumb Code   510  ff.o(.text)
    exfuns_init                              0x0800cf25   Thumb Code    92  exfuns.o(.text)
    char_upper                               0x0800cf81   Thumb Code    14  exfuns.o(.text)
    f_typetell                               0x0800cf8f   Thumb Code   130  exfuns.o(.text)
    exf_getfree                              0x0800d011   Thumb Code    46  exfuns.o(.text)
    ff_convert                               0x0800d04d   Thumb Code   106  mycc936.o(.text)
    ff_wtoupper                              0x0800d0b7   Thumb Code    28  mycc936.o(.text)
    fupd_prog                                0x0800d0e1   Thumb Code   120  fontupd.o(.text)
    updata_fontx                             0x0800d159   Thumb Code   232  fontupd.o(.text)
    update_font                              0x0800d241   Thumb Code   660  fontupd.o(.text)
    font_init                                0x0800d4d5   Thumb Code   198  fontupd.o(.text)
    Get_HzMat                                0x0800d59d   Thumb Code   136  text.o(.text)
    Show_Font                                0x0800d625   Thumb Code   156  text.o(.text)
    Show_Str                                 0x0800d6c1   Thumb Code   172  text.o(.text)
    Show_Str_Mid                             0x0800d76d   Thumb Code    82  text.o(.text)
    time_init                                0x0800d7d1   Thumb Code   240  pwm.o(.text)
    gpio_init                                0x0800d8cd   Thumb Code    74  stepmotor.o(.text)
    Turn_around1                             0x0800d917   Thumb Code    88  stepmotor.o(.text)
    Turn_around2                             0x0800d96f   Thumb Code    88  stepmotor.o(.text)
    garbage_ret                              0x0800d9c7   Thumb Code    68  stepmotor.o(.text)
    end_ret                                  0x0800da0b   Thumb Code     8  stepmotor.o(.text)
    dis                                      0x0800da1d   Thumb Code   156  dispaly.o(.text)
    Display                                  0x0800dab9   Thumb Code   586  dispaly.o(.text)
    __use_no_semihosting                     0x0800de05   Thumb Code     2  use_no_semi_2.o(.text)
    __aeabi_ldivmod                          0x0800de07   Thumb Code     0  llsdiv.o(.text)
    _ll_sdiv                                 0x0800de07   Thumb Code    72  llsdiv.o(.text)
    __2printf                                0x0800de51   Thumb Code    20  noretval__2printf.o(.text)
    _printf_pre_padding                      0x0800de69   Thumb Code    44  _printf_pad.o(.text)
    _printf_post_padding                     0x0800de95   Thumb Code    34  _printf_pad.o(.text)
    _printf_str                              0x0800deb7   Thumb Code    82  _printf_str.o(.text)
    _printf_int_dec                          0x0800df09   Thumb Code   104  _printf_dec.o(.text)
    _printf_longlong_hex                     0x0800df81   Thumb Code    78  _printf_hex_int_ptr.o(.text)
    _printf_int_hex                          0x0800dfcf   Thumb Code    26  _printf_hex_int_ptr.o(.text)
    _printf_hex_ptr                          0x0800dfe9   Thumb Code    16  _printf_hex_int_ptr.o(.text)
    __printf                                 0x0800dffd   Thumb Code   388  __printf_flags_ss_wp.o(.text)
    strcpy                                   0x0800e185   Thumb Code    72  strcpy.o(.text)
    strlen                                   0x0800e1cd   Thumb Code    62  strlen.o(.text)
    strcat                                   0x0800e20b   Thumb Code    24  strcat.o(.text)
    __aeabi_memcpy                           0x0800e223   Thumb Code     0  rt_memcpy_v6.o(.text)
    __rt_memcpy                              0x0800e223   Thumb Code   138  rt_memcpy_v6.o(.text)
    _memcpy_lastbytes                        0x0800e289   Thumb Code     0  rt_memcpy_v6.o(.text)
    __aeabi_memcpy4                          0x0800e2ad   Thumb Code     0  rt_memcpy_w.o(.text)
    __aeabi_memcpy8                          0x0800e2ad   Thumb Code     0  rt_memcpy_w.o(.text)
    __rt_memcpy_w                            0x0800e2ad   Thumb Code   100  rt_memcpy_w.o(.text)
    _memcpy_lastbytes_aligned                0x0800e2f5   Thumb Code     0  rt_memcpy_w.o(.text)
    strcmp                                   0x0800e311   Thumb Code   128  strcmpv7m.o(.text)
    __use_two_region_memory                  0x0800e391   Thumb Code     2  heapauxi.o(.text)
    __rt_heap_escrow$2region                 0x0800e393   Thumb Code     2  heapauxi.o(.text)
    __rt_heap_expand$2region                 0x0800e395   Thumb Code     2  heapauxi.o(.text)
    __I$use$semihosting                      0x0800e397   Thumb Code     0  use_no_semi.o(.text)
    __use_no_semihosting_swi                 0x0800e397   Thumb Code     2  use_no_semi.o(.text)
    __aeabi_uldivmod                         0x0800e399   Thumb Code     0  lludivv7m.o(.text)
    _ll_udiv                                 0x0800e399   Thumb Code   238  lludivv7m.o(.text)
    _printf_int_common                       0x0800e487   Thumb Code   178  _printf_intcommon.o(.text)
    _printf_char_common                      0x0800e543   Thumb Code    32  _printf_char_common.o(.text)
    _printf_cs_common                        0x0800e569   Thumb Code    20  _printf_char.o(.text)
    _printf_char                             0x0800e57d   Thumb Code    16  _printf_char.o(.text)
    _printf_string                           0x0800e58d   Thumb Code     8  _printf_char.o(.text)
    _printf_char_file                        0x0800e595   Thumb Code    32  _printf_char_file.o(.text)
    ferror                                   0x0800e5b9   Thumb Code     8  ferror.o(.text)
    __user_setup_stackheap                   0x0800e5c1   Thumb Code    74  sys_stackheap_outer.o(.text)
    exit                                     0x0800e60b   Thumb Code    12  exit.o(.text)
    __user_libspace                          0x0800e619   Thumb Code     8  libspace.o(.text)
    __user_perproc_libspace                  0x0800e619   Thumb Code     0  libspace.o(.text)
    __user_perthread_libspace                0x0800e619   Thumb Code     0  libspace.o(.text)
    _is_digit                                0x0800e621   Thumb Code    14  __printf_wp.o(i._is_digit)
    __aeabi_d2uiz                            0x0800e631   Thumb Code     0  dfixu.o(x$fpl$dfixu)
    _dfixu                                   0x0800e631   Thumb Code    90  dfixu.o(x$fpl$dfixu)
    __aeabi_ui2d                             0x0800e68b   Thumb Code     0  dflt_clz.o(x$fpl$dfltu)
    _dfltu                                   0x0800e68b   Thumb Code    38  dflt_clz.o(x$fpl$dfltu)
    __aeabi_dmul                             0x0800e6b1   Thumb Code     0  dmul.o(x$fpl$dmul)
    _dmul                                    0x0800e6b1   Thumb Code   332  dmul.o(x$fpl$dmul)
    __fpl_dnaninf                            0x0800e805   Thumb Code   156  dnaninf.o(x$fpl$dnaninf)
    __fpl_dretinf                            0x0800e8a1   Thumb Code    12  dretinf.o(x$fpl$dretinf)
    _fp_init                                 0x0800e8ad   Thumb Code    10  fpinit.o(x$fpl$fpinit)
    __fplib_config_fpu_vfp                   0x0800e8b5   Thumb Code     0  fpinit.o(x$fpl$fpinit)
    __fplib_config_pureend_doubles           0x0800e8b5   Thumb Code     0  fpinit.o(x$fpl$fpinit)
    __I$use$fp                               0x0800e8b6   Number         0  usenofp.o(x$fpl$usenofp)
    asc2_1206                                0x0800e8b6   Data        1140  lcd.o(.constdata)
    asc2_1608                                0x0800ed2a   Data        1520  lcd.o(.constdata)
    asc2_2412                                0x0800f31a   Data        3420  lcd.o(.constdata)
    I2S_PSC_TBL                              0x08010076   Data         110  i2s.o(.constdata)
    FSMC_DefaultTimingStruct                 0x080100e4   Data          28  stm32f4xx_fsmc.o(.constdata)
    memtblsize                               0x08010100   Data          12  malloc.o(.constdata)
    memblksize                               0x0801010c   Data          12  malloc.o(.constdata)
    memsize                                  0x08010118   Data          12  malloc.o(.constdata)
    FILE_TYPE_TBL                            0x08010160   Data         112  exfuns.o(.constdata)
    GBK24_PATH                               0x08010590   Data           4  fontupd.o(.constdata)
    GBK16_PATH                               0x08010594   Data           4  fontupd.o(.constdata)
    GBK12_PATH                               0x08010598   Data           4  fontupd.o(.constdata)
    UNIGBK_PATH                              0x0801059c   Data           4  fontupd.o(.constdata)
    Region$$Table$$Base                      0x080108a4   Number         0  anon$$obj.o(Region$$Table)
    Region$$Table$$Limit                     0x080108c4   Number         0  anon$$obj.o(Region$$Table)
    mem3base                                 0x10000000   Data       61440  malloc.o(.ARM.__AT_0x10000000)
    mem3mapbase                              0x1000f000   Data        3840  malloc.o(.ARM.__AT_0x1000F000)
    count                                    0x20000000   Data           1  main.o(.data)
    SystemCoreClock                          0x20000004   Data           4  system_stm32f4xx.o(.data)
    AHBPrescTable                            0x20000008   Data          16  system_stm32f4xx.o(.data)
    POINT_COLOR                              0x20000018   Data           2  lcd.o(.data)
    BACK_COLOR                               0x2000001a   Data           2  lcd.o(.data)
    W25QXX_TYPE                              0x2000001e   Data           2  w25qxx.o(.data)
    TransferError                            0x20000023   Data           1  sdio_sdcard.o(.data)
    TransferEnd                              0x20000024   Data           1  sdio_sdcard.o(.data)
    tempbuff                                 0x2000002c   Data           4  sdio_sdcard.o(.data)
    i2s_tx_callback                          0x20000030   Data           4  i2s.o(.data)
    i2s_rx_callback                          0x20000034   Data           4  i2s.o(.data)
    frameup                                  0x200000ac   Data           1  timer.o(.data)
    frame                                    0x200000ae   Data           2  timer.o(.data)
    USART_RX_STA                             0x200000b4   Data           2  usart.o(.data)
    __stdout                                 0x200000b8   Data           4  usart.o(.data)
    mallco_dev                               0x200000cc   Data          36  malloc.o(.data)
    sys_cmd_tab                              0x200000f0   Data          28  usmart.o(.data)
    usmart_nametab                           0x2000010c   Data         120  usmart_config.o(.data)
    usmart_dev                               0x20000184   Data         244  usmart_config.o(.data)
    FLASH_SECTOR_COUNT                       0x20000278   Data           2  diskio.o(.data)
    file                                     0x2000027c   Data           4  exfuns.o(.data)
    ftemp                                    0x20000280   Data           4  exfuns.o(.data)
    fatbuf                                   0x20000284   Data           4  exfuns.o(.data)
    lcddev                                   0x20000288   Data          14  lcd.o(.bss)
    W25QXX_BUFFER                            0x20000296   Data        4096  w25qxx.o(.bss)
    SDIO_InitStructure                       0x20001298   Data          24  sdio_sdcard.o(.bss)
    SDIO_CmdInitStructure                    0x200012b0   Data          20  sdio_sdcard.o(.bss)
    SDIO_DataInitStructure                   0x200012c4   Data          24  sdio_sdcard.o(.bss)
    SDCardInfo                               0x20001300   Data          88  sdio_sdcard.o(.bss)
    SDIO_DATA_BUFFER                         0x20001358   Data         512  sdio_sdcard.o(.bss)
    USART_RX_BUF                             0x20001558   Data         200  usart.o(.bss)
    mem1base                                 0x20001620   Data       102400  malloc.o(.bss)
    mem1mapbase                              0x2001a620   Data        6400  malloc.o(.bss)
    fs                                       0x2001bf2c   Data          12  exfuns.o(.bss)
    ftinfo                                   0x2001bf38   Data          33  fontupd.o(.bss)
    __libspace_start                         0x2001bf5c   Data          96  libspace.o(.bss)
    __temporary_stack_top$libspace           0x2001bfbc   Data           0  libspace.o(.bss)
    mem2base                                 0x68000000   Data       983040  malloc.o(.ARM.__AT_0x68000000)
    mem2mapbase                              0x680f0000   Data       61440  malloc.o(.ARM.__AT_0x680F0000)



==============================================================================

Memory Map of the image

  Image Entry point : 0x08000189

  Load Region LR_IROM1 (Base: 0x08000000, Size: 0x00010b4c, Max: 0x00100000, ABSOLUTE, COMPRESSED[0x000109c0])

    Execution Region ER_IROM1 (Base: 0x08000000, Size: 0x000108c4, Max: 0x00100000, ABSOLUTE)

    Base Addr    Size         Type   Attr      Idx    E Section Name        Object

    0x08000000   0x00000188   Data   RO          661    RESET               startup_stm32f40_41xxx.o
    0x08000188   0x00000008   Code   RO         2182  * !!!main             c_w.l(__main.o)
    0x08000190   0x00000034   Code   RO         2419    !!!scatter          c_w.l(__scatter.o)
    0x080001c4   0x0000005a   Code   RO         2417    !!dczerorl2         c_w.l(__dczerorl2.o)
    0x0800021e   0x00000002   PAD
    0x08000220   0x0000001c   Code   RO         2421    !!handler_zi        c_w.l(__scatter_zi.o)
    0x0800023c   0x00000000   Code   RO         2152    .ARM.Collect$$_printf_percent$$00000000  c_w.l(_printf_percent.o)
    0x0800023c   0x00000006   Code   RO         2150    .ARM.Collect$$_printf_percent$$00000009  c_w.l(_printf_d.o)
    0x08000242   0x00000006   Code   RO         2151    .ARM.Collect$$_printf_percent$$0000000A  c_w.l(_printf_u.o)
    0x08000248   0x00000006   Code   RO         2146    .ARM.Collect$$_printf_percent$$0000000C  c_w.l(_printf_x.o)
    0x0800024e   0x00000006   Code   RO         2143    .ARM.Collect$$_printf_percent$$00000013  c_w.l(_printf_c.o)
    0x08000254   0x00000006   Code   RO         2144    .ARM.Collect$$_printf_percent$$00000014  c_w.l(_printf_s.o)
    0x0800025a   0x00000004   Code   RO         2221    .ARM.Collect$$_printf_percent$$00000017  c_w.l(_printf_percent_end.o)
    0x0800025e   0x00000002   Code   RO         2288    .ARM.Collect$$libinit$$00000000  c_w.l(libinit.o)
    0x08000260   0x00000004   Code   RO         2298    .ARM.Collect$$libinit$$00000001  c_w.l(libinit2.o)
    0x08000264   0x00000000   Code   RO         2301    .ARM.Collect$$libinit$$00000004  c_w.l(libinit2.o)
    0x08000264   0x00000000   Code   RO         2304    .ARM.Collect$$libinit$$0000000A  c_w.l(libinit2.o)
    0x08000264   0x00000000   Code   RO         2306    .ARM.Collect$$libinit$$0000000C  c_w.l(libinit2.o)
    0x08000264   0x00000000   Code   RO         2308    .ARM.Collect$$libinit$$0000000E  c_w.l(libinit2.o)
    0x08000264   0x00000000   Code   RO         2311    .ARM.Collect$$libinit$$00000011  c_w.l(libinit2.o)
    0x08000264   0x00000000   Code   RO         2313    .ARM.Collect$$libinit$$00000013  c_w.l(libinit2.o)
    0x08000264   0x00000000   Code   RO         2315    .ARM.Collect$$libinit$$00000015  c_w.l(libinit2.o)
    0x08000264   0x00000000   Code   RO         2317    .ARM.Collect$$libinit$$00000017  c_w.l(libinit2.o)
    0x08000264   0x00000000   Code   RO         2319    .ARM.Collect$$libinit$$00000019  c_w.l(libinit2.o)
    0x08000264   0x00000000   Code   RO         2321    .ARM.Collect$$libinit$$0000001B  c_w.l(libinit2.o)
    0x08000264   0x00000000   Code   RO         2323    .ARM.Collect$$libinit$$0000001D  c_w.l(libinit2.o)
    0x08000264   0x00000000   Code   RO         2325    .ARM.Collect$$libinit$$0000001F  c_w.l(libinit2.o)
    0x08000264   0x00000000   Code   RO         2327    .ARM.Collect$$libinit$$00000021  c_w.l(libinit2.o)
    0x08000264   0x00000000   Code   RO         2329    .ARM.Collect$$libinit$$00000023  c_w.l(libinit2.o)
    0x08000264   0x00000000   Code   RO         2331    .ARM.Collect$$libinit$$00000025  c_w.l(libinit2.o)
    0x08000264   0x00000000   Code   RO         2335    .ARM.Collect$$libinit$$0000002C  c_w.l(libinit2.o)
    0x08000264   0x00000000   Code   RO         2337    .ARM.Collect$$libinit$$0000002E  c_w.l(libinit2.o)
    0x08000264   0x00000000   Code   RO         2339    .ARM.Collect$$libinit$$00000030  c_w.l(libinit2.o)
    0x08000264   0x00000000   Code   RO         2341    .ARM.Collect$$libinit$$00000032  c_w.l(libinit2.o)
    0x08000264   0x00000002   Code   RO         2342    .ARM.Collect$$libinit$$00000033  c_w.l(libinit2.o)
    0x08000266   0x00000002   Code   RO         2370    .ARM.Collect$$libshutdown$$00000000  c_w.l(libshutdown.o)
    0x08000268   0x00000000   Code   RO         2385    .ARM.Collect$$libshutdown$$00000003  c_w.l(libshutdown2.o)
    0x08000268   0x00000000   Code   RO         2388    .ARM.Collect$$libshutdown$$00000006  c_w.l(libshutdown2.o)
    0x08000268   0x00000000   Code   RO         2391    .ARM.Collect$$libshutdown$$00000009  c_w.l(libshutdown2.o)
    0x08000268   0x00000000   Code   RO         2393    .ARM.Collect$$libshutdown$$0000000B  c_w.l(libshutdown2.o)
    0x08000268   0x00000000   Code   RO         2396    .ARM.Collect$$libshutdown$$0000000E  c_w.l(libshutdown2.o)
    0x08000268   0x00000002   Code   RO         2397    .ARM.Collect$$libshutdown$$0000000F  c_w.l(libshutdown2.o)
    0x0800026a   0x00000000   Code   RO         2206    .ARM.Collect$$rtentry$$00000000  c_w.l(__rtentry.o)
    0x0800026a   0x00000000   Code   RO         2239    .ARM.Collect$$rtentry$$00000002  c_w.l(__rtentry2.o)
    0x0800026a   0x00000006   Code   RO         2251    .ARM.Collect$$rtentry$$00000004  c_w.l(__rtentry4.o)
    0x08000270   0x00000000   Code   RO         2241    .ARM.Collect$$rtentry$$00000009  c_w.l(__rtentry2.o)
    0x08000270   0x00000004   Code   RO         2242    .ARM.Collect$$rtentry$$0000000A  c_w.l(__rtentry2.o)
    0x08000274   0x00000000   Code   RO         2244    .ARM.Collect$$rtentry$$0000000C  c_w.l(__rtentry2.o)
    0x08000274   0x00000008   Code   RO         2245    .ARM.Collect$$rtentry$$0000000D  c_w.l(__rtentry2.o)
    0x0800027c   0x00000002   Code   RO         2292    .ARM.Collect$$rtexit$$00000000  c_w.l(rtexit.o)
    0x0800027e   0x00000000   Code   RO         2344    .ARM.Collect$$rtexit$$00000002  c_w.l(rtexit2.o)
    0x0800027e   0x00000004   Code   RO         2345    .ARM.Collect$$rtexit$$00000003  c_w.l(rtexit2.o)
    0x08000282   0x00000006   Code   RO         2346    .ARM.Collect$$rtexit$$00000004  c_w.l(rtexit2.o)
    0x08000288   0x00000010   Code   RO          611    .emb_text           sys.o
    0x08000298   0x000000dc   Code   RO            3    .text               main.o
    0x08000374   0x00000012   Code   RO          229    .text               stm32f4xx_it.o
    0x08000386   0x00000002   PAD
    0x08000388   0x0000017c   Code   RO          278    .text               system_stm32f4xx.o
    0x08000504   0x00000040   Code   RO          304    .text               led.o
    0x08000544   0x000045bc   Code   RO          324    .text               lcd.o
    0x08004b00   0x000000b8   Code   RO          363    .text               key.o
    0x08004bb8   0x0000010c   Code   RO          384    .text               spi.o
    0x08004cc4   0x00000364   Code   RO          407    .text               w25qxx.o
    0x08005028   0x0000178c   Code   RO          435    .text               sdio_sdcard.o
    0x080067b4   0x00000224   Code   RO          470    .text               myiic.o
    0x080069d8   0x000002e0   Code   RO          516    .text               i2s.o
    0x08006cb8   0x00000368   Code   RO          543    .text               wm8978.o
    0x08007020   0x00000114   Code   RO          566    .text               timer.o
    0x08007134   0x000000b8   Code   RO          589    .text               delay.o
    0x080071ec   0x0000011c   Code   RO          629    .text               usart.o
    0x08007308   0x0000003c   Code   RO          662    .text               startup_stm32f40_41xxx.o
    0x08007344   0x000000b0   Code   RO          668    .text               misc.o
    0x080073f4   0x0000020c   Code   RO          688    .text               stm32f4xx_gpio.o
    0x08007600   0x00000448   Code   RO          708    .text               stm32f4xx_fsmc.o
    0x08007a48   0x00000480   Code   RO          731    .text               stm32f4xx_rcc.o
    0x08007ec8   0x00000358   Code   RO          753    .text               stm32f4xx_usart.o
    0x08008220   0x000009dc   Code   RO          773    .text               stm32f4xx_tim.o
    0x08008bfc   0x0000032c   Code   RO          814    .text               stm32f4xx_spi.o
    0x08008f28   0x000001b8   Code   RO          834    .text               stm32f4xx_sdio.o
    0x080090e0   0x00000320   Code   RO          854    .text               stm32f4xx_dma.o
    0x08009400   0x000001c4   Code   RO          894    .text               malloc.o
    0x080095c4   0x00000b14   Code   RO          928    .text               usmart.o
    0x0800a0d8   0x00000420   Code   RO          975    .text               usmart_str.o
    0x0800a4f8   0x00000144   Code   RO          996    .text               diskio.o
    0x0800a63c   0x000028e8   Code   RO         1020    .text               ff.o
    0x0800cf24   0x00000128   Code   RO         1042    .text               exfuns.o
    0x0800d04c   0x00000094   Code   RO         1102    .text               mycc936.o
    0x0800d0e0   0x000004ba   Code   RO         1123    .text               fontupd.o
    0x0800d59a   0x00000002   PAD
    0x0800d59c   0x00000234   Code   RO         1155    .text               text.o
    0x0800d7d0   0x000000fc   Code   RO         1952    .text               pwm.o
    0x0800d8cc   0x00000150   Code   RO         1975    .text               stepmotor.o
    0x0800da1c   0x000003e8   Code   RO         2046    .text               dispaly.o
    0x0800de04   0x00000002   Code   RO         2069    .text               c_w.l(use_no_semi_2.o)
    0x0800de06   0x00000048   Code   RO         2071    .text               c_w.l(llsdiv.o)
    0x0800de4e   0x00000002   PAD
    0x0800de50   0x00000018   Code   RO         2077    .text               c_w.l(noretval__2printf.o)
    0x0800de68   0x0000004e   Code   RO         2083    .text               c_w.l(_printf_pad.o)
    0x0800deb6   0x00000052   Code   RO         2087    .text               c_w.l(_printf_str.o)
    0x0800df08   0x00000078   Code   RO         2089    .text               c_w.l(_printf_dec.o)
    0x0800df80   0x0000007c   Code   RO         2114    .text               c_w.l(_printf_hex_int_ptr.o)
    0x0800dffc   0x00000188   Code   RO         2140    .text               c_w.l(__printf_flags_ss_wp.o)
    0x0800e184   0x00000048   Code   RO         2162    .text               c_w.l(strcpy.o)
    0x0800e1cc   0x0000003e   Code   RO         2164    .text               c_w.l(strlen.o)
    0x0800e20a   0x00000018   Code   RO         2166    .text               c_w.l(strcat.o)
    0x0800e222   0x0000008a   Code   RO         2168    .text               c_w.l(rt_memcpy_v6.o)
    0x0800e2ac   0x00000064   Code   RO         2170    .text               c_w.l(rt_memcpy_w.o)
    0x0800e310   0x00000080   Code   RO         2178    .text               c_w.l(strcmpv7m.o)
    0x0800e390   0x00000006   Code   RO         2180    .text               c_w.l(heapauxi.o)
    0x0800e396   0x00000002   Code   RO         2204    .text               c_w.l(use_no_semi.o)
    0x0800e398   0x000000ee   Code   RO         2207    .text               c_w.l(lludivv7m.o)
    0x0800e486   0x000000b2   Code   RO         2209    .text               c_w.l(_printf_intcommon.o)
    0x0800e538   0x00000030   Code   RO         2211    .text               c_w.l(_printf_char_common.o)
    0x0800e568   0x0000002c   Code   RO         2215    .text               c_w.l(_printf_char.o)
    0x0800e594   0x00000024   Code   RO         2217    .text               c_w.l(_printf_char_file.o)
    0x0800e5b8   0x00000008   Code   RO         2265    .text               c_w.l(ferror.o)
    0x0800e5c0   0x0000004a   Code   RO         2269    .text               c_w.l(sys_stackheap_outer.o)
    0x0800e60a   0x0000000c   Code   RO         2281    .text               c_w.l(exit.o)
    0x0800e616   0x00000002   PAD
    0x0800e618   0x00000008   Code   RO         2289    .text               c_w.l(libspace.o)
    0x0800e620   0x0000000e   Code   RO         2133    i._is_digit         c_w.l(__printf_wp.o)
    0x0800e62e   0x00000002   PAD
    0x0800e630   0x0000005a   Code   RO         2190    x$fpl$dfixu         fz_wm.l(dfixu.o)
    0x0800e68a   0x00000026   Code   RO         2194    x$fpl$dfltu         fz_wm.l(dflt_clz.o)
    0x0800e6b0   0x00000154   Code   RO         2200    x$fpl$dmul          fz_wm.l(dmul.o)
    0x0800e804   0x0000009c   Code   RO         2231    x$fpl$dnaninf       fz_wm.l(dnaninf.o)
    0x0800e8a0   0x0000000c   Code   RO         2233    x$fpl$dretinf       fz_wm.l(dretinf.o)
    0x0800e8ac   0x0000000a   Code   RO         2358    x$fpl$fpinit        fz_wm.l(fpinit.o)
    0x0800e8b6   0x00000000   Code   RO         2237    x$fpl$usenofp       fz_wm.l(usenofp.o)
    0x0800e8b6   0x000017c0   Data   RO          326    .constdata          lcd.o
    0x08010076   0x0000006e   Data   RO          517    .constdata          i2s.o
    0x080100e4   0x0000001c   Data   RO          709    .constdata          stm32f4xx_fsmc.o
    0x08010100   0x00000024   Data   RO          901    .constdata          malloc.o
    0x08010124   0x0000003a   Data   RO         1022    .constdata          ff.o
    0x0801015e   0x00000002   PAD
    0x08010160   0x00000070   Data   RO         1046    .constdata          exfuns.o
    0x080101d0   0x000003c0   Data   RO         1103    .constdata          mycc936.o
    0x08010590   0x00000010   Data   RO         1125    .constdata          fontupd.o
    0x080105a0   0x00000028   Data   RO         2115    .constdata          c_w.l(_printf_hex_int_ptr.o)
    0x080105c8   0x00000011   Data   RO         2141    .constdata          c_w.l(__printf_flags_ss_wp.o)
    0x080105d9   0x00000003   PAD
    0x080105dc   0x00000028   Data   RO          929    .conststring        usmart.o
    0x08010604   0x00000200   Data   RO          953    .conststring        usmart_config.o
    0x08010804   0x00000040   Data   RO         1047    .conststring        exfuns.o
    0x08010844   0x0000005f   Data   RO         1126    .conststring        fontupd.o
    0x080108a3   0x00000001   PAD
    0x080108a4   0x00000020   Data   RO         2415    Region$$Table       anon$$obj.o


    Execution Region RW_IRAM1 (Base: 0x20000000, Size: 0x0001c7c0, Max: 0x00020000, ABSOLUTE, COMPRESSED[0x000000fc])

    Base Addr    Size         Type   Attr      Idx    E Section Name        Object

    0x20000000   0x00000001   Data   RW            4    .data               main.o
    0x20000001   0x00000003   PAD
    0x20000004   0x00000014   Data   RW          279    .data               system_stm32f4xx.o
    0x20000018   0x00000004   Data   RW          327    .data               lcd.o
    0x2000001c   0x00000001   Data   RW          364    .data               key.o
    0x2000001d   0x00000001   PAD
    0x2000001e   0x00000002   Data   RW          409    .data               w25qxx.o
    0x20000020   0x00000010   Data   RW          437    .data               sdio_sdcard.o
    0x20000030   0x00000008   Data   RW          518    .data               i2s.o
    0x20000038   0x00000074   Data   RW          544    .data               wm8978.o
    0x200000ac   0x00000004   Data   RW          567    .data               timer.o
    0x200000b0   0x00000004   Data   RW          590    .data               delay.o
    0x200000b4   0x00000002   Data   RW          631    .data               usart.o
    0x200000b6   0x00000002   PAD
    0x200000b8   0x00000004   Data   RW          632    .data               usart.o
    0x200000bc   0x00000010   Data   RW          732    .data               stm32f4xx_rcc.o
    0x200000cc   0x00000024   Data   RW          902    .data               malloc.o
    0x200000f0   0x0000001c   Data   RW          930    .data               usmart.o
    0x2000010c   0x00000078   Data   RW          954    .data               usmart_config.o
    0x20000184   0x000000f4   Data   RW          955    .data               usmart_config.o
    0x20000278   0x00000002   Data   RW          997    .data               diskio.o
    0x2000027a   0x00000002   Data   RW         1023    .data               ff.o
    0x2000027c   0x0000000c   Data   RW         1048    .data               exfuns.o
    0x20000288   0x0000000e   Zero   RW          325    .bss                lcd.o
    0x20000296   0x00001000   Zero   RW          408    .bss                w25qxx.o
    0x20001296   0x00000002   PAD
    0x20001298   0x000002c0   Zero   RW          436    .bss                sdio_sdcard.o
    0x20001558   0x000000c8   Zero   RW          630    .bss                usart.o
    0x20001620   0x00019000   Zero   RW          899    .bss                malloc.o
    0x2001a620   0x00001900   Zero   RW          900    .bss                malloc.o
    0x2001bf20   0x0000000c   Zero   RW         1021    .bss                ff.o
    0x2001bf2c   0x0000000c   Zero   RW         1043    .bss                exfuns.o
    0x2001bf38   0x00000021   Zero   RW         1124    .bss                fontupd.o
    0x2001bf59   0x00000003   PAD
    0x2001bf5c   0x00000060   Zero   RW         2290    .bss                c_w.l(libspace.o)
    0x2001bfbc   0x00000004   PAD
    0x2001bfc0   0x00000000   Zero   RW          660    HEAP                startup_stm32f40_41xxx.o
    0x2001bfc0   0x00000800   Zero   RW          659    STACK               startup_stm32f40_41xxx.o



  Load Region LR$$.ARM.__AT_0x10000000 (Base: 0x10000000, Size: 0x00000000, Max: 0x0000f000, ABSOLUTE)

    Execution Region ER$$.ARM.__AT_0x10000000 (Base: 0x10000000, Size: 0x0000f000, Max: 0x0000f000, ABSOLUTE, UNINIT)

    Base Addr    Size         Type   Attr      Idx    E Section Name        Object

    0x10000000   0x0000f000   Zero   RW          895    .ARM.__AT_0x10000000  malloc.o



  Load Region LR$$.ARM.__AT_0x1000F000 (Base: 0x1000f000, Size: 0x00000000, Max: 0x00000f00, ABSOLUTE)

    Execution Region ER$$.ARM.__AT_0x1000F000 (Base: 0x1000f000, Size: 0x00000f00, Max: 0x00000f00, ABSOLUTE, UNINIT)

    Base Addr    Size         Type   Attr      Idx    E Section Name        Object

    0x1000f000   0x00000f00   Zero   RW          896    .ARM.__AT_0x1000F000  malloc.o



  Load Region LR$$.ARM.__AT_0x68000000 (Base: 0x68000000, Size: 0x00000000, Max: 0x000f0000, ABSOLUTE)

    Execution Region ER$$.ARM.__AT_0x68000000 (Base: 0x68000000, Size: 0x000f0000, Max: 0x000f0000, ABSOLUTE, UNINIT)

    Base Addr    Size         Type   Attr      Idx    E Section Name        Object

    0x68000000   0x000f0000   Zero   RW          897    .ARM.__AT_0x68000000  malloc.o



  Load Region LR$$.ARM.__AT_0x680F0000 (Base: 0x680f0000, Size: 0x00000000, Max: 0x0000f000, ABSOLUTE)

    Execution Region ER$$.ARM.__AT_0x680F0000 (Base: 0x680f0000, Size: 0x0000f000, Max: 0x0000f000, ABSOLUTE, UNINIT)

    Base Addr    Size         Type   Attr      Idx    E Section Name        Object

    0x680f0000   0x0000f000   Zero   RW          898    .ARM.__AT_0x680F0000  malloc.o


==============================================================================

Image component sizes


      Code (inc. data)   RO Data    RW Data    ZI Data      Debug   Object Name

       184          4          0          4          0       1361   delay.o
       324          8          0          2          0       3646   diskio.o
      1000        258          0          0          0       1050   dispaly.o
       296         14        176         12         12       2590   exfuns.o
     10472        136         58          2         12      27592   ff.o
      1210        138        111          0         33       3788   fontupd.o
       736         40        110          8          0       3432   i2s.o
       184         12          0          1          0        844   key.o
     17852        114       6080          4         14      21104   lcd.o
        64          6          0          0          0        559   led.o
       220         36          0          1          0     324535   main.o
       452         10         36         36    1218560       4319   malloc.o
       176         12          0          0          0       1797   misc.o
       148         14        960          0          0       1497   mycc936.o
       548          8          0          0          0       1932   myiic.o
       252         12          0          0          0        796   pwm.o
      6028        120          0         16        704      23499   sdio_sdcard.o
       268         10          0          0          0       1045   spi.o
        60         22        392          0       2048        848   startup_stm32f40_41xxx.o
       336         10          0          0          0       1430   stepmotor.o
       800         32          0          0          0       6033   stm32f4xx_dma.o
      1096         10         28          0          0       5358   stm32f4xx_fsmc.o
       524         44          0          0          0       3773   stm32f4xx_gpio.o
        18          0          0          0          0       1226   stm32f4xx_it.o
      1152         48          0         16          0      11580   stm32f4xx_rcc.o
       440         14          0          0          0       6988   stm32f4xx_sdio.o
       812         36          0          0          0       6037   stm32f4xx_spi.o
      2524         52          0          0          0      18278   stm32f4xx_tim.o
       856         32          0          0          0       6756   stm32f4xx_usart.o
        16          0          0          0          0        500   sys.o
       380         36          0         20          0       1867   system_stm32f4xx.o
       564         18          0          0          0       2400   text.o
       276         26          0          4          0       1510   timer.o
       284         16          0          6        200       3302   usart.o
      2836       1292         40         28          0       4388   usmart.o
         0          0        512        364          0       1560   usmart_config.o
      1056         12          0          0          0       4735   usmart_str.o
       868         30          0          2       4096       4287   w25qxx.o
       872         12          0        116          0       5203   wm8978.o

    ----------------------------------------------------------------------
     56188       2694       8538        648    1225684     523445   Object Totals
         0          0         32          0          0          0   (incl. Generated)
         4          0          3          6          5          0   (incl. Padding)

    ----------------------------------------------------------------------

      Code (inc. data)   RO Data    RW Data    ZI Data      Debug   Library Member Name

        90          0          0          0          0          0   __dczerorl2.o
         8          0          0          0          0         68   __main.o
       392          4         17          0          0         92   __printf_flags_ss_wp.o
        14          0          0          0          0         68   __printf_wp.o
         0          0          0          0          0          0   __rtentry.o
        12          0          0          0          0          0   __rtentry2.o
         6          0          0          0          0          0   __rtentry4.o
        52          8          0          0          0          0   __scatter.o
        28          0          0          0          0          0   __scatter_zi.o
         6          0          0          0          0          0   _printf_c.o
        44          0          0          0          0        108   _printf_char.o
        48          6          0          0          0         96   _printf_char_common.o
        36          4          0          0          0         80   _printf_char_file.o
         6          0          0          0          0          0   _printf_d.o
       120         16          0          0          0         92   _printf_dec.o
       124          4         40          0          0        144   _printf_hex_int_ptr.o
       178          0          0          0          0         88   _printf_intcommon.o
        78          0          0          0          0        108   _printf_pad.o
         0          0          0          0          0          0   _printf_percent.o
         4          0          0          0          0          0   _printf_percent_end.o
         6          0          0          0          0          0   _printf_s.o
        82          0          0          0          0         80   _printf_str.o
         6          0          0          0          0          0   _printf_u.o
         6          0          0          0          0          0   _printf_x.o
        12          0          0          0          0         72   exit.o
         8          0          0          0          0         68   ferror.o
         6          0          0          0          0        152   heapauxi.o
         2          0          0          0          0          0   libinit.o
         6          0          0          0          0          0   libinit2.o
         2          0          0          0          0          0   libshutdown.o
         2          0          0          0          0          0   libshutdown2.o
         8          4          0          0         96         68   libspace.o
        72          0          0          0          0         76   llsdiv.o
       238          0          0          0          0        100   lludivv7m.o
        24          4          0          0          0         84   noretval__2printf.o
       138          0          0          0          0         68   rt_memcpy_v6.o
       100          0          0          0          0         80   rt_memcpy_w.o
         2          0          0          0          0          0   rtexit.o
        10          0          0          0          0          0   rtexit2.o
        24          0          0          0          0         68   strcat.o
       128          0          0          0          0         68   strcmpv7m.o
        72          0          0          0          0         80   strcpy.o
        62          0          0          0          0         76   strlen.o
        74          0          0          0          0         80   sys_stackheap_outer.o
         2          0          0          0          0         68   use_no_semi.o
         2          0          0          0          0         68   use_no_semi_2.o
        90          4          0          0          0        140   dfixu.o
        38          0          0          0          0        116   dflt_clz.o
       340         12          0          0          0        152   dmul.o
       156          4          0          0          0        140   dnaninf.o
        12          0          0          0          0        116   dretinf.o
        10          0          0          0          0        116   fpinit.o
         0          0          0          0          0          0   usenofp.o

    ----------------------------------------------------------------------
      2994         70         60          0        100       3080   Library Totals
         8          0          3          0          4          0   (incl. Padding)

    ----------------------------------------------------------------------

      Code (inc. data)   RO Data    RW Data    ZI Data      Debug   Library Name

      2340         50         57          0         96       2300   c_w.l
       646         20          0          0          0        780   fz_wm.l

    ----------------------------------------------------------------------
      2994         70         60          0        100       3080   Library Totals

    ----------------------------------------------------------------------

==============================================================================


      Code (inc. data)   RO Data    RW Data    ZI Data      Debug   

     59182       2764       8598        648    1225784     516329   Grand Totals
     59182       2764       8598        252    1225784     516329   ELF Image Totals (compressed)
     59182       2764       8598        252          0          0   ROM Totals

==============================================================================

    Total RO  Size (Code + RO Data)                67780 (  66.19kB)
    Total RW  Size (RW Data + ZI Data)           1226432 (1197.69kB)
    Total ROM Size (Code + RO Data + RW Data)      68032 (  66.44kB)

==============================================================================

