<html>
<body>
<pre>
<h1>µVision Build Log</h1>
<h2>Tool Versions:</h2>
IDE-Version: ¦ÌVision V5.14.0.0
Copyright (C) 2015 ARM Ltd and ARM Germany GmbH. All rights reserved.
License Information: 1 hong yaO, 1, LIC=47GU5-GFQ9D-QDEKD-8FIFX-F78G3-R7RMU
 
Tool Versions:
Toolchain:       MDK-ARM Standard  Version: 5.14.0.0
Toolchain Path:  D:\MDK5\ARM\ARMCC\Bin
C Compiler:      Armcc.exe V5.05 update 1 (build 106)
Assembler:       Armasm.exe V5.05 update 1 (build 106)
Linker/Locator:  ArmLink.exe V5.05 update 1 (build 106)
Library Manager: ArmAr.exe V5.05 update 1 (build 106)
Hex Converter:   FromElf.exe V5.05 update 1 (build 106)
CPU DLL:         SARMCM3.DLL V5.14.0.0
Dialog DLL:      DCM.DLL V1.13.1.0
Target DLL:      STLink\ST-LINKIII-KEIL_SWO.dll V2.0.14.0_KEIL
Dialog DLL:      TCM.DLL V1.14.4.0
 
<h2>Project:</h2>
C:\Users\hong yaO\Desktop\À¬»øÍ°\5&6&3.À¬»ø·ÖÀà\USER\VIDEOPLAYER.uvprojx
Project File Date:  02/25/2021

<h2>Output:</h2>
Rebuild target 'VIDEOPLAYER'
compiling main.c...
compiling stm32f4xx_it.c...
compiling system_stm32f4xx.c...
compiling led.c...
compiling lcd.c...
compiling key.c...
compiling spi.c...
compiling w25qxx.c...
compiling sdio_sdcard.c...
compiling myiic.c...
compiling 24cxx.c...
compiling i2s.c...
compiling wm8978.c...
compiling timer.c...
compiling delay.c...
compiling sys.c...
compiling usart.c...
assembling startup_stm32f40_41xxx.s...
compiling misc.c...
compiling stm32f4xx_gpio.c...
compiling stm32f4xx_fsmc.c...
compiling stm32f4xx_rcc.c...
compiling stm32f4xx_usart.c...
compiling stm32f4xx_tim.c...
compiling stm32f4xx_syscfg.c...
compiling stm32f4xx_spi.c...
compiling stm32f4xx_sdio.c...
compiling stm32f4xx_dma.c...
compiling stm32f4xx_exti.c...
compiling malloc.c...
compiling usmart.c...
compiling usmart_config.c...
compiling usmart_str.c...
compiling diskio.c...
compiling ff.c...
compiling exfuns.c...
compiling fattester.c...
compiling mycc936.c...
compiling fontupd.c...
compiling text.c...
compiling wavplay.c...
compiling audioplay.c...
compiling videoplayer.c...
compiling avi.c...
compiling mjpeg.c...
compiling jaricom.c...
compiling jcomapi.c...
compiling jutils.c...
compiling jerror.c...
compiling jmemmgr.c...
compiling jdapimin.c...
compiling jdapistd.c...
compiling jdarith.c...
compiling jdmaster.c...
compiling jdinput.c...
compiling jdmarker.c...
compiling jdhuff.c...
compiling jdmainct.c...
compiling jdcoefct.c...
compiling jdpostct.c...
compiling jddctmgr.c...
compiling jidctfst.c...
compiling jidctflt.c...
compiling jidctint.c...
compiling jdsample.c...
compiling jdcolor.c...
compiling jquant2.c...
compiling jquant1.c...
compiling jdmerge.c...
compiling jmemnobs.c...
compiling wrppm.c...
compiling bmp.c...
compiling gif.c...
compiling piclib.c...
compiling tjpgd.c...
compiling beep.c...
compiling pwm.c...
compiling stepmotor.c...
..\CLASSFICATION\STEPMOTOR\stepmotor.c(55): warning:  #550-D: variable "b1" was set but never used
  static u8 b1=0;
..\CLASSFICATION\STEPMOTOR\stepmotor.c: 1 warning, 0 errors
compiling video.c...
..\CLASSFICATION\VIDEO\video.c(23): warning:  #177-D: variable "key" was declared but never referenced
    u8 key;
..\CLASSFICATION\VIDEO\video.c: 1 warning, 0 errors
compiling picture.c...
compiling dispaly.c...
..\CLASSFICATION\DISPLAY\dispaly.c(57): warning:  #127-D: expected a statement
        }  
..\CLASSFICATION\DISPLAY\dispaly.c(56): warning:  #177-D: label "UPD" was declared but never referenced
  UPD:    
..\CLASSFICATION\DISPLAY\dispaly.c: 2 warnings, 0 errors
linking...
Program Size: Code=135720 RO-data=18648 RW-data=704 ZI-data=1225904  
FromELF: creating hex file...
"..\OBJ\VIDEOPLAYER.axf" - 0 Error(s), 4 Warning(s).

<h2>Collection of Component include folders:</h2>
  C:\Users\hong yaO\Desktop\À¬»øÍ°\5&6&3.À¬»ø·ÖÀà\USER\RTE
  D:\MDK5\ARM\PACK\Keil\STM32F4xx_DFP\1.0.8\Device\Include

<h2>Collection of Component Files used:</h2>
</pre>
</body>
</html>
