Component: ARM Compiler 5.05 update 1 (build 106) Tool: armlink [4d0efa]

==============================================================================

Section Cross References

    main.o(.text) refers to misc.o(.text) for NVIC_PriorityGroupConfig
    main.o(.text) refers to delay.o(.text) for delay_init
    main.o(.text) refers to usart.o(.text) for uart_init
    main.o(.text) refers to led.o(.text) for LED_Init
    main.o(.text) refers to lcd.o(.text) for LCD_Init
    main.o(.text) refers to time.o(.text) for TIM3_Int_Init
    main.o(.text) refers to stm32f4xx_gpio.o(.text) for GPIO_ReadInputDataBit
    main.o(.text) refers to stm32f4xx_tim.o(.text) for TIM_Cmd
    main.o(.text) refers to dflt_clz.o(x$fpl$dflt) for __aeabi_i2d
    main.o(.text) refers to dmul.o(x$fpl$dmul) for __aeabi_dmul
    main.o(.text) refers to ddiv.o(x$fpl$ddiv) for __aeabi_ddiv
    main.o(.text) refers to dfix.o(x$fpl$dfix) for __aeabi_d2iz
    main.o(.text) refers to lcd.o(.data) for POINT_COLOR
    system_stm32f4xx.o(.text) refers to system_stm32f4xx.o(.data) for SystemCoreClock
    led.o(.text) refers to stm32f4xx_rcc.o(.text) for RCC_AHB1PeriphClockCmd
    led.o(.text) refers to stm32f4xx_gpio.o(.text) for GPIO_Init
    lcd.o(.text) refers to _printf_percent.o(.ARM.Collect$$_printf_percent$$00000000) for _printf_percent
    lcd.o(.text) refers to _printf_x.o(.ARM.Collect$$_printf_percent$$0000000C) for _printf_x
    lcd.o(.text) refers to _printf_hex_int.o(.text) for _printf_longlong_hex
    lcd.o(.text) refers to delay.o(.text) for delay_us
    lcd.o(.text) refers to lcd.o(.bss) for lcddev
    lcd.o(.text) refers to lcd.o(.data) for POINT_COLOR
    lcd.o(.text) refers to dflt_clz.o(x$fpl$dfltu) for __aeabi_ui2d
    lcd.o(.text) refers to dmul.o(x$fpl$dmul) for __aeabi_dmul
    lcd.o(.text) refers to dfixu.o(x$fpl$dfixu) for __aeabi_d2uiz
    lcd.o(.text) refers to stm32f4xx_rcc.o(.text) for RCC_AHB1PeriphClockCmd
    lcd.o(.text) refers to stm32f4xx_gpio.o(.text) for GPIO_Init
    lcd.o(.text) refers to stm32f4xx_fsmc.o(.text) for FSMC_NORSRAMInit
    lcd.o(.text) refers to noretval__2printf.o(.text) for __2printf
    lcd.o(.text) refers to lcd.o(.constdata) for asc2_1206
    time.o(.text) refers to stm32f4xx_rcc.o(.text) for RCC_AHB1PeriphClockCmd
    time.o(.text) refers to stm32f4xx_gpio.o(.text) for GPIO_Init
    time.o(.text) refers to stm32f4xx_tim.o(.text) for TIM_TimeBaseInit
    time.o(.text) refers to misc.o(.text) for NVIC_Init
    time.o(.text) refers to delay.o(.text) for delay_ms
    beep.o(.text) refers to stm32f4xx_rcc.o(.text) for RCC_AHB1PeriphClockCmd
    beep.o(.text) refers to stm32f4xx_gpio.o(.text) for GPIO_Init
    delay.o(.text) refers to misc.o(.text) for SysTick_CLKSourceConfig
    delay.o(.text) refers to delay.o(.data) for fac_us
    usart.o(.rev16_text) refers (Special) to use_no_semi_2.o(.text) for __use_no_semihosting
    usart.o(.revsh_text) refers (Special) to use_no_semi_2.o(.text) for __use_no_semihosting
    usart.o(.text) refers (Special) to use_no_semi_2.o(.text) for __use_no_semihosting
    usart.o(.text) refers to stm32f4xx_rcc.o(.text) for RCC_AHB1PeriphClockCmd
    usart.o(.text) refers to stm32f4xx_gpio.o(.text) for GPIO_PinAFConfig
    usart.o(.text) refers to stm32f4xx_usart.o(.text) for USART_Init
    usart.o(.text) refers to misc.o(.text) for NVIC_Init
    usart.o(.text) refers to usart.o(.data) for USART_RX_STA
    usart.o(.text) refers to usart.o(.bss) for USART_RX_BUF
    usart.o(.bss) refers (Special) to use_no_semi_2.o(.text) for __use_no_semihosting
    usart.o(.data) refers (Special) to use_no_semi_2.o(.text) for __use_no_semihosting
    startup_stm32f40_41xxx.o(STACK) refers (Special) to heapauxi.o(.text) for __use_two_region_memory
    startup_stm32f40_41xxx.o(HEAP) refers (Special) to heapauxi.o(.text) for __use_two_region_memory
    startup_stm32f40_41xxx.o(RESET) refers (Special) to heapauxi.o(.text) for __use_two_region_memory
    startup_stm32f40_41xxx.o(RESET) refers to startup_stm32f40_41xxx.o(STACK) for __initial_sp
    startup_stm32f40_41xxx.o(RESET) refers to startup_stm32f40_41xxx.o(.text) for Reset_Handler
    startup_stm32f40_41xxx.o(RESET) refers to stm32f4xx_it.o(.text) for NMI_Handler
    startup_stm32f40_41xxx.o(RESET) refers to time.o(.text) for TIM3_IRQHandler
    startup_stm32f40_41xxx.o(RESET) refers to usart.o(.text) for USART1_IRQHandler
    startup_stm32f40_41xxx.o(.text) refers (Special) to heapauxi.o(.text) for __use_two_region_memory
    startup_stm32f40_41xxx.o(.text) refers to system_stm32f4xx.o(.text) for SystemInit
    startup_stm32f40_41xxx.o(.text) refers to __main.o(!!!main) for __main
    startup_stm32f40_41xxx.o(.text) refers to startup_stm32f40_41xxx.o(HEAP) for Heap_Mem
    startup_stm32f40_41xxx.o(.text) refers to startup_stm32f40_41xxx.o(STACK) for Stack_Mem
    stm32f4xx_gpio.o(.text) refers to stm32f4xx_rcc.o(.text) for RCC_AHB1PeriphResetCmd
[...]
    defsig_rtmem_outer.o(.text) refers to defsig_exit.o(.text) for __sig_exit
    defsig_rtmem_formal.o(.text) refers to rt_raise.o(.text) for __rt_raise
    rt_raise.o(.text) refers to __raise.o(.text) for __raise
    rt_raise.o(.text) refers to usart.o(.text) for _sys_exit
    defsig_exit.o(.text) refers to usart.o(.text) for _sys_exit
    defsig_rtmem_inner.o(.text) refers to defsig_general.o(.text) for __default_signal_display
    __raise.o(.text) refers to defsig.o(CL$$defsig) for __default_signal_handler
    defsig_general.o(.text) refers to sys_wrch.o(.text) for _ttywrch
    sys_wrch.o(.text) refers (Special) to use_no_semi.o(.text) for __I$use$semihosting
    sys_wrch.o(.text) refers (Special) to indicate_semi.o(.text) for __semihosting_library_function
    defsig.o(CL$$defsig) refers to defsig_rtmem_inner.o(.text) for __rt_SIGRTMEM_inner
    defsig_abrt_inner.o(.text) refers to defsig_general.o(.text) for __default_signal_display
    defsig_fpe_inner.o(.text) refers to defsig_general.o(.text) for __default_signal_display
    defsig_rtred_inner.o(.text) refers to defsig_general.o(.text) for __default_signal_display
    defsig_stak_inner.o(.text) refers to defsig_general.o(.text) for __default_signal_display
    defsig_pvfn_inner.o(.text) refers to defsig_general.o(.text) for __default_signal_display
    defsig_cppl_inner.o(.text) refers to defsig_general.o(.text) for __default_signal_display
    defsig_segv_inner.o(.text) refers to defsig_general.o(.text) for __default_signal_display
    defsig_other.o(.text) refers to defsig_general.o(.text) for __default_signal_display


==============================================================================

Removing Unused input sections from the image.

    Removing main.o(.rev16_text), (4 bytes).
    Removing main.o(.revsh_text), (4 bytes).
    Removing stm32f4xx_it.o(.rev16_text), (4 bytes).
    Removing stm32f4xx_it.o(.revsh_text), (4 bytes).
    Removing system_stm32f4xx.o(.rev16_text), (4 bytes).
    Removing system_stm32f4xx.o(.revsh_text), (4 bytes).
    Removing led.o(.rev16_text), (4 bytes).
    Removing led.o(.revsh_text), (4 bytes).
    Removing lcd.o(.rev16_text), (4 bytes).
    Removing lcd.o(.revsh_text), (4 bytes).
    Removing time.o(.rev16_text), (4 bytes).
    Removing time.o(.revsh_text), (4 bytes).
    Removing beep.o(.rev16_text), (4 bytes).
    Removing beep.o(.revsh_text), (4 bytes).
    Removing beep.o(.text), (64 bytes).
    Removing delay.o(.rev16_text), (4 bytes).
    Removing delay.o(.revsh_text), (4 bytes).
    Removing sys.o(.rev16_text), (4 bytes).
    Removing sys.o(.revsh_text), (4 bytes).
    Removing sys.o(.emb_text), (16 bytes).
    Removing usart.o(.rev16_text), (4 bytes).
    Removing usart.o(.revsh_text), (4 bytes).
    Removing misc.o(.rev16_text), (4 bytes).
    Removing misc.o(.revsh_text), (4 bytes).
    Removing stm32f4xx_gpio.o(.rev16_text), (4 bytes).
    Removing stm32f4xx_gpio.o(.revsh_text), (4 bytes).
    Removing stm32f4xx_fsmc.o(.rev16_text), (4 bytes).
    Removing stm32f4xx_fsmc.o(.revsh_text), (4 bytes).
    Removing stm32f4xx_rcc.o(.rev16_text), (4 bytes).
    Removing stm32f4xx_rcc.o(.revsh_text), (4 bytes).
    Removing stm32f4xx_syscfg.o(.rev16_text), (4 bytes).
    Removing stm32f4xx_syscfg.o(.revsh_text), (4 bytes).
    Removing stm32f4xx_syscfg.o(.text), (148 bytes).
    Removing stm32f4xx_usart.o(.rev16_text), (4 bytes).
    Removing stm32f4xx_usart.o(.revsh_text), (4 bytes).
    Removing stm32f4xx_tim.o(.rev16_text), (4 bytes).
    Removing stm32f4xx_tim.o(.revsh_text), (4 bytes).

37 unused section(s) (total 364 bytes) removed from the image.

==============================================================================

Image Symbol Table

    Local Symbols

    Symbol Name                              Value     Ov Type        Size  Object(Section)

    ../clib/angel/boardlib.s                 0x00000000   Number         0  boardinit3.o ABSOLUTE
    ../clib/angel/boardlib.s                 0x00000000   Number         0  boardshut.o ABSOLUTE
    ../clib/angel/boardlib.s                 0x00000000   Number         0  boardinit1.o ABSOLUTE
    ../clib/angel/boardlib.s                 0x00000000   Number         0  boardinit2.o ABSOLUTE
    ../clib/angel/handlers.s                 0x00000000   Number         0  __scatter_zi.o ABSOLUTE
    ../clib/angel/handlers.s                 0x00000000   Number         0  __scatter_copy.o ABSOLUTE
    ../clib/angel/kernel.s                   0x00000000   Number         0  rtexit2.o ABSOLUTE
    ../clib/angel/kernel.s                   0x00000000   Number         0  __rtentry4.o ABSOLUTE
    ../clib/angel/kernel.s                   0x00000000   Number         0  __rtentry2.o ABSOLUTE
    ../clib/angel/kernel.s                   0x00000000   Number         0  rtexit.o ABSOLUTE
    ../clib/angel/kernel.s                   0x00000000   Number         0  __rtentry.o ABSOLUTE
    ../clib/angel/rt.s                       0x00000000   Number         0  rt_raise.o ABSOLUTE
    ../clib/angel/scatter.s                  0x00000000   Number         0  __scatter.o ABSOLUTE
    ../clib/angel/startup.s                  0x00000000   Number         0  __main.o ABSOLUTE
    ../clib/angel/sys.s                      0x00000000   Number         0  sys_stackheap_outer.o ABSOLUTE
    ../clib/angel/sys.s                      0x00000000   Number         0  indicate_semi.o ABSOLUTE
    ../clib/angel/sys.s                      0x00000000   Number         0  use_no_semi_2.o ABSOLUTE
    ../clib/angel/sys.s                      0x00000000   Number         0  use_no_semi.o ABSOLUTE
    ../clib/angel/sys.s                      0x00000000   Number         0  libspace.o ABSOLUTE
    ../clib/angel/sysapp.c                   0x00000000   Number         0  sys_wrch.o ABSOLUTE
    ../clib/angel/sysapp.c                   0x00000000   Number         0  sys_command.o ABSOLUTE
    ../clib/armsys.c                         0x00000000   Number         0  _get_argv_nomalloc.o ABSOLUTE
    ../clib/armsys.c                         0x00000000   Number         0  argv_veneer.o ABSOLUTE
    ../clib/armsys.c                         0x00000000   Number         0  no_argv.o ABSOLUTE
    ../clib/armsys.c                         0x00000000   Number         0  argv_veneer.o ABSOLUTE
    ../clib/heapalloc.c                      0x00000000   Number         0  hrguard.o ABSOLUTE
    ../clib/heapaux.c                        0x00000000   Number         0  heapauxi.o ABSOLUTE
    ../clib/libinit.s                        0x00000000   Number         0  libinit2.o ABSOLUTE
    ../clib/libinit.s                        0x00000000   Number         0  libshutdown2.o ABSOLUTE
    ../clib/libinit.s                        0x00000000   Number         0  libshutdown.o ABSOLUTE
    ../clib/libinit.s                        0x00000000   Number         0  libinit.o ABSOLUTE
    ../clib/printf.c                         0x00000000   Number         0  __2printf.o ABSOLUTE
    ../clib/printf.c                         0x00000000   Number         0  __printf_flags.o ABSOLUTE
    ../clib/printf.c                         0x00000000   Number         0  _printf_hex_int_ll_ptr.o ABSOLUTE
    ../clib/printf.c                         0x00000000   Number         0  _printf_hex_ll_ptr.o ABSOLUTE
    ../clib/printf.c                         0x00000000   Number         0  _printf_hex_ptr.o ABSOLUTE
    ../clib/printf.c                         0x00000000   Number         0  _printf_hex_int_ll.o ABSOLUTE
    ../clib/printf.c                         0x00000000   Number         0  _printf_intcommon.o ABSOLUTE
    ../clib/printf.c                         0x00000000   Number         0  _printf_hex_int.o ABSOLUTE
    ../clib/printf.c                         0x00000000   Number         0  _printf_hex_ll.o ABSOLUTE
    ../clib/printf.c                         0x00000000   Number         0  __printf_ss_wp.o ABSOLUTE
    ../clib/printf.c                         0x00000000   Number         0  _printf_char_common.o ABSOLUTE
    ../clib/printf.c                         0x00000000   Number         0  noretval__2printf.o ABSOLUTE
    ../clib/printf.c                         0x00000000   Number         0  __printf.o ABSOLUTE
    ../clib/printf.c                         0x00000000   Number         0  __printf_nopercent.o ABSOLUTE
    ../clib/printf.c                         0x00000000   Number         0  _printf_char_file.o ABSOLUTE
    ../clib/printf.c                         0x00000000   Number         0  __printf_flags_ss.o ABSOLUTE
    ../clib/printf.c                         0x00000000   Number         0  __printf_flags_ss_wp.o ABSOLUTE
    ../clib/printf.c                         0x00000000   Number         0  __printf_flags_wp.o ABSOLUTE
    ../clib/printf.c                         0x00000000   Number         0  __printf_wp.o ABSOLUTE
    ../clib/printf.c                         0x00000000   Number         0  _printf_hex_int_ptr.o ABSOLUTE
    ../clib/printf.c                         0x00000000   Number         0  __printf_ss.o ABSOLUTE
    ../clib/printf_percent.s                 0x00000000   Number         0  _printf_percent.o ABSOLUTE
    ../clib/printf_percent.s                 0x00000000   Number         0  _printf_x.o ABSOLUTE
    ../clib/printf_percent.s                 0x00000000   Number         0  _printf_percent_end.o ABSOLUTE
    ../clib/signal.c                         0x00000000   Number         0  defsig_other.o ABSOLUTE
    ../clib/signal.c                         0x00000000   Number         0  defsig_segv_inner.o ABSOLUTE
    ../clib/signal.c                         0x00000000   Number         0  defsig_cppl_inner.o ABSOLUTE
    ../clib/signal.c                         0x00000000   Number         0  defsig_pvfn_inner.o ABSOLUTE
    ../clib/signal.c                         0x00000000   Number         0  defsig_stak_inner.o ABSOLUTE
    ../clib/signal.c                         0x00000000   Number         0  defsig_fpe_inner.o ABSOLUTE
    ../clib/signal.c                         0x00000000   Number         0  defsig_abrt_inner.o ABSOLUTE
    ../clib/signal.c                         0x00000000   Number         0  defsig_general.o ABSOLUTE
    ../clib/signal.c                         0x00000000   Number         0  __raise.o ABSOLUTE
    ../clib/signal.c                         0x00000000   Number         0  defsig_rtmem_outer.o ABSOLUTE
    ../clib/signal.c                         0x00000000   Number         0  defsig_exit.o ABSOLUTE
    ../clib/signal.c                         0x00000000   Number         0  defsig_rtred_inner.o ABSOLUTE
    ../clib/signal.c                         0x00000000   Number         0  defsig_rtmem_inner.o ABSOLUTE
    ../clib/signal.c                         0x00000000   Number         0  defsig_rtmem_formal.o ABSOLUTE
    ../clib/signal.s                         0x00000000   Number         0  defsig.o ABSOLUTE
    ../clib/stdio.c                          0x00000000   Number         0  ferror_locked.o ABSOLUTE
    ../clib/stdio.c                          0x00000000   Number         0  ferror.o ABSOLUTE
    ../clib/stdlib.c                         0x00000000   Number         0  exit.o ABSOLUTE
    ../fplib/ddiv.s                          0x00000000   Number         0  ddiv.o ABSOLUTE
    ../fplib/dfix.s                          0x00000000   Number         0  dfix.o ABSOLUTE
    ../fplib/dfixu.s                         0x00000000   Number         0  dfixu.o ABSOLUTE
    ../fplib/dflt.s                          0x00000000   Number         0  dflt_clz.o ABSOLUTE
    ../fplib/dmul.s                          0x00000000   Number         0  dmul.o ABSOLUTE
    ../fplib/dnaninf.s                       0x00000000   Number         0  dnaninf.o ABSOLUTE
    ../fplib/dretinf.s                       0x00000000   Number         0  dretinf.o ABSOLUTE
    ../fplib/fpinit.s                        0x00000000   Number         0  fpinit.o ABSOLUTE
    ../fplib/usenofp.s                       0x00000000   Number         0  usenofp.o ABSOLUTE
    ..\CORE\startup_stm32f40_41xxx.s         0x00000000   Number         0  startup_stm32f40_41xxx.o ABSOLUTE
    ..\FWLIB\src\misc.c                      0x00000000   Number         0  misc.o ABSOLUTE
    ..\FWLIB\src\stm32f4xx_fsmc.c            0x00000000   Number         0  stm32f4xx_fsmc.o ABSOLUTE
    ..\FWLIB\src\stm32f4xx_gpio.c            0x00000000   Number         0  stm32f4xx_gpio.o ABSOLUTE
    ..\FWLIB\src\stm32f4xx_rcc.c             0x00000000   Number         0  stm32f4xx_rcc.o ABSOLUTE
    ..\FWLIB\src\stm32f4xx_syscfg.c          0x00000000   Number         0  stm32f4xx_syscfg.o ABSOLUTE
    ..\FWLIB\src\stm32f4xx_tim.c             0x00000000   Number         0  stm32f4xx_tim.o ABSOLUTE
    ..\FWLIB\src\stm32f4xx_usart.c           0x00000000   Number         0  stm32f4xx_usart.o ABSOLUTE
    ..\HARDWARE\BEEP\beep.c                  0x00000000   Number         0  beep.o ABSOLUTE
    ..\HARDWARE\LCD\lcd.c                    0x00000000   Number         0  lcd.o ABSOLUTE
    ..\HARDWARE\LED\led.c                    0x00000000   Number         0  led.o ABSOLUTE
    ..\HARDWARE\TIM\time.c                   0x00000000   Number         0  time.o ABSOLUTE
    ..\SYSTEM\delay\delay.c                  0x00000000   Number         0  delay.o ABSOLUTE
    ..\SYSTEM\sys\sys.c                      0x00000000   Number         0  sys.o ABSOLUTE
    ..\SYSTEM\usart\usart.c                  0x00000000   Number         0  usart.o ABSOLUTE
    ..\\FWLIB\\src\\misc.c                   0x00000000   Number         0  misc.o ABSOLUTE
    ..\\FWLIB\\src\\stm32f4xx_fsmc.c         0x00000000   Number         0  stm32f4xx_fsmc.o ABSOLUTE
    ..\\FWLIB\\src\\stm32f4xx_gpio.c         0x00000000   Number         0  stm32f4xx_gpio.o ABSOLUTE
    ..\\FWLIB\\src\\stm32f4xx_rcc.c          0x00000000   Number         0  stm32f4xx_rcc.o ABSOLUTE
    ..\\FWLIB\\src\\stm32f4xx_syscfg.c       0x00000000   Number         0  stm32f4xx_syscfg.o ABSOLUTE
    ..\\FWLIB\\src\\stm32f4xx_tim.c          0x00000000   Number         0  stm32f4xx_tim.o ABSOLUTE
    ..\\FWLIB\\src\\stm32f4xx_usart.c        0x00000000   Number         0  stm32f4xx_usart.o ABSOLUTE
    ..\\HARDWARE\\BEEP\\beep.c               0x00000000   Number         0  beep.o ABSOLUTE
    ..\\HARDWARE\\LCD\\lcd.c                 0x00000000   Number         0  lcd.o ABSOLUTE
    ..\\HARDWARE\\LED\\led.c                 0x00000000   Number         0  led.o ABSOLUTE
    ..\\HARDWARE\\TIM\\time.c                0x00000000   Number         0  time.o ABSOLUTE
    ..\\SYSTEM\\delay\\delay.c               0x00000000   Number         0  delay.o ABSOLUTE
    ..\\SYSTEM\\sys\\sys.c                   0x00000000   Number         0  sys.o ABSOLUTE
    ..\\SYSTEM\\usart\\usart.c               0x00000000   Number         0  usart.o ABSOLUTE
    dc.s                                     0x00000000   Number         0  dc.o ABSOLUTE
    main.c                                   0x00000000   Number         0  main.o ABSOLUTE
    main.c                                   0x00000000   Number         0  main.o ABSOLUTE
    stm32f4xx_it.c                           0x00000000   Number         0  stm32f4xx_it.o ABSOLUTE
    stm32f4xx_it.c                           0x00000000   Number         0  stm32f4xx_it.o ABSOLUTE
    system_stm32f4xx.c                       0x00000000   Number         0  system_stm32f4xx.o ABSOLUTE
    system_stm32f4xx.c                       0x00000000   Number         0  system_stm32f4xx.o ABSOLUTE
    RESET                                    0x08000000   Section      392  startup_stm32f40_41xxx.o(RESET)
    !!!main                                  0x08000188   Section        8  __main.o(!!!main)
    !!!scatter                               0x08000190   Section       52  __scatter.o(!!!scatter)
    !!handler_copy                           0x080001c4   Section       26  __scatter_copy.o(!!handler_copy)
    !!handler_zi                             0x080001e0   Section       28  __scatter_zi.o(!!handler_zi)
    .ARM.Collect$$_printf_percent$$00000000  0x080001fc   Section        0  _printf_percent.o(.ARM.Collect$$_printf_percent$$00000000)
    .ARM.Collect$$_printf_percent$$0000000C  0x080001fc   Section        6  _printf_x.o(.ARM.Collect$$_printf_percent$$0000000C)
    .ARM.Collect$$_printf_percent$$00000017  0x08000202   Section        4  _printf_percent_end.o(.ARM.Collect$$_printf_percent$$00000017)
    .ARM.Collect$$libinit$$00000000          0x08000206   Section        2  libinit.o(.ARM.Collect$$libinit$$00000000)
    .ARM.Collect$$libinit$$00000001          0x08000208   Section        4  libinit2.o(.ARM.Collect$$libinit$$00000001)
    .ARM.Collect$$libinit$$00000004          0x0800020c   Section        0  libinit2.o(.ARM.Collect$$libinit$$00000004)
    .ARM.Collect$$libinit$$0000000A          0x0800020c   Section        0  libinit2.o(.ARM.Collect$$libinit$$0000000A)
    .ARM.Collect$$libinit$$0000000C          0x0800020c   Section        0  libinit2.o(.ARM.Collect$$libinit$$0000000C)
    .ARM.Collect$$libinit$$0000000E          0x0800020c   Section        0  libinit2.o(.ARM.Collect$$libinit$$0000000E)
    .ARM.Collect$$libinit$$00000011          0x0800020c   Section        0  libinit2.o(.ARM.Collect$$libinit$$00000011)
    .ARM.Collect$$libinit$$00000013          0x0800020c   Section        0  libinit2.o(.ARM.Collect$$libinit$$00000013)
    .ARM.Collect$$libinit$$00000015          0x0800020c   Section        0  libinit2.o(.ARM.Collect$$libinit$$00000015)
    .ARM.Collect$$libinit$$00000017          0x0800020c   Section        0  libinit2.o(.ARM.Collect$$libinit$$00000017)
    .ARM.Collect$$libinit$$00000019          0x0800020c   Section        0  libinit2.o(.ARM.Collect$$libinit$$00000019)
    .ARM.Collect$$libinit$$0000001B          0x0800020c   Section        0  libinit2.o(.ARM.Collect$$libinit$$0000001B)
    .ARM.Collect$$libinit$$0000001D          0x0800020c   Section        0  libinit2.o(.ARM.Collect$$libinit$$0000001D)
    .ARM.Collect$$libinit$$0000001F          0x0800020c   Section        0  libinit2.o(.ARM.Collect$$libinit$$0000001F)
    .ARM.Collect$$libinit$$00000021          0x0800020c   Section        0  libinit2.o(.ARM.Collect$$libinit$$00000021)
    .ARM.Collect$$libinit$$00000023          0x0800020c   Section        0  libinit2.o(.ARM.Collect$$libinit$$00000023)
    .ARM.Collect$$libinit$$00000025          0x0800020c   Section        0  libinit2.o(.ARM.Collect$$libinit$$00000025)
    .ARM.Collect$$libinit$$0000002C          0x0800020c   Section        0  libinit2.o(.ARM.Collect$$libinit$$0000002C)
    .ARM.Collect$$libinit$$0000002E          0x0800020c   Section        0  libinit2.o(.ARM.Collect$$libinit$$0000002E)
    .ARM.Collect$$libinit$$00000030          0x0800020c   Section        0  libinit2.o(.ARM.Collect$$libinit$$00000030)
    .ARM.Collect$$libinit$$00000032          0x0800020c   Section        0  libinit2.o(.ARM.Collect$$libinit$$00000032)
    .ARM.Collect$$libinit$$00000033          0x0800020c   Section        2  libinit2.o(.ARM.Collect$$libinit$$00000033)
    .ARM.Collect$$libshutdown$$00000000      0x0800020e   Section        2  libshutdown.o(.ARM.Collect$$libshutdown$$00000000)
    .ARM.Collect$$libshutdown$$00000003      0x08000210   Section        0  libshutdown2.o(.ARM.Collect$$libshutdown$$00000003)
    .ARM.Collect$$libshutdown$$00000006      0x08000210   Section        0  libshutdown2.o(.ARM.Collect$$libshutdown$$00000006)
    .ARM.Collect$$libshutdown$$00000009      0x08000210   Section        0  libshutdown2.o(.ARM.Collect$$libshutdown$$00000009)
    .ARM.Collect$$libshutdown$$0000000B      0x08000210   Section        0  libshutdown2.o(.ARM.Collect$$libshutdown$$0000000B)
    .ARM.Collect$$libshutdown$$0000000E      0x08000210   Section        0  libshutdown2.o(.ARM.Collect$$libshutdown$$0000000E)
    .ARM.Collect$$libshutdown$$0000000F      0x08000210   Section        2  libshutdown2.o(.ARM.Collect$$libshutdown$$0000000F)
    .ARM.Collect$$rtentry$$00000000          0x08000212   Section        0  __rtentry.o(.ARM.Collect$$rtentry$$00000000)
    .ARM.Collect$$rtentry$$00000002          0x08000212   Section        0  __rtentry2.o(.ARM.Collect$$rtentry$$00000002)
    .ARM.Collect$$rtentry$$00000004          0x08000212   Section        6  __rtentry4.o(.ARM.Collect$$rtentry$$00000004)
    .ARM.Collect$$rtentry$$00000009          0x08000218   Section        0  __rtentry2.o(.ARM.Collect$$rtentry$$00000009)
    .ARM.Collect$$rtentry$$0000000A          0x08000218   Section        4  __rtentry2.o(.ARM.Collect$$rtentry$$0000000A)
    .ARM.Collect$$rtentry$$0000000C          0x0800021c   Section        0  __rtentry2.o(.ARM.Collect$$rtentry$$0000000C)
    .ARM.Collect$$rtentry$$0000000D          0x0800021c   Section        8  __rtentry2.o(.ARM.Collect$$rtentry$$0000000D)
    .ARM.Collect$$rtexit$$00000000           0x08000224   Section        2  rtexit.o(.ARM.Collect$$rtexit$$00000000)
    .ARM.Collect$$rtexit$$00000002           0x08000226   Section        0  rtexit2.o(.ARM.Collect$$rtexit$$00000002)
    .ARM.Collect$$rtexit$$00000003           0x08000226   Section        4  rtexit2.o(.ARM.Collect$$rtexit$$00000003)
    .ARM.Collect$$rtexit$$00000004           0x0800022a   Section        6  rtexit2.o(.ARM.Collect$$rtexit$$00000004)
    .text                                    0x08000230   Section        0  main.o(.text)
    .text                                    0x08000348   Section        0  stm32f4xx_it.o(.text)
    .text                                    0x08000364   Section        0  system_stm32f4xx.o(.text)
    SetSysClock                              0x08000365   Thumb Code   220  system_stm32f4xx.o(.text)
    .text                                    0x08000574   Section        0  led.o(.text)
    .text                                    0x080005b4   Section        0  lcd.o(.text)
    .text                                    0x08005234   Section        0  time.o(.text)
    .text                                    0x08005304   Section        0  delay.o(.text)
    .text                                    0x08005408   Section        0  usart.o(.text)
    .text                                    0x08005554   Section       64  startup_stm32f40_41xxx.o(.text)
    $v0                                      0x08005554   Number         0  startup_stm32f40_41xxx.o(.text)
    .text                                    0x08005594   Section        0  misc.o(.text)
    .text                                    0x08005674   Section        0  stm32f4xx_gpio.o(.text)
    .text                                    0x08005908   Section        0  stm32f4xx_fsmc.o(.text)
    .text                                    0x08005ed0   Section        0  stm32f4xx_rcc.o(.text)
    .text                                    0x0800652c   Section        0  stm32f4xx_usart.o(.text)
    .text                                    0x08006980   Section        0  stm32f4xx_tim.o(.text)
    TI4_Config                               0x0800711f   Thumb Code    80  stm32f4xx_tim.o(.text)
    TI3_Config                               0x08007181   Thumb Code    72  stm32f4xx_tim.o(.text)
    TI2_Config                               0x080071e3   Thumb Code    90  stm32f4xx_tim.o(.text)
    TI1_Config                               0x0800724f   Thumb Code    58  stm32f4xx_tim.o(.text)
    .text                                    0x08007622   Section        2  use_no_semi_2.o(.text)
    .text                                    0x08007624   Section        0  noretval__2printf.o(.text)
    .text                                    0x0800763c   Section        0  __printf.o(.text)
    .text                                    0x080076a4   Section        0  _printf_hex_int.o(.text)
    .text                                    0x080076fc   Section        0  heapauxi.o(.text)
    .text                                    0x08007702   Section        2  use_no_semi.o(.text)
    .text                                    0x08007704   Section        0  _printf_intcommon.o(.text)
    .text                                    0x080077b8   Section        0  _printf_char_file.o(.text)
    .text                                    0x080077dc   Section        0  _printf_char_common.o(.text)
    _printf_input_char                       0x080077dd   Thumb Code    10  _printf_char_common.o(.text)
    .text                                    0x0800780c   Section        0  ferror.o(.text)
    .text                                    0x08007814   Section       74  sys_stackheap_outer.o(.text)
    .text                                    0x0800785e   Section        0  exit.o(.text)
    .text                                    0x0800786c   Section        8  libspace.o(.text)
    x$fpl$ddiv                               0x08007874   Section      688  ddiv.o(x$fpl$ddiv)
    $v0                                      0x08007874   Number         0  ddiv.o(x$fpl$ddiv)
    ddiv_entry                               0x0800787b   Thumb Code     0  ddiv.o(x$fpl$ddiv)
    x$fpl$dfix                               0x08007b24   Section       94  dfix.o(x$fpl$dfix)
    $v0                                      0x08007b24   Number         0  dfix.o(x$fpl$dfix)
    x$fpl$dfixu                              0x08007b84   Section       90  dfixu.o(x$fpl$dfixu)
    $v0                                      0x08007b84   Number         0  dfixu.o(x$fpl$dfixu)
    x$fpl$dflt                               0x08007bde   Section       46  dflt_clz.o(x$fpl$dflt)
    $v0                                      0x08007bde   Number         0  dflt_clz.o(x$fpl$dflt)
    x$fpl$dfltu                              0x08007c0c   Section       38  dflt_clz.o(x$fpl$dfltu)
    $v0                                      0x08007c0c   Number         0  dflt_clz.o(x$fpl$dfltu)
    x$fpl$dmul                               0x08007c34   Section      340  dmul.o(x$fpl$dmul)
    $v0                                      0x08007c34   Number         0  dmul.o(x$fpl$dmul)
    x$fpl$dnaninf                            0x08007d88   Section      156  dnaninf.o(x$fpl$dnaninf)
    $v0                                      0x08007d88   Number         0  dnaninf.o(x$fpl$dnaninf)
    x$fpl$dretinf                            0x08007e24   Section       12  dretinf.o(x$fpl$dretinf)
    $v0                                      0x08007e24   Number         0  dretinf.o(x$fpl$dretinf)
    x$fpl$fpinit                             0x08007e30   Section       10  fpinit.o(x$fpl$fpinit)
    $v0                                      0x08007e30   Number         0  fpinit.o(x$fpl$fpinit)
    .constdata                               0x08007e3a   Section     6080  lcd.o(.constdata)
    x$fpl$usenofp                            0x08007e3a   Section        0  usenofp.o(x$fpl$usenofp)
    .constdata                               0x080095fc   Section       28  stm32f4xx_fsmc.o(.constdata)
    .constdata                               0x08009618   Section       40  _printf_hex_int.o(.constdata)
    uc_hextab                                0x08009618   Data          20  _printf_hex_int.o(.constdata)
    lc_hextab                                0x0800962c   Data          20  _printf_hex_int.o(.constdata)
    .data                                    0x20000000   Section       20  system_stm32f4xx.o(.data)
    .data                                    0x20000014   Section        4  lcd.o(.data)
    .data                                    0x20000018   Section        4  delay.o(.data)
    fac_us                                   0x20000018   Data           1  delay.o(.data)
    fac_ms                                   0x2000001a   Data           2  delay.o(.data)
    .data                                    0x2000001c   Section        6  usart.o(.data)
    .data                                    0x20000022   Section       16  stm32f4xx_rcc.o(.data)
    APBAHBPrescTable                         0x20000022   Data          16  stm32f4xx_rcc.o(.data)
    .bss                                     0x20000034   Section       14  lcd.o(.bss)
    .bss                                     0x20000042   Section      200  usart.o(.bss)
    .bss                                     0x2000010c   Section       96  libspace.o(.bss)
    HEAP                                     0x20000170   Section      512  startup_stm32f40_41xxx.o(HEAP)
    Heap_Mem                                 0x20000170   Data         512  startup_stm32f40_41xxx.o(HEAP)
    STACK                                    0x20000370   Section     1024  startup_stm32f40_41xxx.o(STACK)
    Stack_Mem                                0x20000370   Data        1024  startup_stm32f40_41xxx.o(STACK)
    __initial_sp                             0x20000770   Data           0  startup_stm32f40_41xxx.o(STACK)

    Global Symbols

    Symbol Name                              Value     Ov Type        Size  Object(Section)

    BuildAttributes$$THM_ISAv4$E$P$D$K$B$S$7EM$VFPi3$EXTD16$VFPS$VFMA$PE$A:L22UL41UL21$X:L11$S22US41US21$IEEE1$IW$USESV6$~STKCKD$USESV7$~SHL$OSPACE$ROPI$EBA8$UX$STANDARDLIB$REQ8$PRES8$EABIv2 0x00000000   Number         0  anon$$obj.o ABSOLUTE
    __ARM_use_no_argv                        0x00000000   Number         0  main.o ABSOLUTE
    __ARM_exceptions_init                     - Undefined Weak Reference
    __alloca_initialize                       - Undefined Weak Reference
    __arm_preinit_                            - Undefined Weak Reference
    __cpp_initialize__aeabi_                  - Undefined Weak Reference
    __cxa_finalize                            - Undefined Weak Reference
    __rt_locale                               - Undefined Weak Reference
    __sigvec_lookup                           - Undefined Weak Reference
    _atexit_init                              - Undefined Weak Reference
    _call_atexit_fns                          - Undefined Weak Reference
    _clock_init                               - Undefined Weak Reference
    _fp_trap_init                             - Undefined Weak Reference
    _fp_trap_shutdown                         - Undefined Weak Reference
    _get_lc_collate                           - Undefined Weak Reference
    _get_lc_ctype                             - Undefined Weak Reference
    _get_lc_monetary                          - Undefined Weak Reference
    _get_lc_numeric                           - Undefined Weak Reference
    _get_lc_time                              - Undefined Weak Reference
    _getenv_init                              - Undefined Weak Reference
    _handle_redirection                       - Undefined Weak Reference
    _init_alloc                               - Undefined Weak Reference
    _init_user_alloc                          - Undefined Weak Reference
    _initio                                   - Undefined Weak Reference
    _mutex_acquire                            - Undefined Weak Reference
    _mutex_release                            - Undefined Weak Reference
    _printf_post_padding                      - Undefined Weak Reference
    _printf_pre_padding                       - Undefined Weak Reference
    _printf_truncate_unsigned                 - Undefined Weak Reference
    _rand_init                                - Undefined Weak Reference
    _signal_finish                            - Undefined Weak Reference
    _signal_init                              - Undefined Weak Reference
    _terminate_alloc                          - Undefined Weak Reference
    _terminate_user_alloc                     - Undefined Weak Reference
    _terminateio                              - Undefined Weak Reference
    __Vectors_Size                           0x00000188   Number         0  startup_stm32f40_41xxx.o ABSOLUTE
    __Vectors                                0x08000000   Data           4  startup_stm32f40_41xxx.o(RESET)
    __Vectors_End                            0x08000188   Data           0  startup_stm32f40_41xxx.o(RESET)
    __main                                   0x08000189   Thumb Code     8  __main.o(!!!main)
    __scatterload                            0x08000191   Thumb Code     0  __scatter.o(!!!scatter)
    __scatterload_rt2                        0x08000191   Thumb Code    44  __scatter.o(!!!scatter)
    __scatterload_rt2_thumb_only             0x08000191   Thumb Code     0  __scatter.o(!!!scatter)
    __scatterload_null                       0x0800019f   Thumb Code     0  __scatter.o(!!!scatter)
    __scatterload_copy                       0x080001c5   Thumb Code    26  __scatter_copy.o(!!handler_copy)
    __scatterload_zeroinit                   0x080001e1   Thumb Code    28  __scatter_zi.o(!!handler_zi)
    _printf_percent                          0x080001fd   Thumb Code     0  _printf_percent.o(.ARM.Collect$$_printf_percent$$00000000)
    _printf_x                                0x080001fd   Thumb Code     0  _printf_x.o(.ARM.Collect$$_printf_percent$$0000000C)
    _printf_percent_end                      0x08000203   Thumb Code     0  _printf_percent_end.o(.ARM.Collect$$_printf_percent$$00000017)
    __rt_lib_init                            0x08000207   Thumb Code     0  libinit.o(.ARM.Collect$$libinit$$00000000)
    __rt_lib_init_fp_1                       0x08000209   Thumb Code     0  libinit2.o(.ARM.Collect$$libinit$$00000001)
    __rt_lib_init_alloca_1                   0x0800020d   Thumb Code     0  libinit2.o(.ARM.Collect$$libinit$$0000002E)
    __rt_lib_init_argv_1                     0x0800020d   Thumb Code     0  libinit2.o(.ARM.Collect$$libinit$$0000002C)
    __rt_lib_init_atexit_1                   0x0800020d   Thumb Code     0  libinit2.o(.ARM.Collect$$libinit$$0000001B)
    __rt_lib_init_clock_1                    0x0800020d   Thumb Code     0  libinit2.o(.ARM.Collect$$libinit$$00000021)
    __rt_lib_init_cpp_1                      0x0800020d   Thumb Code     0  libinit2.o(.ARM.Collect$$libinit$$00000032)
    __rt_lib_init_exceptions_1               0x0800020d   Thumb Code     0  libinit2.o(.ARM.Collect$$libinit$$00000030)
    __rt_lib_init_fp_trap_1                  0x0800020d   Thumb Code     0  libinit2.o(.ARM.Collect$$libinit$$0000001F)
    __rt_lib_init_getenv_1                   0x0800020d   Thumb Code     0  libinit2.o(.ARM.Collect$$libinit$$00000023)
    __rt_lib_init_heap_1                     0x0800020d   Thumb Code     0  libinit2.o(.ARM.Collect$$libinit$$0000000A)
    __rt_lib_init_lc_collate_1               0x0800020d   Thumb Code     0  libinit2.o(.ARM.Collect$$libinit$$00000011)
    __rt_lib_init_lc_ctype_1                 0x0800020d   Thumb Code     0  libinit2.o(.ARM.Collect$$libinit$$00000013)
    __rt_lib_init_lc_monetary_1              0x0800020d   Thumb Code     0  libinit2.o(.ARM.Collect$$libinit$$00000015)
    __rt_lib_init_lc_numeric_1               0x0800020d   Thumb Code     0  libinit2.o(.ARM.Collect$$libinit$$00000017)
    __rt_lib_init_lc_time_1                  0x0800020d   Thumb Code     0  libinit2.o(.ARM.Collect$$libinit$$00000019)
    __rt_lib_init_preinit_1                  0x0800020d   Thumb Code     0  libinit2.o(.ARM.Collect$$libinit$$00000004)
    __rt_lib_init_rand_1                     0x0800020d   Thumb Code     0  libinit2.o(.ARM.Collect$$libinit$$0000000E)
    __rt_lib_init_return                     0x0800020d   Thumb Code     0  libinit2.o(.ARM.Collect$$libinit$$00000033)
    __rt_lib_init_signal_1                   0x0800020d   Thumb Code     0  libinit2.o(.ARM.Collect$$libinit$$0000001D)
    __rt_lib_init_stdio_1                    0x0800020d   Thumb Code     0  libinit2.o(.ARM.Collect$$libinit$$00000025)
    __rt_lib_init_user_alloc_1               0x0800020d   Thumb Code     0  libinit2.o(.ARM.Collect$$libinit$$0000000C)
    __rt_lib_shutdown                        0x0800020f   Thumb Code     0  libshutdown.o(.ARM.Collect$$libshutdown$$00000000)
    __rt_lib_shutdown_fp_trap_1              0x08000211   Thumb Code     0  libshutdown2.o(.ARM.Collect$$libshutdown$$00000006)
    __rt_lib_shutdown_heap_1                 0x08000211   Thumb Code     0  libshutdown2.o(.ARM.Collect$$libshutdown$$0000000E)
    __rt_lib_shutdown_return                 0x08000211   Thumb Code     0  libshutdown2.o(.ARM.Collect$$libshutdown$$0000000F)
    __rt_lib_shutdown_signal_1               0x08000211   Thumb Code     0  libshutdown2.o(.ARM.Collect$$libshutdown$$00000009)
    __rt_lib_shutdown_stdio_1                0x08000211   Thumb Code     0  libshutdown2.o(.ARM.Collect$$libshutdown$$00000003)
    __rt_lib_shutdown_user_alloc_1           0x08000211   Thumb Code     0  libshutdown2.o(.ARM.Collect$$libshutdown$$0000000B)
    __rt_entry                               0x08000213   Thumb Code     0  __rtentry.o(.ARM.Collect$$rtentry$$00000000)
    __rt_entry_presh_1                       0x08000213   Thumb Code     0  __rtentry2.o(.ARM.Collect$$rtentry$$00000002)
    __rt_entry_sh                            0x08000213   Thumb Code     0  __rtentry4.o(.ARM.Collect$$rtentry$$00000004)
    __rt_entry_li                            0x08000219   Thumb Code     0  __rtentry2.o(.ARM.Collect$$rtentry$$0000000A)
    __rt_entry_postsh_1                      0x08000219   Thumb Code     0  __rtentry2.o(.ARM.Collect$$rtentry$$00000009)
    __rt_entry_main                          0x0800021d   Thumb Code     0  __rtentry2.o(.ARM.Collect$$rtentry$$0000000D)
    __rt_entry_postli_1                      0x0800021d   Thumb Code     0  __rtentry2.o(.ARM.Collect$$rtentry$$0000000C)
    __rt_exit                                0x08000225   Thumb Code     0  rtexit.o(.ARM.Collect$$rtexit$$00000000)
    __rt_exit_ls                             0x08000227   Thumb Code     0  rtexit2.o(.ARM.Collect$$rtexit$$00000003)
    __rt_exit_prels_1                        0x08000227   Thumb Code     0  rtexit2.o(.ARM.Collect$$rtexit$$00000002)
    __rt_exit_exit                           0x0800022b   Thumb Code     0  rtexit2.o(.ARM.Collect$$rtexit$$00000004)
    main                                     0x08000231   Thumb Code   234  main.o(.text)
    NMI_Handler                              0x08000349   Thumb Code     2  stm32f4xx_it.o(.text)
    HardFault_Handler                        0x0800034b   Thumb Code     4  stm32f4xx_it.o(.text)
    MemManage_Handler                        0x0800034f   Thumb Code     4  stm32f4xx_it.o(.text)
    BusFault_Handler                         0x08000353   Thumb Code     4  stm32f4xx_it.o(.text)
    UsageFault_Handler                       0x08000357   Thumb Code     4  stm32f4xx_it.o(.text)
    SVC_Handler                              0x0800035b   Thumb Code     2  stm32f4xx_it.o(.text)
    DebugMon_Handler                         0x0800035d   Thumb Code     2  stm32f4xx_it.o(.text)
    PendSV_Handler                           0x0800035f   Thumb Code     2  stm32f4xx_it.o(.text)
    SysTick_Handler                          0x08000361   Thumb Code     2  stm32f4xx_it.o(.text)
    SystemInit                               0x08000441   Thumb Code    88  system_stm32f4xx.o(.text)
    SystemCoreClockUpdate                    0x08000499   Thumb Code   174  system_stm32f4xx.o(.text)
    LED_Init                                 0x08000575   Thumb Code    60  led.o(.text)
    LCD_WR_REG                               0x080005b5   Thumb Code    18  lcd.o(.text)
    LCD_WR_DATA                              0x080005c7   Thumb Code    20  lcd.o(.text)
    LCD_RD_DATA                              0x080005db   Thumb Code    16  lcd.o(.text)
    LCD_WriteReg                             0x080005eb   Thumb Code    14  lcd.o(.text)
    LCD_ReadReg                              0x080005f9   Thumb Code    22  lcd.o(.text)
    LCD_WriteRAM_Prepare                     0x0800060f   Thumb Code    10  lcd.o(.text)
    LCD_WriteRAM                             0x08000619   Thumb Code     8  lcd.o(.text)
    LCD_BGR2RGB                              0x08000621   Thumb Code    26  lcd.o(.text)
    opt_delay                                0x0800063b   Thumb Code    14  lcd.o(.text)
    LCD_SetCursor                            0x08000649   Thumb Code   418  lcd.o(.text)
    LCD_ReadPoint                            0x080007eb   Thumb Code   360  lcd.o(.text)
    LCD_DisplayOn                            0x08000953   Thumb Code   102  lcd.o(.text)
    LCD_DisplayOff                           0x080009b9   Thumb Code    90  lcd.o(.text)
    LCD_Scan_Dir                             0x08000a13   Thumb Code   744  lcd.o(.text)
    LCD_DrawPoint                            0x08000cfb   Thumb Code    28  lcd.o(.text)
    LCD_Fast_DrawPoint                       0x08000d17   Thumb Code   388  lcd.o(.text)
    LCD_SSD_BackLightSet                     0x08000e9b   Thumb Code    88  lcd.o(.text)
    LCD_Display_Dir                          0x08000ef3   Thumb Code   444  lcd.o(.text)
    LCD_Set_Window                           0x080010af   Thumb Code   546  lcd.o(.text)
    LCD_Clear                                0x080012d1   Thumb Code   100  lcd.o(.text)
    LCD_Init                                 0x08001335   Thumb Code 14696  lcd.o(.text)
    LCD_Fill                                 0x08004c9d   Thumb Code   180  lcd.o(.text)
    LCD_Color_Fill                           0x08004d51   Thumb Code   100  lcd.o(.text)
    LCD_DrawLine                             0x08004db5   Thumb Code   176  lcd.o(.text)
    LCD_DrawRectangle                        0x08004e65   Thumb Code    60  lcd.o(.text)
    LCD_Draw_Circle                          0x08004ea1   Thumb Code   152  lcd.o(.text)
    LCD_ShowChar                             0x08004f39   Thumb Code   272  lcd.o(.text)
    LCD_Pow                                  0x08005049   Thumb Code    22  lcd.o(.text)
    LCD_ShowNum                              0x0800505f   Thumb Code   148  lcd.o(.text)
    LCD_ShowxNum                             0x080050f3   Thumb Code   220  lcd.o(.text)
    LCD_ShowString                           0x080051cf   Thumb Code   102  lcd.o(.text)
    TIM3_Int_Init                            0x08005235   Thumb Code   148  time.o(.text)
    TIM3_IRQHandler                          0x080052c9   Thumb Code    46  time.o(.text)
    delay_init                               0x08005305   Thumb Code    52  delay.o(.text)
    delay_us                                 0x08005339   Thumb Code    72  delay.o(.text)
    delay_xms                                0x08005381   Thumb Code    72  delay.o(.text)
    delay_ms                                 0x080053c9   Thumb Code    56  delay.o(.text)
    _sys_exit                                0x08005409   Thumb Code     6  usart.o(.text)
    fputc                                    0x0800540f   Thumb Code    22  usart.o(.text)
    uart_init                                0x08005425   Thumb Code   164  usart.o(.text)
    USART1_IRQHandler                        0x080054c9   Thumb Code   122  usart.o(.text)
    Reset_Handler                            0x08005555   Thumb Code     8  startup_stm32f40_41xxx.o(.text)
    ADC_IRQHandler                           0x0800556f   Thumb Code     0  startup_stm32f40_41xxx.o(.text)
    CAN1_RX0_IRQHandler                      0x0800556f   Thumb Code     0  startup_stm32f40_41xxx.o(.text)
    CAN1_RX1_IRQHandler                      0x0800556f   Thumb Code     0  startup_stm32f40_41xxx.o(.text)
    CAN1_SCE_IRQHandler                      0x0800556f   Thumb Code     0  startup_stm32f40_41xxx.o(.text)
    CAN1_TX_IRQHandler                       0x0800556f   Thumb Code     0  startup_stm32f40_41xxx.o(.text)
    CAN2_RX0_IRQHandler                      0x0800556f   Thumb Code     0  startup_stm32f40_41xxx.o(.text)
    CAN2_RX1_IRQHandler                      0x0800556f   Thumb Code     0  startup_stm32f40_41xxx.o(.text)
    CAN2_SCE_IRQHandler                      0x0800556f   Thumb Code     0  startup_stm32f40_41xxx.o(.text)
    CAN2_TX_IRQHandler                       0x0800556f   Thumb Code     0  startup_stm32f40_41xxx.o(.text)
    CRYP_IRQHandler                          0x0800556f   Thumb Code     0  startup_stm32f40_41xxx.o(.text)
    DCMI_IRQHandler                          0x0800556f   Thumb Code     0  startup_stm32f40_41xxx.o(.text)
    DMA1_Stream0_IRQHandler                  0x0800556f   Thumb Code     0  startup_stm32f40_41xxx.o(.text)
    DMA1_Stream1_IRQHandler                  0x0800556f   Thumb Code     0  startup_stm32f40_41xxx.o(.text)
    DMA1_Stream2_IRQHandler                  0x0800556f   Thumb Code     0  startup_stm32f40_41xxx.o(.text)
    DMA1_Stream3_IRQHandler                  0x0800556f   Thumb Code     0  startup_stm32f40_41xxx.o(.text)
    DMA1_Stream4_IRQHandler                  0x0800556f   Thumb Code     0  startup_stm32f40_41xxx.o(.text)
    DMA1_Stream5_IRQHandler                  0x0800556f   Thumb Code     0  startup_stm32f40_41xxx.o(.text)
    DMA1_Stream6_IRQHandler                  0x0800556f   Thumb Code     0  startup_stm32f40_41xxx.o(.text)
    DMA1_Stream7_IRQHandler                  0x0800556f   Thumb Code     0  startup_stm32f40_41xxx.o(.text)
    DMA2_Stream0_IRQHandler                  0x0800556f   Thumb Code     0  startup_stm32f40_41xxx.o(.text)
    DMA2_Stream1_IRQHandler                  0x0800556f   Thumb Code     0  startup_stm32f40_41xxx.o(.text)
    DMA2_Stream2_IRQHandler                  0x0800556f   Thumb Code     0  startup_stm32f40_41xxx.o(.text)
    DMA2_Stream3_IRQHandler                  0x0800556f   Thumb Code     0  startup_stm32f40_41xxx.o(.text)
    DMA2_Stream4_IRQHandler                  0x0800556f   Thumb Code     0  startup_stm32f40_41xxx.o(.text)
    DMA2_Stream5_IRQHandler                  0x0800556f   Thumb Code     0  startup_stm32f40_41xxx.o(.text)
    DMA2_Stream6_IRQHandler                  0x0800556f   Thumb Code     0  startup_stm32f40_41xxx.o(.text)
    DMA2_Stream7_IRQHandler                  0x0800556f   Thumb Code     0  startup_stm32f40_41xxx.o(.text)
    ETH_IRQHandler                           0x0800556f   Thumb Code     0  startup_stm32f40_41xxx.o(.text)
    ETH_WKUP_IRQHandler                      0x0800556f   Thumb Code     0  startup_stm32f40_41xxx.o(.text)
    EXTI0_IRQHandler                         0x0800556f   Thumb Code     0  startup_stm32f40_41xxx.o(.text)
    EXTI15_10_IRQHandler                     0x0800556f   Thumb Code     0  startup_stm32f40_41xxx.o(.text)
    EXTI1_IRQHandler                         0x0800556f   Thumb Code     0  startup_stm32f40_41xxx.o(.text)
    EXTI2_IRQHandler                         0x0800556f   Thumb Code     0  startup_stm32f40_41xxx.o(.text)
    EXTI3_IRQHandler                         0x0800556f   Thumb Code     0  startup_stm32f40_41xxx.o(.text)
    EXTI4_IRQHandler                         0x0800556f   Thumb Code     0  startup_stm32f40_41xxx.o(.text)
    EXTI9_5_IRQHandler                       0x0800556f   Thumb Code     0  startup_stm32f40_41xxx.o(.text)
    FLASH_IRQHandler                         0x0800556f   Thumb Code     0  startup_stm32f40_41xxx.o(.text)
    FPU_IRQHandler                           0x0800556f   Thumb Code     0  startup_stm32f40_41xxx.o(.text)
    FSMC_IRQHandler                          0x0800556f   Thumb Code     0  startup_stm32f40_41xxx.o(.text)
    HASH_RNG_IRQHandler                      0x0800556f   Thumb Code     0  startup_stm32f40_41xxx.o(.text)
    I2C1_ER_IRQHandler                       0x0800556f   Thumb Code     0  startup_stm32f40_41xxx.o(.text)
    I2C1_EV_IRQHandler                       0x0800556f   Thumb Code     0  startup_stm32f40_41xxx.o(.text)
    I2C2_ER_IRQHandler                       0x0800556f   Thumb Code     0  startup_stm32f40_41xxx.o(.text)
    I2C2_EV_IRQHandler                       0x0800556f   Thumb Code     0  startup_stm32f40_41xxx.o(.text)
    I2C3_ER_IRQHandler                       0x0800556f   Thumb Code     0  startup_stm32f40_41xxx.o(.text)
    I2C3_EV_IRQHandler                       0x0800556f   Thumb Code     0  startup_stm32f40_41xxx.o(.text)
    OTG_FS_IRQHandler                        0x0800556f   Thumb Code     0  startup_stm32f40_41xxx.o(.text)
    OTG_FS_WKUP_IRQHandler                   0x0800556f   Thumb Code     0  startup_stm32f40_41xxx.o(.text)
    OTG_HS_EP1_IN_IRQHandler                 0x0800556f   Thumb Code     0  startup_stm32f40_41xxx.o(.text)
    OTG_HS_EP1_OUT_IRQHandler                0x0800556f   Thumb Code     0  startup_stm32f40_41xxx.o(.text)
    OTG_HS_IRQHandler                        0x0800556f   Thumb Code     0  startup_stm32f40_41xxx.o(.text)
    OTG_HS_WKUP_IRQHandler                   0x0800556f   Thumb Code     0  startup_stm32f40_41xxx.o(.text)
    PVD_IRQHandler                           0x0800556f   Thumb Code     0  startup_stm32f40_41xxx.o(.text)
    RCC_IRQHandler                           0x0800556f   Thumb Code     0  startup_stm32f40_41xxx.o(.text)
    RTC_Alarm_IRQHandler                     0x0800556f   Thumb Code     0  startup_stm32f40_41xxx.o(.text)
    RTC_WKUP_IRQHandler                      0x0800556f   Thumb Code     0  startup_stm32f40_41xxx.o(.text)
    SDIO_IRQHandler                          0x0800556f   Thumb Code     0  startup_stm32f40_41xxx.o(.text)
    SPI1_IRQHandler                          0x0800556f   Thumb Code     0  startup_stm32f40_41xxx.o(.text)
    SPI2_IRQHandler                          0x0800556f   Thumb Code     0  startup_stm32f40_41xxx.o(.text)
    SPI3_IRQHandler                          0x0800556f   Thumb Code     0  startup_stm32f40_41xxx.o(.text)
    TAMP_STAMP_IRQHandler                    0x0800556f   Thumb Code     0  startup_stm32f40_41xxx.o(.text)
    TIM1_BRK_TIM9_IRQHandler                 0x0800556f   Thumb Code     0  startup_stm32f40_41xxx.o(.text)
    TIM1_CC_IRQHandler                       0x0800556f   Thumb Code     0  startup_stm32f40_41xxx.o(.text)
    TIM1_TRG_COM_TIM11_IRQHandler            0x0800556f   Thumb Code     0  startup_stm32f40_41xxx.o(.text)
    TIM1_UP_TIM10_IRQHandler                 0x0800556f   Thumb Code     0  startup_stm32f40_41xxx.o(.text)
    TIM2_IRQHandler                          0x0800556f   Thumb Code     0  startup_stm32f40_41xxx.o(.text)
    TIM4_IRQHandler                          0x0800556f   Thumb Code     0  startup_stm32f40_41xxx.o(.text)
    TIM5_IRQHandler                          0x0800556f   Thumb Code     0  startup_stm32f40_41xxx.o(.text)
    TIM6_DAC_IRQHandler                      0x0800556f   Thumb Code     0  startup_stm32f40_41xxx.o(.text)
    TIM7_IRQHandler                          0x0800556f   Thumb Code     0  startup_stm32f40_41xxx.o(.text)
    TIM8_BRK_TIM12_IRQHandler                0x0800556f   Thumb Code     0  startup_stm32f40_41xxx.o(.text)
    TIM8_CC_IRQHandler                       0x0800556f   Thumb Code     0  startup_stm32f40_41xxx.o(.text)
    TIM8_TRG_COM_TIM14_IRQHandler            0x0800556f   Thumb Code     0  startup_stm32f40_41xxx.o(.text)
    TIM8_UP_TIM13_IRQHandler                 0x0800556f   Thumb Code     0  startup_stm32f40_41xxx.o(.text)
    UART4_IRQHandler                         0x0800556f   Thumb Code     0  startup_stm32f40_41xxx.o(.text)
    UART5_IRQHandler                         0x0800556f   Thumb Code     0  startup_stm32f40_41xxx.o(.text)
    USART2_IRQHandler                        0x0800556f   Thumb Code     0  startup_stm32f40_41xxx.o(.text)
    USART3_IRQHandler                        0x0800556f   Thumb Code     0  startup_stm32f40_41xxx.o(.text)
    USART6_IRQHandler                        0x0800556f   Thumb Code     0  startup_stm32f40_41xxx.o(.text)
    WWDG_IRQHandler                          0x0800556f   Thumb Code     0  startup_stm32f40_41xxx.o(.text)
    __user_initial_stackheap                 0x08005571   Thumb Code     0  startup_stm32f40_41xxx.o(.text)
    NVIC_PriorityGroupConfig                 0x08005595   Thumb Code    10  misc.o(.text)
    NVIC_Init                                0x0800559f   Thumb Code   106  misc.o(.text)
    NVIC_SetVectorTable                      0x08005609   Thumb Code    14  misc.o(.text)
    NVIC_SystemLPConfig                      0x08005617   Thumb Code    34  misc.o(.text)
    SysTick_CLKSourceConfig                  0x08005639   Thumb Code    40  misc.o(.text)
    GPIO_DeInit                              0x08005675   Thumb Code   268  stm32f4xx_gpio.o(.text)
    GPIO_Init                                0x08005781   Thumb Code   144  stm32f4xx_gpio.o(.text)
    GPIO_StructInit                          0x08005811   Thumb Code    18  stm32f4xx_gpio.o(.text)
    GPIO_PinLockConfig                       0x08005823   Thumb Code    34  stm32f4xx_gpio.o(.text)
    GPIO_ReadInputDataBit                    0x08005845   Thumb Code    18  stm32f4xx_gpio.o(.text)
    GPIO_ReadInputData                       0x08005857   Thumb Code     8  stm32f4xx_gpio.o(.text)
    GPIO_ReadOutputDataBit                   0x0800585f   Thumb Code    18  stm32f4xx_gpio.o(.text)
    GPIO_ReadOutputData                      0x08005871   Thumb Code     8  stm32f4xx_gpio.o(.text)
    GPIO_SetBits                             0x08005879   Thumb Code     4  stm32f4xx_gpio.o(.text)
    GPIO_ResetBits                           0x0800587d   Thumb Code     4  stm32f4xx_gpio.o(.text)
    GPIO_WriteBit                            0x08005881   Thumb Code    10  stm32f4xx_gpio.o(.text)
    GPIO_Write                               0x0800588b   Thumb Code     4  stm32f4xx_gpio.o(.text)
    GPIO_ToggleBits                          0x0800588f   Thumb Code     8  stm32f4xx_gpio.o(.text)
    GPIO_PinAFConfig                         0x08005897   Thumb Code    70  stm32f4xx_gpio.o(.text)
    FSMC_NORSRAMDeInit                       0x08005909   Thumb Code    54  stm32f4xx_fsmc.o(.text)
    FSMC_NORSRAMInit                         0x0800593f   Thumb Code   230  stm32f4xx_fsmc.o(.text)
    FSMC_NORSRAMStructInit                   0x08005a25   Thumb Code    48  stm32f4xx_fsmc.o(.text)
    FSMC_NORSRAMCmd                          0x08005a55   Thumb Code    46  stm32f4xx_fsmc.o(.text)
    FSMC_NANDDeInit                          0x08005a83   Thumb Code    62  stm32f4xx_fsmc.o(.text)
    FSMC_NANDInit                            0x08005ac1   Thumb Code   132  stm32f4xx_fsmc.o(.text)
    FSMC_NANDStructInit                      0x08005b45   Thumb Code    54  stm32f4xx_fsmc.o(.text)
    FSMC_NANDCmd                             0x08005b7b   Thumb Code    86  stm32f4xx_fsmc.o(.text)
    FSMC_NANDECCCmd                          0x08005bd1   Thumb Code    86  stm32f4xx_fsmc.o(.text)
    FSMC_GetECC                              0x08005c27   Thumb Code    24  stm32f4xx_fsmc.o(.text)
    FSMC_PCCARDDeInit                        0x08005c3f   Thumb Code    36  stm32f4xx_fsmc.o(.text)
    FSMC_PCCARDInit                          0x08005c63   Thumb Code   130  stm32f4xx_fsmc.o(.text)
    FSMC_PCCARDStructInit                    0x08005ce5   Thumb Code    60  stm32f4xx_fsmc.o(.text)
    FSMC_PCCARDCmd                           0x08005d21   Thumb Code    44  stm32f4xx_fsmc.o(.text)
    FSMC_ITConfig                            0x08005d4d   Thumb Code   128  stm32f4xx_fsmc.o(.text)
    FSMC_GetFlagStatus                       0x08005dcd   Thumb Code    54  stm32f4xx_fsmc.o(.text)
    FSMC_ClearFlag                           0x08005e03   Thumb Code    74  stm32f4xx_fsmc.o(.text)
    FSMC_GetITStatus                         0x08005e4d   Thumb Code    62  stm32f4xx_fsmc.o(.text)
    FSMC_ClearITPendingBit                   0x08005e8b   Thumb Code    66  stm32f4xx_fsmc.o(.text)
    RCC_DeInit                               0x08005ed1   Thumb Code    82  stm32f4xx_rcc.o(.text)
    RCC_HSEConfig                            0x08005f23   Thumb Code    14  stm32f4xx_rcc.o(.text)
    RCC_GetFlagStatus                        0x08005f31   Thumb Code    60  stm32f4xx_rcc.o(.text)
    RCC_WaitForHSEStartUp                    0x08005f6d   Thumb Code    56  stm32f4xx_rcc.o(.text)
    RCC_AdjustHSICalibrationValue            0x08005fa5   Thumb Code    20  stm32f4xx_rcc.o(.text)
    RCC_HSICmd                               0x08005fb9   Thumb Code     6  stm32f4xx_rcc.o(.text)
    RCC_LSEConfig                            0x08005fbf   Thumb Code    46  stm32f4xx_rcc.o(.text)
    RCC_LSICmd                               0x08005fed   Thumb Code     6  stm32f4xx_rcc.o(.text)
    RCC_PLLConfig                            0x08005ff3   Thumb Code    32  stm32f4xx_rcc.o(.text)
    RCC_PLLCmd                               0x08006013   Thumb Code     6  stm32f4xx_rcc.o(.text)
    RCC_PLLI2SConfig                         0x08006019   Thumb Code    14  stm32f4xx_rcc.o(.text)
    RCC_PLLI2SCmd                            0x08006027   Thumb Code     6  stm32f4xx_rcc.o(.text)
    RCC_PLLSAIConfig                         0x0800602d   Thumb Code    20  stm32f4xx_rcc.o(.text)
    RCC_PLLSAICmd                            0x08006041   Thumb Code     6  stm32f4xx_rcc.o(.text)
    RCC_ClockSecuritySystemCmd               0x08006047   Thumb Code     6  stm32f4xx_rcc.o(.text)
    RCC_MCO1Config                           0x0800604d   Thumb Code    28  stm32f4xx_rcc.o(.text)
    RCC_MCO2Config                           0x08006069   Thumb Code    28  stm32f4xx_rcc.o(.text)
    RCC_SYSCLKConfig                         0x08006085   Thumb Code    20  stm32f4xx_rcc.o(.text)
    RCC_GetSYSCLKSource                      0x08006099   Thumb Code    12  stm32f4xx_rcc.o(.text)
    RCC_HCLKConfig                           0x080060a5   Thumb Code    20  stm32f4xx_rcc.o(.text)
    RCC_PCLK1Config                          0x080060b9   Thumb Code    20  stm32f4xx_rcc.o(.text)
    RCC_PCLK2Config                          0x080060cd   Thumb Code    22  stm32f4xx_rcc.o(.text)
    RCC_GetClocksFreq                        0x080060e3   Thumb Code   222  stm32f4xx_rcc.o(.text)
    RCC_RTCCLKConfig                         0x080061c1   Thumb Code    54  stm32f4xx_rcc.o(.text)
    RCC_RTCCLKCmd                            0x080061f7   Thumb Code     8  stm32f4xx_rcc.o(.text)
    RCC_BackupResetCmd                       0x080061ff   Thumb Code     8  stm32f4xx_rcc.o(.text)
    RCC_I2SCLKConfig                         0x08006207   Thumb Code     6  stm32f4xx_rcc.o(.text)
    RCC_SAIPLLI2SClkDivConfig                0x0800620d   Thumb Code    26  stm32f4xx_rcc.o(.text)
    RCC_SAIPLLSAIClkDivConfig                0x08006227   Thumb Code    28  stm32f4xx_rcc.o(.text)
    RCC_SAIBlockACLKConfig                   0x08006243   Thumb Code    20  stm32f4xx_rcc.o(.text)
    RCC_SAIBlockBCLKConfig                   0x08006257   Thumb Code    20  stm32f4xx_rcc.o(.text)
    RCC_LTDCCLKDivConfig                     0x0800626b   Thumb Code    20  stm32f4xx_rcc.o(.text)
    RCC_TIMCLKPresConfig                     0x0800627f   Thumb Code     6  stm32f4xx_rcc.o(.text)
    RCC_AHB1PeriphClockCmd                   0x08006285   Thumb Code    34  stm32f4xx_rcc.o(.text)
    RCC_AHB2PeriphClockCmd                   0x080062a7   Thumb Code    78  stm32f4xx_rcc.o(.text)
    RCC_AHB3PeriphClockCmd                   0x080062f5   Thumb Code    34  stm32f4xx_rcc.o(.text)
    RCC_APB1PeriphClockCmd                   0x08006317   Thumb Code    34  stm32f4xx_rcc.o(.text)
    RCC_APB2PeriphClockCmd                   0x08006339   Thumb Code    34  stm32f4xx_rcc.o(.text)
    RCC_AHB1PeriphResetCmd                   0x0800635b   Thumb Code    34  stm32f4xx_rcc.o(.text)
    RCC_AHB2PeriphResetCmd                   0x0800637d   Thumb Code    34  stm32f4xx_rcc.o(.text)
    RCC_AHB3PeriphResetCmd                   0x0800639f   Thumb Code    34  stm32f4xx_rcc.o(.text)
    RCC_APB1PeriphResetCmd                   0x080063c1   Thumb Code    34  stm32f4xx_rcc.o(.text)
    RCC_APB2PeriphResetCmd                   0x080063e3   Thumb Code    34  stm32f4xx_rcc.o(.text)
    RCC_AHB1PeriphClockLPModeCmd             0x08006405   Thumb Code    34  stm32f4xx_rcc.o(.text)
    RCC_AHB2PeriphClockLPModeCmd             0x08006427   Thumb Code    34  stm32f4xx_rcc.o(.text)
    RCC_AHB3PeriphClockLPModeCmd             0x08006449   Thumb Code    34  stm32f4xx_rcc.o(.text)
    RCC_APB1PeriphClockLPModeCmd             0x0800646b   Thumb Code    34  stm32f4xx_rcc.o(.text)
    RCC_APB2PeriphClockLPModeCmd             0x0800648d   Thumb Code    34  stm32f4xx_rcc.o(.text)
    RCC_LSEModeConfig                        0x080064af   Thumb Code    40  stm32f4xx_rcc.o(.text)
    RCC_ITConfig                             0x080064d7   Thumb Code    34  stm32f4xx_rcc.o(.text)
    RCC_ClearFlag                            0x080064f9   Thumb Code    18  stm32f4xx_rcc.o(.text)
    RCC_GetITStatus                          0x0800650b   Thumb Code    22  stm32f4xx_rcc.o(.text)
    RCC_ClearITPendingBit                    0x08006521   Thumb Code     8  stm32f4xx_rcc.o(.text)
    USART_DeInit                             0x0800652d   Thumb Code   206  stm32f4xx_usart.o(.text)
    USART_Init                               0x080065fb   Thumb Code   204  stm32f4xx_usart.o(.text)
    USART_StructInit                         0x080066c7   Thumb Code    24  stm32f4xx_usart.o(.text)
    USART_ClockInit                          0x080066df   Thumb Code    32  stm32f4xx_usart.o(.text)
    USART_ClockStructInit                    0x080066ff   Thumb Code    12  stm32f4xx_usart.o(.text)
    USART_Cmd                                0x0800670b   Thumb Code    24  stm32f4xx_usart.o(.text)
    USART_SetPrescaler                       0x08006723   Thumb Code    16  stm32f4xx_usart.o(.text)
    USART_OverSampling8Cmd                   0x08006733   Thumb Code    22  stm32f4xx_usart.o(.text)
    USART_OneBitMethodCmd                    0x08006749   Thumb Code    24  stm32f4xx_usart.o(.text)
    USART_SendData                           0x08006761   Thumb Code     8  stm32f4xx_usart.o(.text)
    USART_ReceiveData                        0x08006769   Thumb Code    10  stm32f4xx_usart.o(.text)
    USART_SetAddress                         0x08006773   Thumb Code    18  stm32f4xx_usart.o(.text)
    USART_ReceiverWakeUpCmd                  0x08006785   Thumb Code    24  stm32f4xx_usart.o(.text)
    USART_WakeUpConfig                       0x0800679d   Thumb Code    18  stm32f4xx_usart.o(.text)
    USART_LINBreakDetectLengthConfig         0x080067af   Thumb Code    18  stm32f4xx_usart.o(.text)
    USART_LINCmd                             0x080067c1   Thumb Code    24  stm32f4xx_usart.o(.text)
    USART_SendBreak                          0x080067d9   Thumb Code    10  stm32f4xx_usart.o(.text)
    USART_HalfDuplexCmd                      0x080067e3   Thumb Code    24  stm32f4xx_usart.o(.text)
    USART_SetGuardTime                       0x080067fb   Thumb Code    16  stm32f4xx_usart.o(.text)
    USART_SmartCardCmd                       0x0800680b   Thumb Code    24  stm32f4xx_usart.o(.text)
    USART_SmartCardNACKCmd                   0x08006823   Thumb Code    24  stm32f4xx_usart.o(.text)
    USART_IrDAConfig                         0x0800683b   Thumb Code    18  stm32f4xx_usart.o(.text)
    USART_IrDACmd                            0x0800684d   Thumb Code    24  stm32f4xx_usart.o(.text)
    USART_DMACmd                             0x08006865   Thumb Code    18  stm32f4xx_usart.o(.text)
    USART_ITConfig                           0x08006877   Thumb Code    74  stm32f4xx_usart.o(.text)
    USART_GetFlagStatus                      0x080068c1   Thumb Code    26  stm32f4xx_usart.o(.text)
    USART_ClearFlag                          0x080068db   Thumb Code    18  stm32f4xx_usart.o(.text)
    USART_GetITStatus                        0x080068ed   Thumb Code   118  stm32f4xx_usart.o(.text)
    USART_ClearITPendingBit                  0x08006963   Thumb Code    30  stm32f4xx_usart.o(.text)
    TIM_DeInit                               0x08006981   Thumb Code   346  stm32f4xx_tim.o(.text)
    TIM_TimeBaseInit                         0x08006adb   Thumb Code   104  stm32f4xx_tim.o(.text)
    TIM_TimeBaseStructInit                   0x08006b43   Thumb Code    18  stm32f4xx_tim.o(.text)
    TIM_PrescalerConfig                      0x08006b55   Thumb Code     6  stm32f4xx_tim.o(.text)
    TIM_CounterModeConfig                    0x08006b5b   Thumb Code    18  stm32f4xx_tim.o(.text)
    TIM_SetCounter                           0x08006b6d   Thumb Code     4  stm32f4xx_tim.o(.text)
    TIM_SetAutoreload                        0x08006b71   Thumb Code     4  stm32f4xx_tim.o(.text)
    TIM_GetCounter                           0x08006b75   Thumb Code     6  stm32f4xx_tim.o(.text)
    TIM_GetPrescaler                         0x08006b7b   Thumb Code     6  stm32f4xx_tim.o(.text)
    TIM_UpdateDisableConfig                  0x08006b81   Thumb Code    24  stm32f4xx_tim.o(.text)
    TIM_UpdateRequestConfig                  0x08006b99   Thumb Code    24  stm32f4xx_tim.o(.text)
    TIM_ARRPreloadConfig                     0x08006bb1   Thumb Code    24  stm32f4xx_tim.o(.text)
    TIM_SelectOnePulseMode                   0x08006bc9   Thumb Code    18  stm32f4xx_tim.o(.text)
    TIM_SetClockDivision                     0x08006bdb   Thumb Code    18  stm32f4xx_tim.o(.text)
    TIM_Cmd                                  0x08006bed   Thumb Code    24  stm32f4xx_tim.o(.text)
    TIM_OC1Init                              0x08006c05   Thumb Code   114  stm32f4xx_tim.o(.text)
    TIM_OC2Init                              0x08006c77   Thumb Code   154  stm32f4xx_tim.o(.text)
    TIM_OC3Init                              0x08006d11   Thumb Code   204  stm32f4xx_tim.o(.text)
    TIM_OC4Init                              0x08006ddd   Thumb Code   112  stm32f4xx_tim.o(.text)
    TIM_OCStructInit                         0x08006e4d   Thumb Code    20  stm32f4xx_tim.o(.text)
    TIM_SelectOCxM                           0x08006e61   Thumb Code    86  stm32f4xx_tim.o(.text)
    TIM_SetCompare1                          0x08006eb7   Thumb Code     4  stm32f4xx_tim.o(.text)
    TIM_SetCompare2                          0x08006ebb   Thumb Code     4  stm32f4xx_tim.o(.text)
    TIM_SetCompare3                          0x08006ebf   Thumb Code     4  stm32f4xx_tim.o(.text)
    TIM_SetCompare4                          0x08006ec3   Thumb Code     4  stm32f4xx_tim.o(.text)
    TIM_ForcedOC1Config                      0x08006ec7   Thumb Code    18  stm32f4xx_tim.o(.text)
    TIM_ForcedOC2Config                      0x08006ed9   Thumb Code    26  stm32f4xx_tim.o(.text)
    TIM_ForcedOC3Config                      0x08006ef3   Thumb Code    18  stm32f4xx_tim.o(.text)
    TIM_ForcedOC4Config                      0x08006f05   Thumb Code    26  stm32f4xx_tim.o(.text)
    TIM_OC1PreloadConfig                     0x08006f1f   Thumb Code    18  stm32f4xx_tim.o(.text)
    TIM_OC2PreloadConfig                     0x08006f31   Thumb Code    26  stm32f4xx_tim.o(.text)
    TIM_OC3PreloadConfig                     0x08006f4b   Thumb Code    18  stm32f4xx_tim.o(.text)
    TIM_OC4PreloadConfig                     0x08006f5d   Thumb Code    26  stm32f4xx_tim.o(.text)
    TIM_OC1FastConfig                        0x08006f77   Thumb Code    18  stm32f4xx_tim.o(.text)
    TIM_OC2FastConfig                        0x08006f89   Thumb Code    26  stm32f4xx_tim.o(.text)
    TIM_OC3FastConfig                        0x08006fa3   Thumb Code    18  stm32f4xx_tim.o(.text)
    TIM_OC4FastConfig                        0x08006fb5   Thumb Code    26  stm32f4xx_tim.o(.text)
    TIM_ClearOC1Ref                          0x08006fcf   Thumb Code    18  stm32f4xx_tim.o(.text)
    TIM_ClearOC2Ref                          0x08006fe1   Thumb Code    24  stm32f4xx_tim.o(.text)
    TIM_ClearOC3Ref                          0x08006ff9   Thumb Code    18  stm32f4xx_tim.o(.text)
    TIM_ClearOC4Ref                          0x0800700b   Thumb Code    24  stm32f4xx_tim.o(.text)
    TIM_OC1PolarityConfig                    0x08007023   Thumb Code    18  stm32f4xx_tim.o(.text)
    TIM_OC1NPolarityConfig                   0x08007035   Thumb Code    18  stm32f4xx_tim.o(.text)
    TIM_OC2PolarityConfig                    0x08007047   Thumb Code    26  stm32f4xx_tim.o(.text)
    TIM_OC2NPolarityConfig                   0x08007061   Thumb Code    26  stm32f4xx_tim.o(.text)
    TIM_OC3PolarityConfig                    0x0800707b   Thumb Code    26  stm32f4xx_tim.o(.text)
    TIM_OC3NPolarityConfig                   0x08007095   Thumb Code    26  stm32f4xx_tim.o(.text)
    TIM_OC4PolarityConfig                    0x080070af   Thumb Code    26  stm32f4xx_tim.o(.text)
    TIM_CCxCmd                               0x080070c9   Thumb Code    30  stm32f4xx_tim.o(.text)
    TIM_CCxNCmd                              0x080070e7   Thumb Code    30  stm32f4xx_tim.o(.text)
    TIM_SetIC4Prescaler                      0x08007105   Thumb Code    26  stm32f4xx_tim.o(.text)
    TIM_SetIC3Prescaler                      0x0800716f   Thumb Code    18  stm32f4xx_tim.o(.text)
    TIM_SetIC2Prescaler                      0x080071c9   Thumb Code    26  stm32f4xx_tim.o(.text)
    TIM_SetIC1Prescaler                      0x0800723d   Thumb Code    18  stm32f4xx_tim.o(.text)
    TIM_ICInit                               0x08007289   Thumb Code   110  stm32f4xx_tim.o(.text)
    TIM_ICStructInit                         0x080072f7   Thumb Code    18  stm32f4xx_tim.o(.text)
    TIM_PWMIConfig                           0x08007309   Thumb Code   124  stm32f4xx_tim.o(.text)
    TIM_GetCapture1                          0x08007385   Thumb Code     6  stm32f4xx_tim.o(.text)
    TIM_GetCapture2                          0x0800738b   Thumb Code     6  stm32f4xx_tim.o(.text)
    TIM_GetCapture3                          0x08007391   Thumb Code     6  stm32f4xx_tim.o(.text)
    TIM_GetCapture4                          0x08007397   Thumb Code     6  stm32f4xx_tim.o(.text)
    TIM_BDTRConfig                           0x0800739d   Thumb Code    32  stm32f4xx_tim.o(.text)
    TIM_BDTRStructInit                       0x080073bd   Thumb Code    18  stm32f4xx_tim.o(.text)
    TIM_CtrlPWMOutputs                       0x080073cf   Thumb Code    30  stm32f4xx_tim.o(.text)
    TIM_SelectCOM                            0x080073ed   Thumb Code    24  stm32f4xx_tim.o(.text)
    TIM_CCPreloadControl                     0x08007405   Thumb Code    24  stm32f4xx_tim.o(.text)
    TIM_ITConfig                             0x0800741d   Thumb Code    18  stm32f4xx_tim.o(.text)
    TIM_GenerateEvent                        0x0800742f   Thumb Code     4  stm32f4xx_tim.o(.text)
    TIM_GetFlagStatus                        0x08007433   Thumb Code    18  stm32f4xx_tim.o(.text)
    TIM_ClearFlag                            0x08007445   Thumb Code     6  stm32f4xx_tim.o(.text)
    TIM_GetITStatus                          0x0800744b   Thumb Code    34  stm32f4xx_tim.o(.text)
    TIM_ClearITPendingBit                    0x0800746d   Thumb Code     6  stm32f4xx_tim.o(.text)
    TIM_DMAConfig                            0x08007473   Thumb Code    10  stm32f4xx_tim.o(.text)
    TIM_DMACmd                               0x0800747d   Thumb Code    18  stm32f4xx_tim.o(.text)
    TIM_SelectCCDMA                          0x0800748f   Thumb Code    24  stm32f4xx_tim.o(.text)
    TIM_InternalClockConfig                  0x080074a7   Thumb Code    12  stm32f4xx_tim.o(.text)
    TIM_SelectInputTrigger                   0x080074b3   Thumb Code    18  stm32f4xx_tim.o(.text)
    TIM_ITRxExternalClockConfig              0x080074c5   Thumb Code    24  stm32f4xx_tim.o(.text)
    TIM_TIxExternalClockConfig               0x080074dd   Thumb Code    62  stm32f4xx_tim.o(.text)
    TIM_ETRConfig                            0x0800751b   Thumb Code    28  stm32f4xx_tim.o(.text)
    TIM_ETRClockMode1Config                  0x08007537   Thumb Code    54  stm32f4xx_tim.o(.text)
    TIM_ETRClockMode2Config                  0x0800756d   Thumb Code    32  stm32f4xx_tim.o(.text)
    TIM_SelectOutputTrigger                  0x0800758d   Thumb Code    18  stm32f4xx_tim.o(.text)
    TIM_SelectSlaveMode                      0x0800759f   Thumb Code    18  stm32f4xx_tim.o(.text)
    TIM_SelectMasterSlaveMode                0x080075b1   Thumb Code    18  stm32f4xx_tim.o(.text)
    TIM_EncoderInterfaceConfig               0x080075c3   Thumb Code    66  stm32f4xx_tim.o(.text)
    TIM_SelectHallSensor                     0x08007605   Thumb Code    24  stm32f4xx_tim.o(.text)
    TIM_RemapConfig                          0x0800761d   Thumb Code     6  stm32f4xx_tim.o(.text)
    __use_no_semihosting                     0x08007623   Thumb Code     2  use_no_semi_2.o(.text)
    __2printf                                0x08007625   Thumb Code    20  noretval__2printf.o(.text)
    __printf                                 0x0800763d   Thumb Code   104  __printf.o(.text)
    _printf_int_hex                          0x080076a5   Thumb Code    84  _printf_hex_int.o(.text)
    _printf_longlong_hex                     0x080076a5   Thumb Code     0  _printf_hex_int.o(.text)
    __use_two_region_memory                  0x080076fd   Thumb Code     2  heapauxi.o(.text)
    __rt_heap_escrow$2region                 0x080076ff   Thumb Code     2  heapauxi.o(.text)
    __rt_heap_expand$2region                 0x08007701   Thumb Code     2  heapauxi.o(.text)
    __I$use$semihosting                      0x08007703   Thumb Code     0  use_no_semi.o(.text)
    __use_no_semihosting_swi                 0x08007703   Thumb Code     2  use_no_semi.o(.text)
    _printf_int_common                       0x08007705   Thumb Code   178  _printf_intcommon.o(.text)
    _printf_char_file                        0x080077b9   Thumb Code    32  _printf_char_file.o(.text)
    _printf_char_common                      0x080077e7   Thumb Code    32  _printf_char_common.o(.text)
    ferror                                   0x0800780d   Thumb Code     8  ferror.o(.text)
    __user_setup_stackheap                   0x08007815   Thumb Code    74  sys_stackheap_outer.o(.text)
    exit                                     0x0800785f   Thumb Code    12  exit.o(.text)
    __user_libspace                          0x0800786d   Thumb Code     8  libspace.o(.text)
    __user_perproc_libspace                  0x0800786d   Thumb Code     0  libspace.o(.text)
    __user_perthread_libspace                0x0800786d   Thumb Code     0  libspace.o(.text)
    __aeabi_ddiv                             0x08007875   Thumb Code     0  ddiv.o(x$fpl$ddiv)
    _ddiv                                    0x08007875   Thumb Code   552  ddiv.o(x$fpl$ddiv)
    __aeabi_d2iz                             0x08007b25   Thumb Code     0  dfix.o(x$fpl$dfix)
    _dfix                                    0x08007b25   Thumb Code    94  dfix.o(x$fpl$dfix)
    __aeabi_d2uiz                            0x08007b85   Thumb Code     0  dfixu.o(x$fpl$dfixu)
    _dfixu                                   0x08007b85   Thumb Code    90  dfixu.o(x$fpl$dfixu)
    __aeabi_i2d                              0x08007bdf   Thumb Code     0  dflt_clz.o(x$fpl$dflt)
    _dflt                                    0x08007bdf   Thumb Code    46  dflt_clz.o(x$fpl$dflt)
    __aeabi_ui2d                             0x08007c0d   Thumb Code     0  dflt_clz.o(x$fpl$dfltu)
    _dfltu                                   0x08007c0d   Thumb Code    38  dflt_clz.o(x$fpl$dfltu)
    __aeabi_dmul                             0x08007c35   Thumb Code     0  dmul.o(x$fpl$dmul)
    _dmul                                    0x08007c35   Thumb Code   332  dmul.o(x$fpl$dmul)
    __fpl_dnaninf                            0x08007d89   Thumb Code   156  dnaninf.o(x$fpl$dnaninf)
    __fpl_dretinf                            0x08007e25   Thumb Code    12  dretinf.o(x$fpl$dretinf)
    _fp_init                                 0x08007e31   Thumb Code    10  fpinit.o(x$fpl$fpinit)
    __fplib_config_fpu_vfp                   0x08007e39   Thumb Code     0  fpinit.o(x$fpl$fpinit)
    __fplib_config_pureend_doubles           0x08007e39   Thumb Code     0  fpinit.o(x$fpl$fpinit)
    __I$use$fp                               0x08007e3a   Number         0  usenofp.o(x$fpl$usenofp)
    asc2_1206                                0x08007e3a   Data        1140  lcd.o(.constdata)
    asc2_1608                                0x080082ae   Data        1520  lcd.o(.constdata)
    asc2_2412                                0x0800889e   Data        3420  lcd.o(.constdata)
    FSMC_DefaultTimingStruct                 0x080095fc   Data          28  stm32f4xx_fsmc.o(.constdata)
    Region$$Table$$Base                      0x08009640   Number         0  anon$$obj.o(Region$$Table)
    Region$$Table$$Limit                     0x08009660   Number         0  anon$$obj.o(Region$$Table)
    SystemCoreClock                          0x20000000   Data           4  system_stm32f4xx.o(.data)
    AHBPrescTable                            0x20000004   Data          16  system_stm32f4xx.o(.data)
    POINT_COLOR                              0x20000014   Data           2  lcd.o(.data)
    BACK_COLOR                               0x20000016   Data           2  lcd.o(.data)
    __stdout                                 0x2000001c   Data           4  usart.o(.data)
    USART_RX_STA                             0x20000020   Data           2  usart.o(.data)
    lcddev                                   0x20000034   Data          14  lcd.o(.bss)
    USART_RX_BUF                             0x20000042   Data         200  usart.o(.bss)
    __libspace_start                         0x2000010c   Data          96  libspace.o(.bss)
    __temporary_stack_top$libspace           0x2000016c   Data           0  libspace.o(.bss)



==============================================================================

Memory Map of the image

  Image Entry point : 0x08000189

  Load Region LR_IROM1 (Base: 0x08000000, Size: 0x00009694, Max: 0x00100000, ABSOLUTE)

    Execution Region ER_IROM1 (Base: 0x08000000, Size: 0x00009660, Max: 0x00100000, ABSOLUTE)

    Base Addr    Size         Type   Attr      Idx    E Section Name        Object

    0x08000000   0x00000188   Data   RO          404    RESET               startup_stm32f40_41xxx.o
    0x08000188   0x00000008   Code   RO          609  * !!!main             c_w.l(__main.o)
    0x08000190   0x00000034   Code   RO          801    !!!scatter          c_w.l(__scatter.o)
    0x080001c4   0x0000001a   Code   RO          803    !!handler_copy      c_w.l(__scatter_copy.o)
    0x080001de   0x00000002   PAD
    0x080001e0   0x0000001c   Code   RO          805    !!handler_zi        c_w.l(__scatter_zi.o)
    0x080001fc   0x00000000   Code   RO          606    .ARM.Collect$$_printf_percent$$00000000  c_w.l(_printf_percent.o)
    0x080001fc   0x00000006   Code   RO          605    .ARM.Collect$$_printf_percent$$0000000C  c_w.l(_printf_x.o)
    0x08000202   0x00000004   Code   RO          638    .ARM.Collect$$_printf_percent$$00000017  c_w.l(_printf_percent_end.o)
    0x08000206   0x00000002   Code   RO          676    .ARM.Collect$$libinit$$00000000  c_w.l(libinit.o)
    0x08000208   0x00000004   Code   RO          682    .ARM.Collect$$libinit$$00000001  c_w.l(libinit2.o)
    0x0800020c   0x00000000   Code   RO          685    .ARM.Collect$$libinit$$00000004  c_w.l(libinit2.o)
    0x0800020c   0x00000000   Code   RO          688    .ARM.Collect$$libinit$$0000000A  c_w.l(libinit2.o)
    0x0800020c   0x00000000   Code   RO          690    .ARM.Collect$$libinit$$0000000C  c_w.l(libinit2.o)
    0x0800020c   0x00000000   Code   RO          692    .ARM.Collect$$libinit$$0000000E  c_w.l(libinit2.o)
    0x0800020c   0x00000000   Code   RO          695    .ARM.Collect$$libinit$$00000011  c_w.l(libinit2.o)
    0x0800020c   0x00000000   Code   RO          697    .ARM.Collect$$libinit$$00000013  c_w.l(libinit2.o)
    0x0800020c   0x00000000   Code   RO          699    .ARM.Collect$$libinit$$00000015  c_w.l(libinit2.o)
    0x0800020c   0x00000000   Code   RO          701    .ARM.Collect$$libinit$$00000017  c_w.l(libinit2.o)
    0x0800020c   0x00000000   Code   RO          703    .ARM.Collect$$libinit$$00000019  c_w.l(libinit2.o)
    0x0800020c   0x00000000   Code   RO          705    .ARM.Collect$$libinit$$0000001B  c_w.l(libinit2.o)
    0x0800020c   0x00000000   Code   RO          707    .ARM.Collect$$libinit$$0000001D  c_w.l(libinit2.o)
    0x0800020c   0x00000000   Code   RO          709    .ARM.Collect$$libinit$$0000001F  c_w.l(libinit2.o)
    0x0800020c   0x00000000   Code   RO          711    .ARM.Collect$$libinit$$00000021  c_w.l(libinit2.o)
    0x0800020c   0x00000000   Code   RO          713    .ARM.Collect$$libinit$$00000023  c_w.l(libinit2.o)
    0x0800020c   0x00000000   Code   RO          715    .ARM.Collect$$libinit$$00000025  c_w.l(libinit2.o)
    0x0800020c   0x00000000   Code   RO          719    .ARM.Collect$$libinit$$0000002C  c_w.l(libinit2.o)
    0x0800020c   0x00000000   Code   RO          721    .ARM.Collect$$libinit$$0000002E  c_w.l(libinit2.o)
    0x0800020c   0x00000000   Code   RO          723    .ARM.Collect$$libinit$$00000030  c_w.l(libinit2.o)
    0x0800020c   0x00000000   Code   RO          725    .ARM.Collect$$libinit$$00000032  c_w.l(libinit2.o)
    0x0800020c   0x00000002   Code   RO          726    .ARM.Collect$$libinit$$00000033  c_w.l(libinit2.o)
    0x0800020e   0x00000002   Code   RO          744    .ARM.Collect$$libshutdown$$00000000  c_w.l(libshutdown.o)
    0x08000210   0x00000000   Code   RO          755    .ARM.Collect$$libshutdown$$00000003  c_w.l(libshutdown2.o)
    0x08000210   0x00000000   Code   RO          758    .ARM.Collect$$libshutdown$$00000006  c_w.l(libshutdown2.o)
    0x08000210   0x00000000   Code   RO          761    .ARM.Collect$$libshutdown$$00000009  c_w.l(libshutdown2.o)
    0x08000210   0x00000000   Code   RO          763    .ARM.Collect$$libshutdown$$0000000B  c_w.l(libshutdown2.o)
    0x08000210   0x00000000   Code   RO          766    .ARM.Collect$$libshutdown$$0000000E  c_w.l(libshutdown2.o)
    0x08000210   0x00000002   Code   RO          767    .ARM.Collect$$libshutdown$$0000000F  c_w.l(libshutdown2.o)
    0x08000212   0x00000000   Code   RO          633    .ARM.Collect$$rtentry$$00000000  c_w.l(__rtentry.o)
    0x08000212   0x00000000   Code   RO          645    .ARM.Collect$$rtentry$$00000002  c_w.l(__rtentry2.o)
    0x08000212   0x00000006   Code   RO          657    .ARM.Collect$$rtentry$$00000004  c_w.l(__rtentry4.o)
    0x08000218   0x00000000   Code   RO          647    .ARM.Collect$$rtentry$$00000009  c_w.l(__rtentry2.o)
    0x08000218   0x00000004   Code   RO          648    .ARM.Collect$$rtentry$$0000000A  c_w.l(__rtentry2.o)
    0x0800021c   0x00000000   Code   RO          650    .ARM.Collect$$rtentry$$0000000C  c_w.l(__rtentry2.o)
    0x0800021c   0x00000008   Code   RO          651    .ARM.Collect$$rtentry$$0000000D  c_w.l(__rtentry2.o)
    0x08000224   0x00000002   Code   RO          680    .ARM.Collect$$rtexit$$00000000  c_w.l(rtexit.o)
    0x08000226   0x00000000   Code   RO          728    .ARM.Collect$$rtexit$$00000002  c_w.l(rtexit2.o)
    0x08000226   0x00000004   Code   RO          729    .ARM.Collect$$rtexit$$00000003  c_w.l(rtexit2.o)
    0x0800022a   0x00000006   Code   RO          730    .ARM.Collect$$rtexit$$00000004  c_w.l(rtexit2.o)
    0x08000230   0x00000118   Code   RO            3    .text               main.o
    0x08000348   0x0000001a   Code   RO          160    .text               stm32f4xx_it.o
    0x08000362   0x00000002   PAD
    0x08000364   0x00000210   Code   RO          209    .text               system_stm32f4xx.o
    0x08000574   0x00000040   Code   RO          235    .text               led.o
    0x080005b4   0x00004c80   Code   RO          255    .text               lcd.o
    0x08005234   0x000000d0   Code   RO          293    .text               time.o
    0x08005304   0x00000104   Code   RO          333    .text               delay.o
    0x08005408   0x0000014c   Code   RO          373    .text               usart.o
    0x08005554   0x00000040   Code   RO          405    .text               startup_stm32f40_41xxx.o
    0x08005594   0x000000e0   Code   RO          411    .text               misc.o
    0x08005674   0x00000294   Code   RO          431    .text               stm32f4xx_gpio.o
    0x08005908   0x000005c8   Code   RO          451    .text               stm32f4xx_fsmc.o
    0x08005ed0   0x0000065c   Code   RO          474    .text               stm32f4xx_rcc.o
    0x0800652c   0x00000454   Code   RO          516    .text               stm32f4xx_usart.o
    0x08006980   0x00000ca2   Code   RO          536    .text               stm32f4xx_tim.o
    0x08007622   0x00000002   Code   RO          556    .text               c_w.l(use_no_semi_2.o)
    0x08007624   0x00000018   Code   RO          560    .text               c_w.l(noretval__2printf.o)
    0x0800763c   0x00000068   Code   RO          562    .text               c_w.l(__printf.o)
    0x080076a4   0x00000058   Code   RO          567    .text               c_w.l(_printf_hex_int.o)
    0x080076fc   0x00000006   Code   RO          607    .text               c_w.l(heapauxi.o)
    0x08007702   0x00000002   Code   RO          631    .text               c_w.l(use_no_semi.o)
    0x08007704   0x000000b2   Code   RO          634    .text               c_w.l(_printf_intcommon.o)
    0x080077b6   0x00000002   PAD
    0x080077b8   0x00000024   Code   RO          636    .text               c_w.l(_printf_char_file.o)
    0x080077dc   0x00000030   Code   RO          659    .text               c_w.l(_printf_char_common.o)
    0x0800780c   0x00000008   Code   RO          661    .text               c_w.l(ferror.o)
    0x08007814   0x0000004a   Code   RO          665    .text               c_w.l(sys_stackheap_outer.o)
    0x0800785e   0x0000000c   Code   RO          669    .text               c_w.l(exit.o)
    0x0800786a   0x00000002   PAD
    0x0800786c   0x00000008   Code   RO          677    .text               c_w.l(libspace.o)
    0x08007874   0x000002b0   Code   RO          612    x$fpl$ddiv          fz_wm.l(ddiv.o)
    0x08007b24   0x0000005e   Code   RO          615    x$fpl$dfix          fz_wm.l(dfix.o)
    0x08007b82   0x00000002   PAD
    0x08007b84   0x0000005a   Code   RO          619    x$fpl$dfixu         fz_wm.l(dfixu.o)
    0x08007bde   0x0000002e   Code   RO          624    x$fpl$dflt          fz_wm.l(dflt_clz.o)
    0x08007c0c   0x00000026   Code   RO          623    x$fpl$dfltu         fz_wm.l(dflt_clz.o)
    0x08007c32   0x00000002   PAD
    0x08007c34   0x00000154   Code   RO          629    x$fpl$dmul          fz_wm.l(dmul.o)
    0x08007d88   0x0000009c   Code   RO          639    x$fpl$dnaninf       fz_wm.l(dnaninf.o)
    0x08007e24   0x0000000c   Code   RO          641    x$fpl$dretinf       fz_wm.l(dretinf.o)
    0x08007e30   0x0000000a   Code   RO          736    x$fpl$fpinit        fz_wm.l(fpinit.o)
    0x08007e3a   0x00000000   Code   RO          643    x$fpl$usenofp       fz_wm.l(usenofp.o)
    0x08007e3a   0x000017c0   Data   RO          257    .constdata          lcd.o
    0x080095fa   0x00000002   PAD
    0x080095fc   0x0000001c   Data   RO          452    .constdata          stm32f4xx_fsmc.o
    0x08009618   0x00000028   Data   RO          568    .constdata          c_w.l(_printf_hex_int.o)
    0x08009640   0x00000020   Data   RO          799    Region$$Table       anon$$obj.o


    Execution Region RW_IRAM1 (Base: 0x20000000, Size: 0x00000770, Max: 0x00020000, ABSOLUTE)

    Base Addr    Size         Type   Attr      Idx    E Section Name        Object

    0x20000000   0x00000014   Data   RW          210    .data               system_stm32f4xx.o
    0x20000014   0x00000004   Data   RW          258    .data               lcd.o
    0x20000018   0x00000004   Data   RW          334    .data               delay.o
    0x2000001c   0x00000006   Data   RW          375    .data               usart.o
    0x20000022   0x00000010   Data   RW          475    .data               stm32f4xx_rcc.o
    0x20000032   0x00000002   PAD
    0x20000034   0x0000000e   Zero   RW          256    .bss                lcd.o
    0x20000042   0x000000c8   Zero   RW          374    .bss                usart.o
    0x2000010a   0x00000002   PAD
    0x2000010c   0x00000060   Zero   RW          678    .bss                c_w.l(libspace.o)
    0x2000016c   0x00000004   PAD
    0x20000170   0x00000200   Zero   RW          403    HEAP                startup_stm32f40_41xxx.o
    0x20000370   0x00000400   Zero   RW          402    STACK               startup_stm32f40_41xxx.o


==============================================================================

Image component sizes


      Code (inc. data)   RO Data    RW Data    ZI Data      Debug   Object Name

       260          8          0          4          0       1481   delay.o
     19584        174       6080          4         14      22382   lcd.o
        64          4          0          0          0        547   led.o
       280         46          0          0          0     290203   main.o
       224         20          0          0          0       1865   misc.o
        64         26        392          0       1536        852   startup_stm32f40_41xxx.o
      1480         18         28          0          0       5686   stm32f4xx_fsmc.o
       660         44          0          0          0       4141   stm32f4xx_gpio.o
        26          0          0          0          0       1246   stm32f4xx_it.o
      1628         52          0         16          0      12952   stm32f4xx_rcc.o
      3234         60          0          0          0      22344   stm32f4xx_tim.o
      1108         34          0          0          0       7840   stm32f4xx_usart.o
       528         46          0         20          0       1847   system_stm32f4xx.o
       208         14          0          0          0        924   time.o
       332         18          0          6        200       3378   usart.o

    ----------------------------------------------------------------------
     29682        564       6534         52       1752     377688   Object Totals
         0          0         32          0          0          0   (incl. Generated)
         2          0          2          2          2          0   (incl. Padding)

    ----------------------------------------------------------------------

      Code (inc. data)   RO Data    RW Data    ZI Data      Debug   Library Member Name

         8          0          0          0          0         68   __main.o
       104          0          0          0          0         84   __printf.o
         0          0          0          0          0          0   __rtentry.o
        12          0          0          0          0          0   __rtentry2.o
         6          0          0          0          0          0   __rtentry4.o
        52          8          0          0          0          0   __scatter.o
        26          0          0          0          0          0   __scatter_copy.o
        28          0          0          0          0          0   __scatter_zi.o
        48          6          0          0          0         96   _printf_char_common.o
        36          4          0          0          0         80   _printf_char_file.o
        88          4         40          0          0         88   _printf_hex_int.o
       178          0          0          0          0         88   _printf_intcommon.o
         0          0          0          0          0          0   _printf_percent.o
         4          0          0          0          0          0   _printf_percent_end.o
         6          0          0          0          0          0   _printf_x.o
        12          0          0          0          0         72   exit.o
         8          0          0          0          0         68   ferror.o
         6          0          0          0          0        152   heapauxi.o
         2          0          0          0          0          0   libinit.o
         6          0          0          0          0          0   libinit2.o
         2          0          0          0          0          0   libshutdown.o
         2          0          0          0          0          0   libshutdown2.o
         8          4          0          0         96         68   libspace.o
        24          4          0          0          0         84   noretval__2printf.o
         2          0          0          0          0          0   rtexit.o
        10          0          0          0          0          0   rtexit2.o
        74          0          0          0          0         80   sys_stackheap_outer.o
         2          0          0          0          0         68   use_no_semi.o
         2          0          0          0          0         68   use_no_semi_2.o
       688        140          0          0          0        256   ddiv.o
        94          4          0          0          0        140   dfix.o
        90          4          0          0          0        140   dfixu.o
        84          0          0          0          0        232   dflt_clz.o
       340         12          0          0          0        152   dmul.o
       156          4          0          0          0        140   dnaninf.o
        12          0          0          0          0        116   dretinf.o
        10          0          0          0          0        116   fpinit.o
         0          0          0          0          0          0   usenofp.o

    ----------------------------------------------------------------------
      2240        194         40          0        100       2456   Library Totals
        10          0          0          0          4          0   (incl. Padding)

    ----------------------------------------------------------------------

      Code (inc. data)   RO Data    RW Data    ZI Data      Debug   Library Name

       756         30         40          0         96       1164   c_w.l
      1474        164          0          0          0       1292   fz_wm.l

    ----------------------------------------------------------------------
      2240        194         40          0        100       2456   Library Totals

    ----------------------------------------------------------------------

==============================================================================


      Code (inc. data)   RO Data    RW Data    ZI Data      Debug   

     31922        758       6574         52       1852     375824   Grand Totals
     31922        758       6574         52       1852     375824   ELF Image Totals
     31922        758       6574         52          0          0   ROM Totals

==============================================================================

    Total RO  Size (Code + RO Data)                38496 (  37.59kB)
    Total RW  Size (RW Data + ZI Data)              1904 (   1.86kB)
    Total ROM Size (Code + RO Data + RW Data)      38548 (  37.64kB)

==============================================================================

