<!doctype html public "-//w3c//dtd html 4.0 transitional//en">
<html><head>
<title>Static Call Graph - [..\OBJ\LCD.axf]</title></head>
<body><HR>
<H1>Static Call Graph for image ..\OBJ\LCD.axf</H1><HR>
<BR><P>#&#060CALLGRAPH&#062# ARM Linker, 5050106: Last Updated: Wed Feb 24 16:51:33 2021
<BR><P>
<H3>Maximum Stack Usage =        296 bytes + Unknown(Functions without stacksize, Cycles, Untraceable Function Pointers)</H3><H3>
Call chain for Maximum Stack Depth:</H3>
__rt_entry_main &rArr; main &rArr; LCD_Init &rArr; __2printf &rArr; _printf_char_file &rArr; _printf_char_common &rArr; __printf
<P>
<H3>
Functions with no stack information
</H3><UL>
 <LI><a href="#[db]">__user_initial_stackheap</a>
</UL>
</UL>
<P>
<H3>
Mutually Recursive functions
</H3> <LI><a href="#[1e]">ADC_IRQHandler</a>&nbsp;&nbsp;&nbsp;&rArr;&nbsp;&nbsp;&nbsp;<a href="#[1e]">ADC_IRQHandler</a><BR>
</UL>
<P>
<H3>
Function Pointers
</H3><UL>
 <LI><a href="#[1e]">ADC_IRQHandler</a> from startup_stm32f40_41xxx.o(.text) referenced from startup_stm32f40_41xxx.o(RESET)
 <LI><a href="#[6]">BusFault_Handler</a> from stm32f4xx_it.o(.text) referenced from startup_stm32f40_41xxx.o(RESET)
 <LI><a href="#[20]">CAN1_RX0_IRQHandler</a> from startup_stm32f40_41xxx.o(.text) referenced from startup_stm32f40_41xxx.o(RESET)
 <LI><a href="#[21]">CAN1_RX1_IRQHandler</a> from startup_stm32f40_41xxx.o(.text) referenced from startup_stm32f40_41xxx.o(RESET)
 <LI><a href="#[22]">CAN1_SCE_IRQHandler</a> from startup_stm32f40_41xxx.o(.text) referenced from startup_stm32f40_41xxx.o(RESET)
 <LI><a href="#[1f]">CAN1_TX_IRQHandler</a> from startup_stm32f40_41xxx.o(.text) referenced from startup_stm32f40_41xxx.o(RESET)
 <LI><a href="#[4c]">CAN2_RX0_IRQHandler</a> from startup_stm32f40_41xxx.o(.text) referenced from startup_stm32f40_41xxx.o(RESET)
 <LI><a href="#[4d]">CAN2_RX1_IRQHandler</a> from startup_stm32f40_41xxx.o(.text) referenced from startup_stm32f40_41xxx.o(RESET)
 <LI><a href="#[4e]">CAN2_SCE_IRQHandler</a> from startup_stm32f40_41xxx.o(.text) referenced from startup_stm32f40_41xxx.o(RESET)
 <LI><a href="#[4b]">CAN2_TX_IRQHandler</a> from startup_stm32f40_41xxx.o(.text) referenced from startup_stm32f40_41xxx.o(RESET)
 <LI><a href="#[5b]">CRYP_IRQHandler</a> from startup_stm32f40_41xxx.o(.text) referenced from startup_stm32f40_41xxx.o(RESET)
 <LI><a href="#[5a]">DCMI_IRQHandler</a> from startup_stm32f40_41xxx.o(.text) referenced from startup_stm32f40_41xxx.o(RESET)
 <LI><a href="#[17]">DMA1_Stream0_IRQHandler</a> from startup_stm32f40_41xxx.o(.text) referenced from startup_stm32f40_41xxx.o(RESET)
 <LI><a href="#[18]">DMA1_Stream1_IRQHandler</a> from startup_stm32f40_41xxx.o(.text) referenced from startup_stm32f40_41xxx.o(RESET)
 <LI><a href="#[19]">DMA1_Stream2_IRQHandler</a> from startup_stm32f40_41xxx.o(.text) referenced from startup_stm32f40_41xxx.o(RESET)
 <LI><a href="#[1a]">DMA1_Stream3_IRQHandler</a> from startup_stm32f40_41xxx.o(.text) referenced from startup_stm32f40_41xxx.o(RESET)
 <LI><a href="#[1b]">DMA1_Stream4_IRQHandler</a> from startup_stm32f40_41xxx.o(.text) referenced from startup_stm32f40_41xxx.o(RESET)
 <LI><a href="#[1c]">DMA1_Stream5_IRQHandler</a> from startup_stm32f40_41xxx.o(.text) referenced from startup_stm32f40_41xxx.o(RESET)
 <LI><a href="#[1d]">DMA1_Stream6_IRQHandler</a> from startup_stm32f40_41xxx.o(.text) referenced from startup_stm32f40_41xxx.o(RESET)
 <LI><a href="#[3b]">DMA1_Stream7_IRQHandler</a> from startup_stm32f40_41xxx.o(.text) referenced from startup_stm32f40_41xxx.o(RESET)
 <LI><a href="#[44]">DMA2_Stream0_IRQHandler</a> from startup_stm32f40_41xxx.o(.text) referenced from startup_stm32f40_41xxx.o(RESET)
 <LI><a href="#[45]">DMA2_Stream1_IRQHandler</a> from startup_stm32f40_41xxx.o(.text) referenced from startup_stm32f40_41xxx.o(RESET)
 <LI><a href="#[46]">DMA2_Stream2_IRQHandler</a> from startup_stm32f40_41xxx.o(.text) referenced from startup_stm32f40_41xxx.o(RESET)
 <LI><a href="#[47]">DMA2_Stream3_IRQHandler</a> from startup_stm32f40_41xxx.o(.text) referenced from startup_stm32f40_41xxx.o(RESET)
 <LI><a href="#[48]">DMA2_Stream4_IRQHandler</a> from startup_stm32f40_41xxx.o(.text) referenced from startup_stm32f40_41xxx.o(RESET)
 <LI><a href="#[50]">DMA2_Stream5_IRQHandler</a> from startup_stm32f40_41xxx.o(.text) referenced from startup_stm32f40_41xxx.o(RESET)
 <LI><a href="#[51]">DMA2_Stream6_IRQHandler</a> from startup_stm32f40_41xxx.o(.text) referenced from startup_stm32f40_41xxx.o(RESET)
 <LI><a href="#[52]">DMA2_Stream7_IRQHandler</a> from startup_stm32f40_41xxx.o(.text) referenced from startup_stm32f40_41xxx.o(RESET)
 <LI><a href="#[9]">DebugMon_Handler</a> from stm32f4xx_it.o(.text) referenced from startup_stm32f40_41xxx.o(RESET)
 <LI><a href="#[49]">ETH_IRQHandler</a> from startup_stm32f40_41xxx.o(.text) referenced from startup_stm32f40_41xxx.o(RESET)
 <LI><a href="#[4a]">ETH_WKUP_IRQHandler</a> from startup_stm32f40_41xxx.o(.text) referenced from startup_stm32f40_41xxx.o(RESET)
 <LI><a href="#[12]">EXTI0_IRQHandler</a> from startup_stm32f40_41xxx.o(.text) referenced from startup_stm32f40_41xxx.o(RESET)
 <LI><a href="#[34]">EXTI15_10_IRQHandler</a> from startup_stm32f40_41xxx.o(.text) referenced from startup_stm32f40_41xxx.o(RESET)
 <LI><a href="#[13]">EXTI1_IRQHandler</a> from startup_stm32f40_41xxx.o(.text) referenced from startup_stm32f40_41xxx.o(RESET)
 <LI><a href="#[14]">EXTI2_IRQHandler</a> from startup_stm32f40_41xxx.o(.text) referenced from startup_stm32f40_41xxx.o(RESET)
 <LI><a href="#[15]">EXTI3_IRQHandler</a> from startup_stm32f40_41xxx.o(.text) referenced from startup_stm32f40_41xxx.o(RESET)
 <LI><a href="#[16]">EXTI4_IRQHandler</a> from startup_stm32f40_41xxx.o(.text) referenced from startup_stm32f40_41xxx.o(RESET)
 <LI><a href="#[23]">EXTI9_5_IRQHandler</a> from startup_stm32f40_41xxx.o(.text) referenced from startup_stm32f40_41xxx.o(RESET)
 <LI><a href="#[10]">FLASH_IRQHandler</a> from startup_stm32f40_41xxx.o(.text) referenced from startup_stm32f40_41xxx.o(RESET)
 <LI><a href="#[5d]">FPU_IRQHandler</a> from startup_stm32f40_41xxx.o(.text) referenced from startup_stm32f40_41xxx.o(RESET)
 <LI><a href="#[3c]">FSMC_IRQHandler</a> from startup_stm32f40_41xxx.o(.text) referenced from startup_stm32f40_41xxx.o(RESET)
 <LI><a href="#[5c]">HASH_RNG_IRQHandler</a> from startup_stm32f40_41xxx.o(.text) referenced from startup_stm32f40_41xxx.o(RESET)
 <LI><a href="#[4]">HardFault_Handler</a> from stm32f4xx_it.o(.text) referenced from startup_stm32f40_41xxx.o(RESET)
 <LI><a href="#[2c]">I2C1_ER_IRQHandler</a> from startup_stm32f40_41xxx.o(.text) referenced from startup_stm32f40_41xxx.o(RESET)
 <LI><a href="#[2b]">I2C1_EV_IRQHandler</a> from startup_stm32f40_41xxx.o(.text) referenced from startup_stm32f40_41xxx.o(RESET)
 <LI><a href="#[2e]">I2C2_ER_IRQHandler</a> from startup_stm32f40_41xxx.o(.text) referenced from startup_stm32f40_41xxx.o(RESET)
 <LI><a href="#[2d]">I2C2_EV_IRQHandler</a> from startup_stm32f40_41xxx.o(.text) referenced from startup_stm32f40_41xxx.o(RESET)
 <LI><a href="#[55]">I2C3_ER_IRQHandler</a> from startup_stm32f40_41xxx.o(.text) referenced from startup_stm32f40_41xxx.o(RESET)
 <LI><a href="#[54]">I2C3_EV_IRQHandler</a> from startup_stm32f40_41xxx.o(.text) referenced from startup_stm32f40_41xxx.o(RESET)
 <LI><a href="#[5]">MemManage_Handler</a> from stm32f4xx_it.o(.text) referenced from startup_stm32f40_41xxx.o(RESET)
 <LI><a href="#[3]">NMI_Handler</a> from stm32f4xx_it.o(.text) referenced from startup_stm32f40_41xxx.o(RESET)
 <LI><a href="#[4f]">OTG_FS_IRQHandler</a> from startup_stm32f40_41xxx.o(.text) referenced from startup_stm32f40_41xxx.o(RESET)
 <LI><a href="#[36]">OTG_FS_WKUP_IRQHandler</a> from startup_stm32f40_41xxx.o(.text) referenced from startup_stm32f40_41xxx.o(RESET)
 <LI><a href="#[57]">OTG_HS_EP1_IN_IRQHandler</a> from startup_stm32f40_41xxx.o(.text) referenced from startup_stm32f40_41xxx.o(RESET)
 <LI><a href="#[56]">OTG_HS_EP1_OUT_IRQHandler</a> from startup_stm32f40_41xxx.o(.text) referenced from startup_stm32f40_41xxx.o(RESET)
 <LI><a href="#[59]">OTG_HS_IRQHandler</a> from startup_stm32f40_41xxx.o(.text) referenced from startup_stm32f40_41xxx.o(RESET)
 <LI><a href="#[58]">OTG_HS_WKUP_IRQHandler</a> from startup_stm32f40_41xxx.o(.text) referenced from startup_stm32f40_41xxx.o(RESET)
 <LI><a href="#[d]">PVD_IRQHandler</a> from startup_stm32f40_41xxx.o(.text) referenced from startup_stm32f40_41xxx.o(RESET)
 <LI><a href="#[a]">PendSV_Handler</a> from stm32f4xx_it.o(.text) referenced from startup_stm32f40_41xxx.o(RESET)
 <LI><a href="#[11]">RCC_IRQHandler</a> from startup_stm32f40_41xxx.o(.text) referenced from startup_stm32f40_41xxx.o(RESET)
 <LI><a href="#[35]">RTC_Alarm_IRQHandler</a> from startup_stm32f40_41xxx.o(.text) referenced from startup_stm32f40_41xxx.o(RESET)
 <LI><a href="#[f]">RTC_WKUP_IRQHandler</a> from startup_stm32f40_41xxx.o(.text) referenced from startup_stm32f40_41xxx.o(RESET)
 <LI><a href="#[2]">Reset_Handler</a> from startup_stm32f40_41xxx.o(.text) referenced from startup_stm32f40_41xxx.o(RESET)
 <LI><a href="#[3d]">SDIO_IRQHandler</a> from startup_stm32f40_41xxx.o(.text) referenced from startup_stm32f40_41xxx.o(RESET)
 <LI><a href="#[2f]">SPI1_IRQHandler</a> from startup_stm32f40_41xxx.o(.text) referenced from startup_stm32f40_41xxx.o(RESET)
 <LI><a href="#[30]">SPI2_IRQHandler</a> from startup_stm32f40_41xxx.o(.text) referenced from startup_stm32f40_41xxx.o(RESET)
 <LI><a href="#[3f]">SPI3_IRQHandler</a> from startup_stm32f40_41xxx.o(.text) referenced from startup_stm32f40_41xxx.o(RESET)
 <LI><a href="#[8]">SVC_Handler</a> from stm32f4xx_it.o(.text) referenced from startup_stm32f40_41xxx.o(RESET)
 <LI><a href="#[b]">SysTick_Handler</a> from stm32f4xx_it.o(.text) referenced from startup_stm32f40_41xxx.o(RESET)
 <LI><a href="#[5e]">SystemInit</a> from system_stm32f4xx.o(.text) referenced from startup_stm32f40_41xxx.o(.text)
 <LI><a href="#[e]">TAMP_STAMP_IRQHandler</a> from startup_stm32f40_41xxx.o(.text) referenced from startup_stm32f40_41xxx.o(RESET)
 <LI><a href="#[24]">TIM1_BRK_TIM9_IRQHandler</a> from startup_stm32f40_41xxx.o(.text) referenced from startup_stm32f40_41xxx.o(RESET)
 <LI><a href="#[27]">TIM1_CC_IRQHandler</a> from startup_stm32f40_41xxx.o(.text) referenced from startup_stm32f40_41xxx.o(RESET)
 <LI><a href="#[26]">TIM1_TRG_COM_TIM11_IRQHandler</a> from startup_stm32f40_41xxx.o(.text) referenced from startup_stm32f40_41xxx.o(RESET)
 <LI><a href="#[25]">TIM1_UP_TIM10_IRQHandler</a> from startup_stm32f40_41xxx.o(.text) referenced from startup_stm32f40_41xxx.o(RESET)
 <LI><a href="#[28]">TIM2_IRQHandler</a> from startup_stm32f40_41xxx.o(.text) referenced from startup_stm32f40_41xxx.o(RESET)
 <LI><a href="#[29]">TIM3_IRQHandler</a> from time.o(.text) referenced from startup_stm32f40_41xxx.o(RESET)
 <LI><a href="#[2a]">TIM4_IRQHandler</a> from startup_stm32f40_41xxx.o(.text) referenced from startup_stm32f40_41xxx.o(RESET)
 <LI><a href="#[3e]">TIM5_IRQHandler</a> from startup_stm32f40_41xxx.o(.text) referenced from startup_stm32f40_41xxx.o(RESET)
 <LI><a href="#[42]">TIM6_DAC_IRQHandler</a> from startup_stm32f40_41xxx.o(.text) referenced from startup_stm32f40_41xxx.o(RESET)
 <LI><a href="#[43]">TIM7_IRQHandler</a> from startup_stm32f40_41xxx.o(.text) referenced from startup_stm32f40_41xxx.o(RESET)
 <LI><a href="#[37]">TIM8_BRK_TIM12_IRQHandler</a> from startup_stm32f40_41xxx.o(.text) referenced from startup_stm32f40_41xxx.o(RESET)
 <LI><a href="#[3a]">TIM8_CC_IRQHandler</a> from startup_stm32f40_41xxx.o(.text) referenced from startup_stm32f40_41xxx.o(RESET)
 <LI><a href="#[39]">TIM8_TRG_COM_TIM14_IRQHandler</a> from startup_stm32f40_41xxx.o(.text) referenced from startup_stm32f40_41xxx.o(RESET)
 <LI><a href="#[38]">TIM8_UP_TIM13_IRQHandler</a> from startup_stm32f40_41xxx.o(.text) referenced from startup_stm32f40_41xxx.o(RESET)
 <LI><a href="#[40]">UART4_IRQHandler</a> from startup_stm32f40_41xxx.o(.text) referenced from startup_stm32f40_41xxx.o(RESET)
 <LI><a href="#[41]">UART5_IRQHandler</a> from startup_stm32f40_41xxx.o(.text) referenced from startup_stm32f40_41xxx.o(RESET)
 <LI><a href="#[31]">USART1_IRQHandler</a> from usart.o(.text) referenced from startup_stm32f40_41xxx.o(RESET)
 <LI><a href="#[32]">USART2_IRQHandler</a> from startup_stm32f40_41xxx.o(.text) referenced from startup_stm32f40_41xxx.o(RESET)
 <LI><a href="#[33]">USART3_IRQHandler</a> from startup_stm32f40_41xxx.o(.text) referenced from startup_stm32f40_41xxx.o(RESET)
 <LI><a href="#[53]">USART6_IRQHandler</a> from startup_stm32f40_41xxx.o(.text) referenced from startup_stm32f40_41xxx.o(RESET)
 <LI><a href="#[7]">UsageFault_Handler</a> from stm32f4xx_it.o(.text) referenced from startup_stm32f40_41xxx.o(RESET)
 <LI><a href="#[c]">WWDG_IRQHandler</a> from startup_stm32f40_41xxx.o(.text) referenced from startup_stm32f40_41xxx.o(RESET)
 <LI><a href="#[62]">__main</a> from __main.o(!!!main) referenced from startup_stm32f40_41xxx.o(.text)
 <LI><a href="#[61]">_printf_input_char</a> from _printf_char_common.o(.text) referenced from _printf_char_common.o(.text)
 <LI><a href="#[60]">fputc</a> from usart.o(.text) referenced from _printf_char_file.o(.text)
</UL>
<P>
<H3>
Global Symbols
</H3>
<P><STRONG><a name="[62]"></a>__main</STRONG> (Thumb, 8 bytes, Stack size 0 bytes, __main.o(!!!main))
<BR><BR>[Calls]<UL><LI><a href="#[63]">&gt;&gt;</a>&nbsp;&nbsp;&nbsp;__scatterload
<LI><a href="#[64]">&gt;&gt;</a>&nbsp;&nbsp;&nbsp;__rt_entry
</UL>

<P><STRONG><a name="[63]"></a>__scatterload</STRONG> (Thumb, 0 bytes, Stack size unknown bytes, __scatter.o(!!!scatter))
<BR><BR>[Called By]<UL><LI><a href="#[62]">&gt;&gt;</a>&nbsp;&nbsp;&nbsp;__main
</UL>

<P><STRONG><a name="[65]"></a>__scatterload_rt2</STRONG> (Thumb, 44 bytes, Stack size unknown bytes, __scatter.o(!!!scatter), UNUSED)
<BR><BR>[Calls]<UL><LI><a href="#[64]">&gt;&gt;</a>&nbsp;&nbsp;&nbsp;__rt_entry
</UL>

<P><STRONG><a name="[e3]"></a>__scatterload_rt2_thumb_only</STRONG> (Thumb, 0 bytes, Stack size unknown bytes, __scatter.o(!!!scatter), UNUSED)

<P><STRONG><a name="[e4]"></a>__scatterload_null</STRONG> (Thumb, 0 bytes, Stack size unknown bytes, __scatter.o(!!!scatter), UNUSED)

<P><STRONG><a name="[66]"></a>__scatterload_copy</STRONG> (Thumb, 26 bytes, Stack size unknown bytes, __scatter_copy.o(!!handler_copy), UNUSED)
<BR><BR>[Calls]<UL><LI><a href="#[66]">&gt;&gt;</a>&nbsp;&nbsp;&nbsp;__scatterload_copy
</UL>
<BR>[Called By]<UL><LI><a href="#[66]">&gt;&gt;</a>&nbsp;&nbsp;&nbsp;__scatterload_copy
</UL>

<P><STRONG><a name="[e5]"></a>__scatterload_zeroinit</STRONG> (Thumb, 28 bytes, Stack size unknown bytes, __scatter_zi.o(!!handler_zi), UNUSED)

<P><STRONG><a name="[d6]"></a>_printf_percent</STRONG> (Thumb, 0 bytes, Stack size unknown bytes, _printf_percent.o(.ARM.Collect$$_printf_percent$$00000000))
<BR><BR>[Called By]<UL><LI><a href="#[d5]">&gt;&gt;</a>&nbsp;&nbsp;&nbsp;__printf
</UL>

<P><STRONG><a name="[67]"></a>_printf_x</STRONG> (Thumb, 0 bytes, Stack size unknown bytes, _printf_x.o(.ARM.Collect$$_printf_percent$$0000000C))
<BR><BR>[Stack]<UL><LI>Max Depth = 48 + Unknown Stack Size
<LI>Call Chain = _printf_x &rArr; _printf_int_hex &rArr; _printf_int_common
</UL>
<BR>[Calls]<UL><LI><a href="#[68]">&gt;&gt;</a>&nbsp;&nbsp;&nbsp;_printf_int_hex
</UL>

<P><STRONG><a name="[e6]"></a>_printf_percent_end</STRONG> (Thumb, 0 bytes, Stack size unknown bytes, _printf_percent_end.o(.ARM.Collect$$_printf_percent$$00000017))

<P><STRONG><a name="[6e]"></a>__rt_lib_init</STRONG> (Thumb, 0 bytes, Stack size unknown bytes, libinit.o(.ARM.Collect$$libinit$$00000000))
<BR><BR>[Called By]<UL><LI><a href="#[6d]">&gt;&gt;</a>&nbsp;&nbsp;&nbsp;__rt_entry_li
</UL>

<P><STRONG><a name="[69]"></a>__rt_lib_init_fp_1</STRONG> (Thumb, 0 bytes, Stack size unknown bytes, libinit2.o(.ARM.Collect$$libinit$$00000001))
<BR><BR>[Calls]<UL><LI><a href="#[6a]">&gt;&gt;</a>&nbsp;&nbsp;&nbsp;_fp_init
</UL>

<P><STRONG><a name="[e7]"></a>__rt_lib_init_alloca_1</STRONG> (Thumb, 0 bytes, Stack size unknown bytes, libinit2.o(.ARM.Collect$$libinit$$0000002E))

<P><STRONG><a name="[e8]"></a>__rt_lib_init_argv_1</STRONG> (Thumb, 0 bytes, Stack size unknown bytes, libinit2.o(.ARM.Collect$$libinit$$0000002C))

<P><STRONG><a name="[e9]"></a>__rt_lib_init_atexit_1</STRONG> (Thumb, 0 bytes, Stack size unknown bytes, libinit2.o(.ARM.Collect$$libinit$$0000001B))

<P><STRONG><a name="[ea]"></a>__rt_lib_init_clock_1</STRONG> (Thumb, 0 bytes, Stack size unknown bytes, libinit2.o(.ARM.Collect$$libinit$$00000021))

<P><STRONG><a name="[eb]"></a>__rt_lib_init_cpp_1</STRONG> (Thumb, 0 bytes, Stack size unknown bytes, libinit2.o(.ARM.Collect$$libinit$$00000032))

<P><STRONG><a name="[ec]"></a>__rt_lib_init_exceptions_1</STRONG> (Thumb, 0 bytes, Stack size unknown bytes, libinit2.o(.ARM.Collect$$libinit$$00000030))

<P><STRONG><a name="[ed]"></a>__rt_lib_init_fp_trap_1</STRONG> (Thumb, 0 bytes, Stack size unknown bytes, libinit2.o(.ARM.Collect$$libinit$$0000001F))

<P><STRONG><a name="[ee]"></a>__rt_lib_init_getenv_1</STRONG> (Thumb, 0 bytes, Stack size unknown bytes, libinit2.o(.ARM.Collect$$libinit$$00000023))

<P><STRONG><a name="[ef]"></a>__rt_lib_init_heap_1</STRONG> (Thumb, 0 bytes, Stack size unknown bytes, libinit2.o(.ARM.Collect$$libinit$$0000000A))

<P><STRONG><a name="[f0]"></a>__rt_lib_init_lc_collate_1</STRONG> (Thumb, 0 bytes, Stack size unknown bytes, libinit2.o(.ARM.Collect$$libinit$$00000011))

<P><STRONG><a name="[f1]"></a>__rt_lib_init_lc_ctype_1</STRONG> (Thumb, 0 bytes, Stack size unknown bytes, libinit2.o(.ARM.Collect$$libinit$$00000013))

<P><STRONG><a name="[f2]"></a>__rt_lib_init_lc_monetary_1</STRONG> (Thumb, 0 bytes, Stack size unknown bytes, libinit2.o(.ARM.Collect$$libinit$$00000015))

<P><STRONG><a name="[f3]"></a>__rt_lib_init_lc_numeric_1</STRONG> (Thumb, 0 bytes, Stack size unknown bytes, libinit2.o(.ARM.Collect$$libinit$$00000017))

<P><STRONG><a name="[f4]"></a>__rt_lib_init_lc_time_1</STRONG> (Thumb, 0 bytes, Stack size unknown bytes, libinit2.o(.ARM.Collect$$libinit$$00000019))

<P><STRONG><a name="[f5]"></a>__rt_lib_init_preinit_1</STRONG> (Thumb, 0 bytes, Stack size unknown bytes, libinit2.o(.ARM.Collect$$libinit$$00000004))

<P><STRONG><a name="[f6]"></a>__rt_lib_init_rand_1</STRONG> (Thumb, 0 bytes, Stack size unknown bytes, libinit2.o(.ARM.Collect$$libinit$$0000000E))

<P><STRONG><a name="[f7]"></a>__rt_lib_init_return</STRONG> (Thumb, 0 bytes, Stack size unknown bytes, libinit2.o(.ARM.Collect$$libinit$$00000033))

<P><STRONG><a name="[f8]"></a>__rt_lib_init_signal_1</STRONG> (Thumb, 0 bytes, Stack size unknown bytes, libinit2.o(.ARM.Collect$$libinit$$0000001D))

<P><STRONG><a name="[f9]"></a>__rt_lib_init_stdio_1</STRONG> (Thumb, 0 bytes, Stack size unknown bytes, libinit2.o(.ARM.Collect$$libinit$$00000025))

<P><STRONG><a name="[fa]"></a>__rt_lib_init_user_alloc_1</STRONG> (Thumb, 0 bytes, Stack size unknown bytes, libinit2.o(.ARM.Collect$$libinit$$0000000C))

<P><STRONG><a name="[73]"></a>__rt_lib_shutdown</STRONG> (Thumb, 0 bytes, Stack size unknown bytes, libshutdown.o(.ARM.Collect$$libshutdown$$00000000))
<BR><BR>[Called By]<UL><LI><a href="#[72]">&gt;&gt;</a>&nbsp;&nbsp;&nbsp;__rt_exit_ls
</UL>

<P><STRONG><a name="[fb]"></a>__rt_lib_shutdown_fp_trap_1</STRONG> (Thumb, 0 bytes, Stack size unknown bytes, libshutdown2.o(.ARM.Collect$$libshutdown$$00000006))

<P><STRONG><a name="[fc]"></a>__rt_lib_shutdown_heap_1</STRONG> (Thumb, 0 bytes, Stack size unknown bytes, libshutdown2.o(.ARM.Collect$$libshutdown$$0000000E))

<P><STRONG><a name="[fd]"></a>__rt_lib_shutdown_return</STRONG> (Thumb, 0 bytes, Stack size unknown bytes, libshutdown2.o(.ARM.Collect$$libshutdown$$0000000F))

<P><STRONG><a name="[fe]"></a>__rt_lib_shutdown_signal_1</STRONG> (Thumb, 0 bytes, Stack size unknown bytes, libshutdown2.o(.ARM.Collect$$libshutdown$$00000009))

<P><STRONG><a name="[ff]"></a>__rt_lib_shutdown_stdio_1</STRONG> (Thumb, 0 bytes, Stack size unknown bytes, libshutdown2.o(.ARM.Collect$$libshutdown$$00000003))

<P><STRONG><a name="[100]"></a>__rt_lib_shutdown_user_alloc_1</STRONG> (Thumb, 0 bytes, Stack size unknown bytes, libshutdown2.o(.ARM.Collect$$libshutdown$$0000000B))

<P><STRONG><a name="[64]"></a>__rt_entry</STRONG> (Thumb, 0 bytes, Stack size unknown bytes, __rtentry.o(.ARM.Collect$$rtentry$$00000000))
<BR><BR>[Called By]<UL><LI><a href="#[65]">&gt;&gt;</a>&nbsp;&nbsp;&nbsp;__scatterload_rt2
<LI><a href="#[62]">&gt;&gt;</a>&nbsp;&nbsp;&nbsp;__main
</UL>

<P><STRONG><a name="[101]"></a>__rt_entry_presh_1</STRONG> (Thumb, 0 bytes, Stack size unknown bytes, __rtentry2.o(.ARM.Collect$$rtentry$$00000002))

<P><STRONG><a name="[6b]"></a>__rt_entry_sh</STRONG> (Thumb, 0 bytes, Stack size unknown bytes, __rtentry4.o(.ARM.Collect$$rtentry$$00000004))
<BR><BR>[Stack]<UL><LI>Max Depth = 8 + Unknown Stack Size
<LI>Call Chain = __rt_entry_sh &rArr; __user_setup_stackheap
</UL>
<BR>[Calls]<UL><LI><a href="#[6c]">&gt;&gt;</a>&nbsp;&nbsp;&nbsp;__user_setup_stackheap
</UL>

<P><STRONG><a name="[6d]"></a>__rt_entry_li</STRONG> (Thumb, 0 bytes, Stack size unknown bytes, __rtentry2.o(.ARM.Collect$$rtentry$$0000000A))
<BR><BR>[Calls]<UL><LI><a href="#[6e]">&gt;&gt;</a>&nbsp;&nbsp;&nbsp;__rt_lib_init
</UL>

<P><STRONG><a name="[102]"></a>__rt_entry_postsh_1</STRONG> (Thumb, 0 bytes, Stack size unknown bytes, __rtentry2.o(.ARM.Collect$$rtentry$$00000009))

<P><STRONG><a name="[6f]"></a>__rt_entry_main</STRONG> (Thumb, 0 bytes, Stack size unknown bytes, __rtentry2.o(.ARM.Collect$$rtentry$$0000000D))
<BR><BR>[Stack]<UL><LI>Max Depth = 296 + Unknown Stack Size
<LI>Call Chain = __rt_entry_main &rArr; main &rArr; LCD_Init &rArr; __2printf &rArr; _printf_char_file &rArr; _printf_char_common &rArr; __printf
</UL>
<BR>[Calls]<UL><LI><a href="#[70]">&gt;&gt;</a>&nbsp;&nbsp;&nbsp;main
<LI><a href="#[71]">&gt;&gt;</a>&nbsp;&nbsp;&nbsp;exit
</UL>

<P><STRONG><a name="[103]"></a>__rt_entry_postli_1</STRONG> (Thumb, 0 bytes, Stack size unknown bytes, __rtentry2.o(.ARM.Collect$$rtentry$$0000000C))

<P><STRONG><a name="[dc]"></a>__rt_exit</STRONG> (Thumb, 0 bytes, Stack size unknown bytes, rtexit.o(.ARM.Collect$$rtexit$$00000000))
<BR><BR>[Called By]<UL><LI><a href="#[71]">&gt;&gt;</a>&nbsp;&nbsp;&nbsp;exit
</UL>

<P><STRONG><a name="[72]"></a>__rt_exit_ls</STRONG> (Thumb, 0 bytes, Stack size unknown bytes, rtexit2.o(.ARM.Collect$$rtexit$$00000003))
<BR><BR>[Calls]<UL><LI><a href="#[73]">&gt;&gt;</a>&nbsp;&nbsp;&nbsp;__rt_lib_shutdown
</UL>

<P><STRONG><a name="[104]"></a>__rt_exit_prels_1</STRONG> (Thumb, 0 bytes, Stack size unknown bytes, rtexit2.o(.ARM.Collect$$rtexit$$00000002))

<P><STRONG><a name="[74]"></a>__rt_exit_exit</STRONG> (Thumb, 0 bytes, Stack size unknown bytes, rtexit2.o(.ARM.Collect$$rtexit$$00000004))
<BR><BR>[Calls]<UL><LI><a href="#[75]">&gt;&gt;</a>&nbsp;&nbsp;&nbsp;_sys_exit
</UL>

<P><STRONG><a name="[70]"></a>main</STRONG> (Thumb, 234 bytes, Stack size 32 bytes, main.o(.text))
<BR><BR>[Stack]<UL><LI>Max Depth = 296 + Unknown Stack Size
<LI>Call Chain = main &rArr; LCD_Init &rArr; __2printf &rArr; _printf_char_file &rArr; _printf_char_common &rArr; __printf
</UL>
<BR>[Calls]<UL><LI><a href="#[78]">&gt;&gt;</a>&nbsp;&nbsp;&nbsp;uart_init
<LI><a href="#[7d]">&gt;&gt;</a>&nbsp;&nbsp;&nbsp;delay_us
<LI><a href="#[77]">&gt;&gt;</a>&nbsp;&nbsp;&nbsp;delay_init
<LI><a href="#[80]">&gt;&gt;</a>&nbsp;&nbsp;&nbsp;TIM_GetCounter
<LI><a href="#[7f]">&gt;&gt;</a>&nbsp;&nbsp;&nbsp;TIM_Cmd
<LI><a href="#[7b]">&gt;&gt;</a>&nbsp;&nbsp;&nbsp;TIM3_Int_Init
<LI><a href="#[76]">&gt;&gt;</a>&nbsp;&nbsp;&nbsp;NVIC_PriorityGroupConfig
<LI><a href="#[79]">&gt;&gt;</a>&nbsp;&nbsp;&nbsp;LED_Init
<LI><a href="#[85]">&gt;&gt;</a>&nbsp;&nbsp;&nbsp;LCD_ShowxNum
<LI><a href="#[7c]">&gt;&gt;</a>&nbsp;&nbsp;&nbsp;LCD_ShowString
<LI><a href="#[7a]">&gt;&gt;</a>&nbsp;&nbsp;&nbsp;LCD_Init
<LI><a href="#[7e]">&gt;&gt;</a>&nbsp;&nbsp;&nbsp;GPIO_ReadInputDataBit
<LI><a href="#[82]">&gt;&gt;</a>&nbsp;&nbsp;&nbsp;__aeabi_dmul
<LI><a href="#[81]">&gt;&gt;</a>&nbsp;&nbsp;&nbsp;__aeabi_i2d
<LI><a href="#[84]">&gt;&gt;</a>&nbsp;&nbsp;&nbsp;__aeabi_d2iz
<LI><a href="#[83]">&gt;&gt;</a>&nbsp;&nbsp;&nbsp;__aeabi_ddiv
</UL>
<BR>[Called By]<UL><LI><a href="#[6f]">&gt;&gt;</a>&nbsp;&nbsp;&nbsp;__rt_entry_main
</UL>

<P><STRONG><a name="[3]"></a>NMI_Handler</STRONG> (Thumb, 2 bytes, Stack size 0 bytes, stm32f4xx_it.o(.text))
<BR>[Address Reference Count : 1]<UL><LI> startup_stm32f40_41xxx.o(RESET)
</UL>
<P><STRONG><a name="[4]"></a>HardFault_Handler</STRONG> (Thumb, 4 bytes, Stack size 0 bytes, stm32f4xx_it.o(.text))
<BR>[Address Reference Count : 1]<UL><LI> startup_stm32f40_41xxx.o(RESET)
</UL>
<P><STRONG><a name="[5]"></a>MemManage_Handler</STRONG> (Thumb, 4 bytes, Stack size 0 bytes, stm32f4xx_it.o(.text))
<BR>[Address Reference Count : 1]<UL><LI> startup_stm32f40_41xxx.o(RESET)
</UL>
<P><STRONG><a name="[6]"></a>BusFault_Handler</STRONG> (Thumb, 4 bytes, Stack size 0 bytes, stm32f4xx_it.o(.text))
<BR>[Address Reference Count : 1]<UL><LI> startup_stm32f40_41xxx.o(RESET)
</UL>
<P><STRONG><a name="[7]"></a>UsageFault_Handler</STRONG> (Thumb, 4 bytes, Stack size 0 bytes, stm32f4xx_it.o(.text))
<BR>[Address Reference Count : 1]<UL><LI> startup_stm32f40_41xxx.o(RESET)
</UL>
<P><STRONG><a name="[8]"></a>SVC_Handler</STRONG> (Thumb, 2 bytes, Stack size 0 bytes, stm32f4xx_it.o(.text))
<BR>[Address Reference Count : 1]<UL><LI> startup_stm32f40_41xxx.o(RESET)
</UL>
<P><STRONG><a name="[9]"></a>DebugMon_Handler</STRONG> (Thumb, 2 bytes, Stack size 0 bytes, stm32f4xx_it.o(.text))
<BR>[Address Reference Count : 1]<UL><LI> startup_stm32f40_41xxx.o(RESET)
</UL>
<P><STRONG><a name="[a]"></a>PendSV_Handler</STRONG> (Thumb, 2 bytes, Stack size 0 bytes, stm32f4xx_it.o(.text))
<BR>[Address Reference Count : 1]<UL><LI> startup_stm32f40_41xxx.o(RESET)
</UL>
<P><STRONG><a name="[b]"></a>SysTick_Handler</STRONG> (Thumb, 2 bytes, Stack size 0 bytes, stm32f4xx_it.o(.text))
<BR>[Address Reference Count : 1]<UL><LI> startup_stm32f40_41xxx.o(RESET)
</UL>
<P><STRONG><a name="[5e]"></a>SystemInit</STRONG> (Thumb, 88 bytes, Stack size 8 bytes, system_stm32f4xx.o(.text))
<BR><BR>[Stack]<UL><LI>Max Depth = 20<LI>Call Chain = SystemInit &rArr; SetSysClock
</UL>
<BR>[Calls]<UL><LI><a href="#[86]">&gt;&gt;</a>&nbsp;&nbsp;&nbsp;SetSysClock
</UL>
<BR>[Address Reference Count : 1]<UL><LI> startup_stm32f40_41xxx.o(.text)
</UL>
<P><STRONG><a name="[105]"></a>SystemCoreClockUpdate</STRONG> (Thumb, 174 bytes, Stack size 16 bytes, system_stm32f4xx.o(.text), UNUSED)

<P><STRONG><a name="[79]"></a>LED_Init</STRONG> (Thumb, 60 bytes, Stack size 16 bytes, led.o(.text))
<BR><BR>[Stack]<UL><LI>Max Depth = 36<LI>Call Chain = LED_Init &rArr; GPIO_Init
</UL>
<BR>[Calls]<UL><LI><a href="#[87]">&gt;&gt;</a>&nbsp;&nbsp;&nbsp;RCC_AHB1PeriphClockCmd
<LI><a href="#[89]">&gt;&gt;</a>&nbsp;&nbsp;&nbsp;GPIO_SetBits
<LI><a href="#[88]">&gt;&gt;</a>&nbsp;&nbsp;&nbsp;GPIO_Init
</UL>
<BR>[Called By]<UL><LI><a href="#[70]">&gt;&gt;</a>&nbsp;&nbsp;&nbsp;main
</UL>

<P><STRONG><a name="[8b]"></a>LCD_WR_REG</STRONG> (Thumb, 18 bytes, Stack size 8 bytes, lcd.o(.text))
<BR><BR>[Stack]<UL><LI>Max Depth = 8<LI>Call Chain = LCD_WR_REG
</UL>
<BR>[Called By]<UL><LI><a href="#[9d]">&gt;&gt;</a>&nbsp;&nbsp;&nbsp;LCD_Set_Window
<LI><a href="#[99]">&gt;&gt;</a>&nbsp;&nbsp;&nbsp;LCD_SSD_BackLightSet
<LI><a href="#[98]">&gt;&gt;</a>&nbsp;&nbsp;&nbsp;LCD_Fast_DrawPoint
<LI><a href="#[95]">&gt;&gt;</a>&nbsp;&nbsp;&nbsp;LCD_Scan_Dir
<LI><a href="#[94]">&gt;&gt;</a>&nbsp;&nbsp;&nbsp;LCD_DisplayOff
<LI><a href="#[93]">&gt;&gt;</a>&nbsp;&nbsp;&nbsp;LCD_DisplayOn
<LI><a href="#[90]">&gt;&gt;</a>&nbsp;&nbsp;&nbsp;LCD_ReadPoint
<LI><a href="#[8d]">&gt;&gt;</a>&nbsp;&nbsp;&nbsp;LCD_SetCursor
<LI><a href="#[8a]">&gt;&gt;</a>&nbsp;&nbsp;&nbsp;LCD_ReadReg
<LI><a href="#[7a]">&gt;&gt;</a>&nbsp;&nbsp;&nbsp;LCD_Init
</UL>

<P><STRONG><a name="[8e]"></a>LCD_WR_DATA</STRONG> (Thumb, 20 bytes, Stack size 8 bytes, lcd.o(.text))
<BR><BR>[Stack]<UL><LI>Max Depth = 8<LI>Call Chain = LCD_WR_DATA
</UL>
<BR>[Called By]<UL><LI><a href="#[9d]">&gt;&gt;</a>&nbsp;&nbsp;&nbsp;LCD_Set_Window
<LI><a href="#[99]">&gt;&gt;</a>&nbsp;&nbsp;&nbsp;LCD_SSD_BackLightSet
<LI><a href="#[98]">&gt;&gt;</a>&nbsp;&nbsp;&nbsp;LCD_Fast_DrawPoint
<LI><a href="#[95]">&gt;&gt;</a>&nbsp;&nbsp;&nbsp;LCD_Scan_Dir
<LI><a href="#[8d]">&gt;&gt;</a>&nbsp;&nbsp;&nbsp;LCD_SetCursor
<LI><a href="#[7a]">&gt;&gt;</a>&nbsp;&nbsp;&nbsp;LCD_Init
</UL>

<P><STRONG><a name="[8c]"></a>LCD_RD_DATA</STRONG> (Thumb, 16 bytes, Stack size 8 bytes, lcd.o(.text))
<BR><BR>[Stack]<UL><LI>Max Depth = 8<LI>Call Chain = LCD_RD_DATA
</UL>
<BR>[Called By]<UL><LI><a href="#[90]">&gt;&gt;</a>&nbsp;&nbsp;&nbsp;LCD_ReadPoint
<LI><a href="#[8a]">&gt;&gt;</a>&nbsp;&nbsp;&nbsp;LCD_ReadReg
<LI><a href="#[7a]">&gt;&gt;</a>&nbsp;&nbsp;&nbsp;LCD_Init
</UL>

<P><STRONG><a name="[8f]"></a>LCD_WriteReg</STRONG> (Thumb, 14 bytes, Stack size 0 bytes, lcd.o(.text))
<BR><BR>[Called By]<UL><LI><a href="#[9d]">&gt;&gt;</a>&nbsp;&nbsp;&nbsp;LCD_Set_Window
<LI><a href="#[98]">&gt;&gt;</a>&nbsp;&nbsp;&nbsp;LCD_Fast_DrawPoint
<LI><a href="#[95]">&gt;&gt;</a>&nbsp;&nbsp;&nbsp;LCD_Scan_Dir
<LI><a href="#[94]">&gt;&gt;</a>&nbsp;&nbsp;&nbsp;LCD_DisplayOff
<LI><a href="#[93]">&gt;&gt;</a>&nbsp;&nbsp;&nbsp;LCD_DisplayOn
<LI><a href="#[8d]">&gt;&gt;</a>&nbsp;&nbsp;&nbsp;LCD_SetCursor
<LI><a href="#[7a]">&gt;&gt;</a>&nbsp;&nbsp;&nbsp;LCD_Init
</UL>

<P><STRONG><a name="[8a]"></a>LCD_ReadReg</STRONG> (Thumb, 22 bytes, Stack size 8 bytes, lcd.o(.text))
<BR><BR>[Stack]<UL><LI>Max Depth = 16<LI>Call Chain = LCD_ReadReg &rArr; LCD_RD_DATA
</UL>
<BR>[Calls]<UL><LI><a href="#[8c]">&gt;&gt;</a>&nbsp;&nbsp;&nbsp;LCD_RD_DATA
<LI><a href="#[8b]">&gt;&gt;</a>&nbsp;&nbsp;&nbsp;LCD_WR_REG
<LI><a href="#[7d]">&gt;&gt;</a>&nbsp;&nbsp;&nbsp;delay_us
</UL>
<BR>[Called By]<UL><LI><a href="#[7a]">&gt;&gt;</a>&nbsp;&nbsp;&nbsp;LCD_Init
</UL>

<P><STRONG><a name="[97]"></a>LCD_WriteRAM_Prepare</STRONG> (Thumb, 10 bytes, Stack size 0 bytes, lcd.o(.text))
<BR><BR>[Called By]<UL><LI><a href="#[a6]">&gt;&gt;</a>&nbsp;&nbsp;&nbsp;LCD_Color_Fill
<LI><a href="#[a5]">&gt;&gt;</a>&nbsp;&nbsp;&nbsp;LCD_Fill
<LI><a href="#[9e]">&gt;&gt;</a>&nbsp;&nbsp;&nbsp;LCD_Clear
<LI><a href="#[96]">&gt;&gt;</a>&nbsp;&nbsp;&nbsp;LCD_DrawPoint
</UL>

<P><STRONG><a name="[106]"></a>LCD_WriteRAM</STRONG> (Thumb, 8 bytes, Stack size 0 bytes, lcd.o(.text), UNUSED)

<P><STRONG><a name="[92]"></a>LCD_BGR2RGB</STRONG> (Thumb, 26 bytes, Stack size 12 bytes, lcd.o(.text), UNUSED)
<BR><BR>[Called By]<UL><LI><a href="#[90]">&gt;&gt;</a>&nbsp;&nbsp;&nbsp;LCD_ReadPoint
</UL>

<P><STRONG><a name="[91]"></a>opt_delay</STRONG> (Thumb, 14 bytes, Stack size 0 bytes, lcd.o(.text), UNUSED)
<BR><BR>[Called By]<UL><LI><a href="#[90]">&gt;&gt;</a>&nbsp;&nbsp;&nbsp;LCD_ReadPoint
</UL>

<P><STRONG><a name="[8d]"></a>LCD_SetCursor</STRONG> (Thumb, 418 bytes, Stack size 12 bytes, lcd.o(.text))
<BR><BR>[Stack]<UL><LI>Max Depth = 20<LI>Call Chain = LCD_SetCursor &rArr; LCD_WR_DATA
</UL>
<BR>[Calls]<UL><LI><a href="#[8f]">&gt;&gt;</a>&nbsp;&nbsp;&nbsp;LCD_WriteReg
<LI><a href="#[8e]">&gt;&gt;</a>&nbsp;&nbsp;&nbsp;LCD_WR_DATA
<LI><a href="#[8b]">&gt;&gt;</a>&nbsp;&nbsp;&nbsp;LCD_WR_REG
</UL>
<BR>[Called By]<UL><LI><a href="#[a6]">&gt;&gt;</a>&nbsp;&nbsp;&nbsp;LCD_Color_Fill
<LI><a href="#[a5]">&gt;&gt;</a>&nbsp;&nbsp;&nbsp;LCD_Fill
<LI><a href="#[9e]">&gt;&gt;</a>&nbsp;&nbsp;&nbsp;LCD_Clear
<LI><a href="#[9d]">&gt;&gt;</a>&nbsp;&nbsp;&nbsp;LCD_Set_Window
<LI><a href="#[96]">&gt;&gt;</a>&nbsp;&nbsp;&nbsp;LCD_DrawPoint
<LI><a href="#[90]">&gt;&gt;</a>&nbsp;&nbsp;&nbsp;LCD_ReadPoint
</UL>

<P><STRONG><a name="[90]"></a>LCD_ReadPoint</STRONG> (Thumb, 360 bytes, Stack size 24 bytes, lcd.o(.text), UNUSED)
<BR><BR>[Calls]<UL><LI><a href="#[8d]">&gt;&gt;</a>&nbsp;&nbsp;&nbsp;LCD_SetCursor
<LI><a href="#[91]">&gt;&gt;</a>&nbsp;&nbsp;&nbsp;opt_delay
<LI><a href="#[92]">&gt;&gt;</a>&nbsp;&nbsp;&nbsp;LCD_BGR2RGB
<LI><a href="#[8c]">&gt;&gt;</a>&nbsp;&nbsp;&nbsp;LCD_RD_DATA
<LI><a href="#[8b]">&gt;&gt;</a>&nbsp;&nbsp;&nbsp;LCD_WR_REG
</UL>

<P><STRONG><a name="[93]"></a>LCD_DisplayOn</STRONG> (Thumb, 102 bytes, Stack size 4 bytes, lcd.o(.text), UNUSED)
<BR><BR>[Calls]<UL><LI><a href="#[8f]">&gt;&gt;</a>&nbsp;&nbsp;&nbsp;LCD_WriteReg
<LI><a href="#[8b]">&gt;&gt;</a>&nbsp;&nbsp;&nbsp;LCD_WR_REG
</UL>

<P><STRONG><a name="[94]"></a>LCD_DisplayOff</STRONG> (Thumb, 90 bytes, Stack size 4 bytes, lcd.o(.text), UNUSED)
<BR><BR>[Calls]<UL><LI><a href="#[8f]">&gt;&gt;</a>&nbsp;&nbsp;&nbsp;LCD_WriteReg
<LI><a href="#[8b]">&gt;&gt;</a>&nbsp;&nbsp;&nbsp;LCD_WR_REG
</UL>

<P><STRONG><a name="[95]"></a>LCD_Scan_Dir</STRONG> (Thumb, 744 bytes, Stack size 20 bytes, lcd.o(.text))
<BR><BR>[Stack]<UL><LI>Max Depth = 28<LI>Call Chain = LCD_Scan_Dir &rArr; LCD_WR_DATA
</UL>
<BR>[Calls]<UL><LI><a href="#[8f]">&gt;&gt;</a>&nbsp;&nbsp;&nbsp;LCD_WriteReg
<LI><a href="#[8e]">&gt;&gt;</a>&nbsp;&nbsp;&nbsp;LCD_WR_DATA
<LI><a href="#[8b]">&gt;&gt;</a>&nbsp;&nbsp;&nbsp;LCD_WR_REG
</UL>
<BR>[Called By]<UL><LI><a href="#[9c]">&gt;&gt;</a>&nbsp;&nbsp;&nbsp;LCD_Display_Dir
</UL>

<P><STRONG><a name="[96]"></a>LCD_DrawPoint</STRONG> (Thumb, 28 bytes, Stack size 12 bytes, lcd.o(.text), UNUSED)
<BR><BR>[Calls]<UL><LI><a href="#[8d]">&gt;&gt;</a>&nbsp;&nbsp;&nbsp;LCD_SetCursor
<LI><a href="#[97]">&gt;&gt;</a>&nbsp;&nbsp;&nbsp;LCD_WriteRAM_Prepare
</UL>
<BR>[Called By]<UL><LI><a href="#[a9]">&gt;&gt;</a>&nbsp;&nbsp;&nbsp;LCD_Draw_Circle
<LI><a href="#[a7]">&gt;&gt;</a>&nbsp;&nbsp;&nbsp;LCD_DrawLine
</UL>

<P><STRONG><a name="[98]"></a>LCD_Fast_DrawPoint</STRONG> (Thumb, 388 bytes, Stack size 16 bytes, lcd.o(.text))
<BR><BR>[Stack]<UL><LI>Max Depth = 24<LI>Call Chain = LCD_Fast_DrawPoint &rArr; LCD_WR_DATA
</UL>
<BR>[Calls]<UL><LI><a href="#[8f]">&gt;&gt;</a>&nbsp;&nbsp;&nbsp;LCD_WriteReg
<LI><a href="#[8e]">&gt;&gt;</a>&nbsp;&nbsp;&nbsp;LCD_WR_DATA
<LI><a href="#[8b]">&gt;&gt;</a>&nbsp;&nbsp;&nbsp;LCD_WR_REG
</UL>
<BR>[Called By]<UL><LI><a href="#[aa]">&gt;&gt;</a>&nbsp;&nbsp;&nbsp;LCD_ShowChar
</UL>

<P><STRONG><a name="[99]"></a>LCD_SSD_BackLightSet</STRONG> (Thumb, 88 bytes, Stack size 32 bytes, lcd.o(.text))
<BR><BR>[Stack]<UL><LI>Max Depth = 64<LI>Call Chain = LCD_SSD_BackLightSet &rArr; __aeabi_dmul
</UL>
<BR>[Calls]<UL><LI><a href="#[8e]">&gt;&gt;</a>&nbsp;&nbsp;&nbsp;LCD_WR_DATA
<LI><a href="#[8b]">&gt;&gt;</a>&nbsp;&nbsp;&nbsp;LCD_WR_REG
<LI><a href="#[82]">&gt;&gt;</a>&nbsp;&nbsp;&nbsp;__aeabi_dmul
<LI><a href="#[9a]">&gt;&gt;</a>&nbsp;&nbsp;&nbsp;__aeabi_ui2d
<LI><a href="#[9b]">&gt;&gt;</a>&nbsp;&nbsp;&nbsp;__aeabi_d2uiz
</UL>
<BR>[Called By]<UL><LI><a href="#[7a]">&gt;&gt;</a>&nbsp;&nbsp;&nbsp;LCD_Init
</UL>

<P><STRONG><a name="[9c]"></a>LCD_Display_Dir</STRONG> (Thumb, 444 bytes, Stack size 8 bytes, lcd.o(.text))
<BR><BR>[Stack]<UL><LI>Max Depth = 36<LI>Call Chain = LCD_Display_Dir &rArr; LCD_Scan_Dir &rArr; LCD_WR_DATA
</UL>
<BR>[Calls]<UL><LI><a href="#[95]">&gt;&gt;</a>&nbsp;&nbsp;&nbsp;LCD_Scan_Dir
</UL>
<BR>[Called By]<UL><LI><a href="#[7a]">&gt;&gt;</a>&nbsp;&nbsp;&nbsp;LCD_Init
</UL>

<P><STRONG><a name="[9d]"></a>LCD_Set_Window</STRONG> (Thumb, 546 bytes, Stack size 60 bytes, lcd.o(.text), UNUSED)
<BR><BR>[Calls]<UL><LI><a href="#[8d]">&gt;&gt;</a>&nbsp;&nbsp;&nbsp;LCD_SetCursor
<LI><a href="#[8f]">&gt;&gt;</a>&nbsp;&nbsp;&nbsp;LCD_WriteReg
<LI><a href="#[8e]">&gt;&gt;</a>&nbsp;&nbsp;&nbsp;LCD_WR_DATA
<LI><a href="#[8b]">&gt;&gt;</a>&nbsp;&nbsp;&nbsp;LCD_WR_REG
</UL>

<P><STRONG><a name="[9e]"></a>LCD_Clear</STRONG> (Thumb, 100 bytes, Stack size 16 bytes, lcd.o(.text))
<BR><BR>[Stack]<UL><LI>Max Depth = 36<LI>Call Chain = LCD_Clear &rArr; LCD_SetCursor &rArr; LCD_WR_DATA
</UL>
<BR>[Calls]<UL><LI><a href="#[8d]">&gt;&gt;</a>&nbsp;&nbsp;&nbsp;LCD_SetCursor
<LI><a href="#[97]">&gt;&gt;</a>&nbsp;&nbsp;&nbsp;LCD_WriteRAM_Prepare
</UL>
<BR>[Called By]<UL><LI><a href="#[7a]">&gt;&gt;</a>&nbsp;&nbsp;&nbsp;LCD_Init
</UL>

<P><STRONG><a name="[7a]"></a>LCD_Init</STRONG> (Thumb, 14696 bytes, Stack size 136 bytes, lcd.o(.text))
<BR><BR>[Stack]<UL><LI>Max Depth = 264 + Unknown Stack Size
<LI>Call Chain = LCD_Init &rArr; __2printf &rArr; _printf_char_file &rArr; _printf_char_common &rArr; __printf
</UL>
<BR>[Calls]<UL><LI><a href="#[a3]">&gt;&gt;</a>&nbsp;&nbsp;&nbsp;delay_ms
<LI><a href="#[9f]">&gt;&gt;</a>&nbsp;&nbsp;&nbsp;RCC_AHB3PeriphClockCmd
<LI><a href="#[a0]">&gt;&gt;</a>&nbsp;&nbsp;&nbsp;GPIO_PinAFConfig
<LI><a href="#[a1]">&gt;&gt;</a>&nbsp;&nbsp;&nbsp;FSMC_NORSRAMInit
<LI><a href="#[a2]">&gt;&gt;</a>&nbsp;&nbsp;&nbsp;FSMC_NORSRAMCmd
<LI><a href="#[9e]">&gt;&gt;</a>&nbsp;&nbsp;&nbsp;LCD_Clear
<LI><a href="#[9c]">&gt;&gt;</a>&nbsp;&nbsp;&nbsp;LCD_Display_Dir
<LI><a href="#[99]">&gt;&gt;</a>&nbsp;&nbsp;&nbsp;LCD_SSD_BackLightSet
<LI><a href="#[8a]">&gt;&gt;</a>&nbsp;&nbsp;&nbsp;LCD_ReadReg
<LI><a href="#[8f]">&gt;&gt;</a>&nbsp;&nbsp;&nbsp;LCD_WriteReg
<LI><a href="#[8c]">&gt;&gt;</a>&nbsp;&nbsp;&nbsp;LCD_RD_DATA
<LI><a href="#[8e]">&gt;&gt;</a>&nbsp;&nbsp;&nbsp;LCD_WR_DATA
<LI><a href="#[8b]">&gt;&gt;</a>&nbsp;&nbsp;&nbsp;LCD_WR_REG
<LI><a href="#[87]">&gt;&gt;</a>&nbsp;&nbsp;&nbsp;RCC_AHB1PeriphClockCmd
<LI><a href="#[88]">&gt;&gt;</a>&nbsp;&nbsp;&nbsp;GPIO_Init
<LI><a href="#[7d]">&gt;&gt;</a>&nbsp;&nbsp;&nbsp;delay_us
<LI><a href="#[a4]">&gt;&gt;</a>&nbsp;&nbsp;&nbsp;__2printf
</UL>
<BR>[Called By]<UL><LI><a href="#[70]">&gt;&gt;</a>&nbsp;&nbsp;&nbsp;main
</UL>

<P><STRONG><a name="[a5]"></a>LCD_Fill</STRONG> (Thumb, 180 bytes, Stack size 44 bytes, lcd.o(.text), UNUSED)
<BR><BR>[Calls]<UL><LI><a href="#[a5]">&gt;&gt;</a>&nbsp;&nbsp;&nbsp;LCD_Fill
<LI><a href="#[8d]">&gt;&gt;</a>&nbsp;&nbsp;&nbsp;LCD_SetCursor
<LI><a href="#[97]">&gt;&gt;</a>&nbsp;&nbsp;&nbsp;LCD_WriteRAM_Prepare
</UL>
<BR>[Called By]<UL><LI><a href="#[a5]">&gt;&gt;</a>&nbsp;&nbsp;&nbsp;LCD_Fill
</UL>

<P><STRONG><a name="[a6]"></a>LCD_Color_Fill</STRONG> (Thumb, 100 bytes, Stack size 40 bytes, lcd.o(.text), UNUSED)
<BR><BR>[Calls]<UL><LI><a href="#[8d]">&gt;&gt;</a>&nbsp;&nbsp;&nbsp;LCD_SetCursor
<LI><a href="#[97]">&gt;&gt;</a>&nbsp;&nbsp;&nbsp;LCD_WriteRAM_Prepare
</UL>

<P><STRONG><a name="[a7]"></a>LCD_DrawLine</STRONG> (Thumb, 176 bytes, Stack size 68 bytes, lcd.o(.text), UNUSED)
<BR><BR>[Calls]<UL><LI><a href="#[96]">&gt;&gt;</a>&nbsp;&nbsp;&nbsp;LCD_DrawPoint
</UL>
<BR>[Called By]<UL><LI><a href="#[a8]">&gt;&gt;</a>&nbsp;&nbsp;&nbsp;LCD_DrawRectangle
</UL>

<P><STRONG><a name="[a8]"></a>LCD_DrawRectangle</STRONG> (Thumb, 60 bytes, Stack size 20 bytes, lcd.o(.text), UNUSED)
<BR><BR>[Calls]<UL><LI><a href="#[a7]">&gt;&gt;</a>&nbsp;&nbsp;&nbsp;LCD_DrawLine
</UL>

<P><STRONG><a name="[a9]"></a>LCD_Draw_Circle</STRONG> (Thumb, 152 bytes, Stack size 28 bytes, lcd.o(.text), UNUSED)
<BR><BR>[Calls]<UL><LI><a href="#[96]">&gt;&gt;</a>&nbsp;&nbsp;&nbsp;LCD_DrawPoint
</UL>

<P><STRONG><a name="[aa]"></a>LCD_ShowChar</STRONG> (Thumb, 272 bytes, Stack size 40 bytes, lcd.o(.text))
<BR><BR>[Stack]<UL><LI>Max Depth = 64<LI>Call Chain = LCD_ShowChar &rArr; LCD_Fast_DrawPoint &rArr; LCD_WR_DATA
</UL>
<BR>[Calls]<UL><LI><a href="#[98]">&gt;&gt;</a>&nbsp;&nbsp;&nbsp;LCD_Fast_DrawPoint
</UL>
<BR>[Called By]<UL><LI><a href="#[ab]">&gt;&gt;</a>&nbsp;&nbsp;&nbsp;LCD_ShowNum
<LI><a href="#[85]">&gt;&gt;</a>&nbsp;&nbsp;&nbsp;LCD_ShowxNum
<LI><a href="#[7c]">&gt;&gt;</a>&nbsp;&nbsp;&nbsp;LCD_ShowString
</UL>

<P><STRONG><a name="[ac]"></a>LCD_Pow</STRONG> (Thumb, 22 bytes, Stack size 8 bytes, lcd.o(.text))
<BR><BR>[Stack]<UL><LI>Max Depth = 8<LI>Call Chain = LCD_Pow
</UL>
<BR>[Called By]<UL><LI><a href="#[ab]">&gt;&gt;</a>&nbsp;&nbsp;&nbsp;LCD_ShowNum
<LI><a href="#[85]">&gt;&gt;</a>&nbsp;&nbsp;&nbsp;LCD_ShowxNum
</UL>

<P><STRONG><a name="[ab]"></a>LCD_ShowNum</STRONG> (Thumb, 148 bytes, Stack size 56 bytes, lcd.o(.text), UNUSED)
<BR><BR>[Calls]<UL><LI><a href="#[ac]">&gt;&gt;</a>&nbsp;&nbsp;&nbsp;LCD_Pow
<LI><a href="#[aa]">&gt;&gt;</a>&nbsp;&nbsp;&nbsp;LCD_ShowChar
</UL>

<P><STRONG><a name="[85]"></a>LCD_ShowxNum</STRONG> (Thumb, 220 bytes, Stack size 60 bytes, lcd.o(.text))
<BR><BR>[Stack]<UL><LI>Max Depth = 124<LI>Call Chain = LCD_ShowxNum &rArr; LCD_ShowChar &rArr; LCD_Fast_DrawPoint &rArr; LCD_WR_DATA
</UL>
<BR>[Calls]<UL><LI><a href="#[ac]">&gt;&gt;</a>&nbsp;&nbsp;&nbsp;LCD_Pow
<LI><a href="#[aa]">&gt;&gt;</a>&nbsp;&nbsp;&nbsp;LCD_ShowChar
</UL>
<BR>[Called By]<UL><LI><a href="#[70]">&gt;&gt;</a>&nbsp;&nbsp;&nbsp;main
</UL>

<P><STRONG><a name="[7c]"></a>LCD_ShowString</STRONG> (Thumb, 102 bytes, Stack size 36 bytes, lcd.o(.text))
<BR><BR>[Stack]<UL><LI>Max Depth = 100<LI>Call Chain = LCD_ShowString &rArr; LCD_ShowChar &rArr; LCD_Fast_DrawPoint &rArr; LCD_WR_DATA
</UL>
<BR>[Calls]<UL><LI><a href="#[aa]">&gt;&gt;</a>&nbsp;&nbsp;&nbsp;LCD_ShowChar
</UL>
<BR>[Called By]<UL><LI><a href="#[70]">&gt;&gt;</a>&nbsp;&nbsp;&nbsp;main
</UL>

<P><STRONG><a name="[7b]"></a>TIM3_Int_Init</STRONG> (Thumb, 148 bytes, Stack size 40 bytes, time.o(.text))
<BR><BR>[Stack]<UL><LI>Max Depth = 60<LI>Call Chain = TIM3_Int_Init &rArr; GPIO_Init
</UL>
<BR>[Calls]<UL><LI><a href="#[ae]">&gt;&gt;</a>&nbsp;&nbsp;&nbsp;TIM_TimeBaseInit
<LI><a href="#[af]">&gt;&gt;</a>&nbsp;&nbsp;&nbsp;TIM_ITConfig
<LI><a href="#[ad]">&gt;&gt;</a>&nbsp;&nbsp;&nbsp;RCC_APB1PeriphClockCmd
<LI><a href="#[b0]">&gt;&gt;</a>&nbsp;&nbsp;&nbsp;NVIC_Init
<LI><a href="#[87]">&gt;&gt;</a>&nbsp;&nbsp;&nbsp;RCC_AHB1PeriphClockCmd
<LI><a href="#[88]">&gt;&gt;</a>&nbsp;&nbsp;&nbsp;GPIO_Init
</UL>
<BR>[Called By]<UL><LI><a href="#[70]">&gt;&gt;</a>&nbsp;&nbsp;&nbsp;main
</UL>

<P><STRONG><a name="[29]"></a>TIM3_IRQHandler</STRONG> (Thumb, 46 bytes, Stack size 8 bytes, time.o(.text))
<BR><BR>[Stack]<UL><LI>Max Depth = 24<LI>Call Chain = TIM3_IRQHandler &rArr; delay_ms
</UL>
<BR>[Calls]<UL><LI><a href="#[b1]">&gt;&gt;</a>&nbsp;&nbsp;&nbsp;TIM_GetITStatus
<LI><a href="#[b2]">&gt;&gt;</a>&nbsp;&nbsp;&nbsp;TIM_ClearITPendingBit
<LI><a href="#[a3]">&gt;&gt;</a>&nbsp;&nbsp;&nbsp;delay_ms
</UL>
<BR>[Address Reference Count : 1]<UL><LI> startup_stm32f40_41xxx.o(RESET)
</UL>
<P><STRONG><a name="[77]"></a>delay_init</STRONG> (Thumb, 52 bytes, Stack size 8 bytes, delay.o(.text))
<BR><BR>[Stack]<UL><LI>Max Depth = 8<LI>Call Chain = delay_init
</UL>
<BR>[Calls]<UL><LI><a href="#[b3]">&gt;&gt;</a>&nbsp;&nbsp;&nbsp;SysTick_CLKSourceConfig
</UL>
<BR>[Called By]<UL><LI><a href="#[70]">&gt;&gt;</a>&nbsp;&nbsp;&nbsp;main
</UL>

<P><STRONG><a name="[7d]"></a>delay_us</STRONG> (Thumb, 72 bytes, Stack size 0 bytes, delay.o(.text))
<BR><BR>[Called By]<UL><LI><a href="#[8a]">&gt;&gt;</a>&nbsp;&nbsp;&nbsp;LCD_ReadReg
<LI><a href="#[7a]">&gt;&gt;</a>&nbsp;&nbsp;&nbsp;LCD_Init
<LI><a href="#[70]">&gt;&gt;</a>&nbsp;&nbsp;&nbsp;main
</UL>

<P><STRONG><a name="[b4]"></a>delay_xms</STRONG> (Thumb, 72 bytes, Stack size 0 bytes, delay.o(.text))
<BR><BR>[Called By]<UL><LI><a href="#[a3]">&gt;&gt;</a>&nbsp;&nbsp;&nbsp;delay_ms
</UL>

<P><STRONG><a name="[a3]"></a>delay_ms</STRONG> (Thumb, 56 bytes, Stack size 16 bytes, delay.o(.text))
<BR><BR>[Stack]<UL><LI>Max Depth = 16<LI>Call Chain = delay_ms
</UL>
<BR>[Calls]<UL><LI><a href="#[b4]">&gt;&gt;</a>&nbsp;&nbsp;&nbsp;delay_xms
</UL>
<BR>[Called By]<UL><LI><a href="#[29]">&gt;&gt;</a>&nbsp;&nbsp;&nbsp;TIM3_IRQHandler
<LI><a href="#[7a]">&gt;&gt;</a>&nbsp;&nbsp;&nbsp;LCD_Init
</UL>

<P><STRONG><a name="[75]"></a>_sys_exit</STRONG> (Thumb, 6 bytes, Stack size 0 bytes, usart.o(.text))
<BR><BR>[Called By]<UL><LI><a href="#[74]">&gt;&gt;</a>&nbsp;&nbsp;&nbsp;__rt_exit_exit
</UL>

<P><STRONG><a name="[60]"></a>fputc</STRONG> (Thumb, 22 bytes, Stack size 0 bytes, usart.o(.text))
<BR>[Address Reference Count : 1]<UL><LI> _printf_char_file.o(.text)
</UL>
<P><STRONG><a name="[78]"></a>uart_init</STRONG> (Thumb, 164 bytes, Stack size 40 bytes, usart.o(.text))
<BR><BR>[Stack]<UL><LI>Max Depth = 108<LI>Call Chain = uart_init &rArr; USART_Init &rArr; RCC_GetClocksFreq
</UL>
<BR>[Calls]<UL><LI><a href="#[b6]">&gt;&gt;</a>&nbsp;&nbsp;&nbsp;USART_Init
<LI><a href="#[b8]">&gt;&gt;</a>&nbsp;&nbsp;&nbsp;USART_ITConfig
<LI><a href="#[b7]">&gt;&gt;</a>&nbsp;&nbsp;&nbsp;USART_Cmd
<LI><a href="#[b5]">&gt;&gt;</a>&nbsp;&nbsp;&nbsp;RCC_APB2PeriphClockCmd
<LI><a href="#[b0]">&gt;&gt;</a>&nbsp;&nbsp;&nbsp;NVIC_Init
<LI><a href="#[a0]">&gt;&gt;</a>&nbsp;&nbsp;&nbsp;GPIO_PinAFConfig
<LI><a href="#[87]">&gt;&gt;</a>&nbsp;&nbsp;&nbsp;RCC_AHB1PeriphClockCmd
<LI><a href="#[88]">&gt;&gt;</a>&nbsp;&nbsp;&nbsp;GPIO_Init
</UL>
<BR>[Called By]<UL><LI><a href="#[70]">&gt;&gt;</a>&nbsp;&nbsp;&nbsp;main
</UL>

<P><STRONG><a name="[31]"></a>USART1_IRQHandler</STRONG> (Thumb, 122 bytes, Stack size 8 bytes, usart.o(.text))
<BR><BR>[Stack]<UL><LI>Max Depth = 24<LI>Call Chain = USART1_IRQHandler &rArr; USART_GetITStatus
</UL>
<BR>[Calls]<UL><LI><a href="#[ba]">&gt;&gt;</a>&nbsp;&nbsp;&nbsp;USART_ReceiveData
<LI><a href="#[b9]">&gt;&gt;</a>&nbsp;&nbsp;&nbsp;USART_GetITStatus
</UL>
<BR>[Address Reference Count : 1]<UL><LI> startup_stm32f40_41xxx.o(RESET)
</UL>
<P><STRONG><a name="[2]"></a>Reset_Handler</STRONG> (Thumb, 8 bytes, Stack size 0 bytes, startup_stm32f40_41xxx.o(.text))
<BR>[Address Reference Count : 1]<UL><LI> startup_stm32f40_41xxx.o(RESET)
</UL>
<P><STRONG><a name="[1e]"></a>ADC_IRQHandler</STRONG> (Thumb, 0 bytes, Stack size 0 bytes, startup_stm32f40_41xxx.o(.text))
<BR><BR>[Calls]<UL><LI><a href="#[1e]">&gt;&gt;</a>&nbsp;&nbsp;&nbsp;ADC_IRQHandler
</UL>
<BR>[Called By]<UL><LI><a href="#[1e]">&gt;&gt;</a>&nbsp;&nbsp;&nbsp;ADC_IRQHandler
</UL>
<BR>[Address Reference Count : 1]<UL><LI> startup_stm32f40_41xxx.o(RESET)
</UL>
<P><STRONG><a name="[20]"></a>CAN1_RX0_IRQHandler</STRONG> (Thumb, 0 bytes, Stack size 0 bytes, startup_stm32f40_41xxx.o(.text))
<BR>[Address Reference Count : 1]<UL><LI> startup_stm32f40_41xxx.o(RESET)
</UL>
<P><STRONG><a name="[21]"></a>CAN1_RX1_IRQHandler</STRONG> (Thumb, 0 bytes, Stack size 0 bytes, startup_stm32f40_41xxx.o(.text))
<BR>[Address Reference Count : 1]<UL><LI> startup_stm32f40_41xxx.o(RESET)
</UL>
<P><STRONG><a name="[22]"></a>CAN1_SCE_IRQHandler</STRONG> (Thumb, 0 bytes, Stack size 0 bytes, startup_stm32f40_41xxx.o(.text))
<BR>[Address Reference Count : 1]<UL><LI> startup_stm32f40_41xxx.o(RESET)
</UL>
<P><STRONG><a name="[1f]"></a>CAN1_TX_IRQHandler</STRONG> (Thumb, 0 bytes, Stack size 0 bytes, startup_stm32f40_41xxx.o(.text))
<BR>[Address Reference Count : 1]<UL><LI> startup_stm32f40_41xxx.o(RESET)
</UL>
<P><STRONG><a name="[4c]"></a>CAN2_RX0_IRQHandler</STRONG> (Thumb, 0 bytes, Stack size 0 bytes, startup_stm32f40_41xxx.o(.text))
<BR>[Address Reference Count : 1]<UL><LI> startup_stm32f40_41xxx.o(RESET)
</UL>
<P><STRONG><a name="[4d]"></a>CAN2_RX1_IRQHandler</STRONG> (Thumb, 0 bytes, Stack size 0 bytes, startup_stm32f40_41xxx.o(.text))
<BR>[Address Reference Count : 1]<UL><LI> startup_stm32f40_41xxx.o(RESET)
</UL>
<P><STRONG><a name="[4e]"></a>CAN2_SCE_IRQHandler</STRONG> (Thumb, 0 bytes, Stack size 0 bytes, startup_stm32f40_41xxx.o(.text))
<BR>[Address Reference Count : 1]<UL><LI> startup_stm32f40_41xxx.o(RESET)
</UL>
<P><STRONG><a name="[4b]"></a>CAN2_TX_IRQHandler</STRONG> (Thumb, 0 bytes, Stack size 0 bytes, startup_stm32f40_41xxx.o(.text))
<BR>[Address Reference Count : 1]<UL><LI> startup_stm32f40_41xxx.o(RESET)
</UL>
<P><STRONG><a name="[5b]"></a>CRYP_IRQHandler</STRONG> (Thumb, 0 bytes, Stack size 0 bytes, startup_stm32f40_41xxx.o(.text))
<BR>[Address Reference Count : 1]<UL><LI> startup_stm32f40_41xxx.o(RESET)
</UL>
<P><STRONG><a name="[5a]"></a>DCMI_IRQHandler</STRONG> (Thumb, 0 bytes, Stack size 0 bytes, startup_stm32f40_41xxx.o(.text))
<BR>[Address Reference Count : 1]<UL><LI> startup_stm32f40_41xxx.o(RESET)
</UL>
<P><STRONG><a name="[17]"></a>DMA1_Stream0_IRQHandler</STRONG> (Thumb, 0 bytes, Stack size 0 bytes, startup_stm32f40_41xxx.o(.text))
<BR>[Address Reference Count : 1]<UL><LI> startup_stm32f40_41xxx.o(RESET)
</UL>
<P><STRONG><a name="[18]"></a>DMA1_Stream1_IRQHandler</STRONG> (Thumb, 0 bytes, Stack size 0 bytes, startup_stm32f40_41xxx.o(.text))
<BR>[Address Reference Count : 1]<UL><LI> startup_stm32f40_41xxx.o(RESET)
</UL>
<P><STRONG><a name="[19]"></a>DMA1_Stream2_IRQHandler</STRONG> (Thumb, 0 bytes, Stack size 0 bytes, startup_stm32f40_41xxx.o(.text))
<BR>[Address Reference Count : 1]<UL><LI> startup_stm32f40_41xxx.o(RESET)
</UL>
<P><STRONG><a name="[1a]"></a>DMA1_Stream3_IRQHandler</STRONG> (Thumb, 0 bytes, Stack size 0 bytes, startup_stm32f40_41xxx.o(.text))
<BR>[Address Reference Count : 1]<UL><LI> startup_stm32f40_41xxx.o(RESET)
</UL>
<P><STRONG><a name="[1b]"></a>DMA1_Stream4_IRQHandler</STRONG> (Thumb, 0 bytes, Stack size 0 bytes, startup_stm32f40_41xxx.o(.text))
<BR>[Address Reference Count : 1]<UL><LI> startup_stm32f40_41xxx.o(RESET)
</UL>
<P><STRONG><a name="[1c]"></a>DMA1_Stream5_IRQHandler</STRONG> (Thumb, 0 bytes, Stack size 0 bytes, startup_stm32f40_41xxx.o(.text))
<BR>[Address Reference Count : 1]<UL><LI> startup_stm32f40_41xxx.o(RESET)
</UL>
<P><STRONG><a name="[1d]"></a>DMA1_Stream6_IRQHandler</STRONG> (Thumb, 0 bytes, Stack size 0 bytes, startup_stm32f40_41xxx.o(.text))
<BR>[Address Reference Count : 1]<UL><LI> startup_stm32f40_41xxx.o(RESET)
</UL>
<P><STRONG><a name="[3b]"></a>DMA1_Stream7_IRQHandler</STRONG> (Thumb, 0 bytes, Stack size 0 bytes, startup_stm32f40_41xxx.o(.text))
<BR>[Address Reference Count : 1]<UL><LI> startup_stm32f40_41xxx.o(RESET)
</UL>
<P><STRONG><a name="[44]"></a>DMA2_Stream0_IRQHandler</STRONG> (Thumb, 0 bytes, Stack size 0 bytes, startup_stm32f40_41xxx.o(.text))
<BR>[Address Reference Count : 1]<UL><LI> startup_stm32f40_41xxx.o(RESET)
</UL>
<P><STRONG><a name="[45]"></a>DMA2_Stream1_IRQHandler</STRONG> (Thumb, 0 bytes, Stack size 0 bytes, startup_stm32f40_41xxx.o(.text))
<BR>[Address Reference Count : 1]<UL><LI> startup_stm32f40_41xxx.o(RESET)
</UL>
<P><STRONG><a name="[46]"></a>DMA2_Stream2_IRQHandler</STRONG> (Thumb, 0 bytes, Stack size 0 bytes, startup_stm32f40_41xxx.o(.text))
<BR>[Address Reference Count : 1]<UL><LI> startup_stm32f40_41xxx.o(RESET)
</UL>
<P><STRONG><a name="[47]"></a>DMA2_Stream3_IRQHandler</STRONG> (Thumb, 0 bytes, Stack size 0 bytes, startup_stm32f40_41xxx.o(.text))
<BR>[Address Reference Count : 1]<UL><LI> startup_stm32f40_41xxx.o(RESET)
</UL>
<P><STRONG><a name="[48]"></a>DMA2_Stream4_IRQHandler</STRONG> (Thumb, 0 bytes, Stack size 0 bytes, startup_stm32f40_41xxx.o(.text))
<BR>[Address Reference Count : 1]<UL><LI> startup_stm32f40_41xxx.o(RESET)
</UL>
<P><STRONG><a name="[50]"></a>DMA2_Stream5_IRQHandler</STRONG> (Thumb, 0 bytes, Stack size 0 bytes, startup_stm32f40_41xxx.o(.text))
<BR>[Address Reference Count : 1]<UL><LI> startup_stm32f40_41xxx.o(RESET)
</UL>
<P><STRONG><a name="[51]"></a>DMA2_Stream6_IRQHandler</STRONG> (Thumb, 0 bytes, Stack size 0 bytes, startup_stm32f40_41xxx.o(.text))
<BR>[Address Reference Count : 1]<UL><LI> startup_stm32f40_41xxx.o(RESET)
</UL>
<P><STRONG><a name="[52]"></a>DMA2_Stream7_IRQHandler</STRONG> (Thumb, 0 bytes, Stack size 0 bytes, startup_stm32f40_41xxx.o(.text))
<BR>[Address Reference Count : 1]<UL><LI> startup_stm32f40_41xxx.o(RESET)
</UL>
<P><STRONG><a name="[49]"></a>ETH_IRQHandler</STRONG> (Thumb, 0 bytes, Stack size 0 bytes, startup_stm32f40_41xxx.o(.text))
<BR>[Address Reference Count : 1]<UL><LI> startup_stm32f40_41xxx.o(RESET)
</UL>
<P><STRONG><a name="[4a]"></a>ETH_WKUP_IRQHandler</STRONG> (Thumb, 0 bytes, Stack size 0 bytes, startup_stm32f40_41xxx.o(.text))
<BR>[Address Reference Count : 1]<UL><LI> startup_stm32f40_41xxx.o(RESET)
</UL>
<P><STRONG><a name="[12]"></a>EXTI0_IRQHandler</STRONG> (Thumb, 0 bytes, Stack size 0 bytes, startup_stm32f40_41xxx.o(.text))
<BR>[Address Reference Count : 1]<UL><LI> startup_stm32f40_41xxx.o(RESET)
</UL>
<P><STRONG><a name="[34]"></a>EXTI15_10_IRQHandler</STRONG> (Thumb, 0 bytes, Stack size 0 bytes, startup_stm32f40_41xxx.o(.text))
<BR>[Address Reference Count : 1]<UL><LI> startup_stm32f40_41xxx.o(RESET)
</UL>
<P><STRONG><a name="[13]"></a>EXTI1_IRQHandler</STRONG> (Thumb, 0 bytes, Stack size 0 bytes, startup_stm32f40_41xxx.o(.text))
<BR>[Address Reference Count : 1]<UL><LI> startup_stm32f40_41xxx.o(RESET)
</UL>
<P><STRONG><a name="[14]"></a>EXTI2_IRQHandler</STRONG> (Thumb, 0 bytes, Stack size 0 bytes, startup_stm32f40_41xxx.o(.text))
<BR>[Address Reference Count : 1]<UL><LI> startup_stm32f40_41xxx.o(RESET)
</UL>
<P><STRONG><a name="[15]"></a>EXTI3_IRQHandler</STRONG> (Thumb, 0 bytes, Stack size 0 bytes, startup_stm32f40_41xxx.o(.text))
<BR>[Address Reference Count : 1]<UL><LI> startup_stm32f40_41xxx.o(RESET)
</UL>
<P><STRONG><a name="[16]"></a>EXTI4_IRQHandler</STRONG> (Thumb, 0 bytes, Stack size 0 bytes, startup_stm32f40_41xxx.o(.text))
<BR>[Address Reference Count : 1]<UL><LI> startup_stm32f40_41xxx.o(RESET)
</UL>
<P><STRONG><a name="[23]"></a>EXTI9_5_IRQHandler</STRONG> (Thumb, 0 bytes, Stack size 0 bytes, startup_stm32f40_41xxx.o(.text))
<BR>[Address Reference Count : 1]<UL><LI> startup_stm32f40_41xxx.o(RESET)
</UL>
<P><STRONG><a name="[10]"></a>FLASH_IRQHandler</STRONG> (Thumb, 0 bytes, Stack size 0 bytes, startup_stm32f40_41xxx.o(.text))
<BR>[Address Reference Count : 1]<UL><LI> startup_stm32f40_41xxx.o(RESET)
</UL>
<P><STRONG><a name="[5d]"></a>FPU_IRQHandler</STRONG> (Thumb, 0 bytes, Stack size 0 bytes, startup_stm32f40_41xxx.o(.text))
<BR>[Address Reference Count : 1]<UL><LI> startup_stm32f40_41xxx.o(RESET)
</UL>
<P><STRONG><a name="[3c]"></a>FSMC_IRQHandler</STRONG> (Thumb, 0 bytes, Stack size 0 bytes, startup_stm32f40_41xxx.o(.text))
<BR>[Address Reference Count : 1]<UL><LI> startup_stm32f40_41xxx.o(RESET)
</UL>
<P><STRONG><a name="[5c]"></a>HASH_RNG_IRQHandler</STRONG> (Thumb, 0 bytes, Stack size 0 bytes, startup_stm32f40_41xxx.o(.text))
<BR>[Address Reference Count : 1]<UL><LI> startup_stm32f40_41xxx.o(RESET)
</UL>
<P><STRONG><a name="[2c]"></a>I2C1_ER_IRQHandler</STRONG> (Thumb, 0 bytes, Stack size 0 bytes, startup_stm32f40_41xxx.o(.text))
<BR>[Address Reference Count : 1]<UL><LI> startup_stm32f40_41xxx.o(RESET)
</UL>
<P><STRONG><a name="[2b]"></a>I2C1_EV_IRQHandler</STRONG> (Thumb, 0 bytes, Stack size 0 bytes, startup_stm32f40_41xxx.o(.text))
<BR>[Address Reference Count : 1]<UL><LI> startup_stm32f40_41xxx.o(RESET)
</UL>
<P><STRONG><a name="[2e]"></a>I2C2_ER_IRQHandler</STRONG> (Thumb, 0 bytes, Stack size 0 bytes, startup_stm32f40_41xxx.o(.text))
<BR>[Address Reference Count : 1]<UL><LI> startup_stm32f40_41xxx.o(RESET)
</UL>
<P><STRONG><a name="[2d]"></a>I2C2_EV_IRQHandler</STRONG> (Thumb, 0 bytes, Stack size 0 bytes, startup_stm32f40_41xxx.o(.text))
<BR>[Address Reference Count : 1]<UL><LI> startup_stm32f40_41xxx.o(RESET)
</UL>
<P><STRONG><a name="[55]"></a>I2C3_ER_IRQHandler</STRONG> (Thumb, 0 bytes, Stack size 0 bytes, startup_stm32f40_41xxx.o(.text))
<BR>[Address Reference Count : 1]<UL><LI> startup_stm32f40_41xxx.o(RESET)
</UL>
<P><STRONG><a name="[54]"></a>I2C3_EV_IRQHandler</STRONG> (Thumb, 0 bytes, Stack size 0 bytes, startup_stm32f40_41xxx.o(.text))
<BR>[Address Reference Count : 1]<UL><LI> startup_stm32f40_41xxx.o(RESET)
</UL>
<P><STRONG><a name="[4f]"></a>OTG_FS_IRQHandler</STRONG> (Thumb, 0 bytes, Stack size 0 bytes, startup_stm32f40_41xxx.o(.text))
<BR>[Address Reference Count : 1]<UL><LI> startup_stm32f40_41xxx.o(RESET)
</UL>
<P><STRONG><a name="[36]"></a>OTG_FS_WKUP_IRQHandler</STRONG> (Thumb, 0 bytes, Stack size 0 bytes, startup_stm32f40_41xxx.o(.text))
<BR>[Address Reference Count : 1]<UL><LI> startup_stm32f40_41xxx.o(RESET)
</UL>
<P><STRONG><a name="[57]"></a>OTG_HS_EP1_IN_IRQHandler</STRONG> (Thumb, 0 bytes, Stack size 0 bytes, startup_stm32f40_41xxx.o(.text))
<BR>[Address Reference Count : 1]<UL><LI> startup_stm32f40_41xxx.o(RESET)
</UL>
<P><STRONG><a name="[56]"></a>OTG_HS_EP1_OUT_IRQHandler</STRONG> (Thumb, 0 bytes, Stack size 0 bytes, startup_stm32f40_41xxx.o(.text))
<BR>[Address Reference Count : 1]<UL><LI> startup_stm32f40_41xxx.o(RESET)
</UL>
<P><STRONG><a name="[59]"></a>OTG_HS_IRQHandler</STRONG> (Thumb, 0 bytes, Stack size 0 bytes, startup_stm32f40_41xxx.o(.text))
<BR>[Address Reference Count : 1]<UL><LI> startup_stm32f40_41xxx.o(RESET)
</UL>
<P><STRONG><a name="[58]"></a>OTG_HS_WKUP_IRQHandler</STRONG> (Thumb, 0 bytes, Stack size 0 bytes, startup_stm32f40_41xxx.o(.text))
<BR>[Address Reference Count : 1]<UL><LI> startup_stm32f40_41xxx.o(RESET)
</UL>
<P><STRONG><a name="[d]"></a>PVD_IRQHandler</STRONG> (Thumb, 0 bytes, Stack size 0 bytes, startup_stm32f40_41xxx.o(.text))
<BR>[Address Reference Count : 1]<UL><LI> startup_stm32f40_41xxx.o(RESET)
</UL>
<P><STRONG><a name="[11]"></a>RCC_IRQHandler</STRONG> (Thumb, 0 bytes, Stack size 0 bytes, startup_stm32f40_41xxx.o(.text))
<BR>[Address Reference Count : 1]<UL><LI> startup_stm32f40_41xxx.o(RESET)
</UL>
<P><STRONG><a name="[35]"></a>RTC_Alarm_IRQHandler</STRONG> (Thumb, 0 bytes, Stack size 0 bytes, startup_stm32f40_41xxx.o(.text))
<BR>[Address Reference Count : 1]<UL><LI> startup_stm32f40_41xxx.o(RESET)
</UL>
<P><STRONG><a name="[f]"></a>RTC_WKUP_IRQHandler</STRONG> (Thumb, 0 bytes, Stack size 0 bytes, startup_stm32f40_41xxx.o(.text))
<BR>[Address Reference Count : 1]<UL><LI> startup_stm32f40_41xxx.o(RESET)
</UL>
<P><STRONG><a name="[3d]"></a>SDIO_IRQHandler</STRONG> (Thumb, 0 bytes, Stack size 0 bytes, startup_stm32f40_41xxx.o(.text))
<BR>[Address Reference Count : 1]<UL><LI> startup_stm32f40_41xxx.o(RESET)
</UL>
<P><STRONG><a name="[2f]"></a>SPI1_IRQHandler</STRONG> (Thumb, 0 bytes, Stack size 0 bytes, startup_stm32f40_41xxx.o(.text))
<BR>[Address Reference Count : 1]<UL><LI> startup_stm32f40_41xxx.o(RESET)
</UL>
<P><STRONG><a name="[30]"></a>SPI2_IRQHandler</STRONG> (Thumb, 0 bytes, Stack size 0 bytes, startup_stm32f40_41xxx.o(.text))
<BR>[Address Reference Count : 1]<UL><LI> startup_stm32f40_41xxx.o(RESET)
</UL>
<P><STRONG><a name="[3f]"></a>SPI3_IRQHandler</STRONG> (Thumb, 0 bytes, Stack size 0 bytes, startup_stm32f40_41xxx.o(.text))
<BR>[Address Reference Count : 1]<UL><LI> startup_stm32f40_41xxx.o(RESET)
</UL>
<P><STRONG><a name="[e]"></a>TAMP_STAMP_IRQHandler</STRONG> (Thumb, 0 bytes, Stack size 0 bytes, startup_stm32f40_41xxx.o(.text))
<BR>[Address Reference Count : 1]<UL><LI> startup_stm32f40_41xxx.o(RESET)
</UL>
<P><STRONG><a name="[24]"></a>TIM1_BRK_TIM9_IRQHandler</STRONG> (Thumb, 0 bytes, Stack size 0 bytes, startup_stm32f40_41xxx.o(.text))
<BR>[Address Reference Count : 1]<UL><LI> startup_stm32f40_41xxx.o(RESET)
</UL>
<P><STRONG><a name="[27]"></a>TIM1_CC_IRQHandler</STRONG> (Thumb, 0 bytes, Stack size 0 bytes, startup_stm32f40_41xxx.o(.text))
<BR>[Address Reference Count : 1]<UL><LI> startup_stm32f40_41xxx.o(RESET)
</UL>
<P><STRONG><a name="[26]"></a>TIM1_TRG_COM_TIM11_IRQHandler</STRONG> (Thumb, 0 bytes, Stack size 0 bytes, startup_stm32f40_41xxx.o(.text))
<BR>[Address Reference Count : 1]<UL><LI> startup_stm32f40_41xxx.o(RESET)
</UL>
<P><STRONG><a name="[25]"></a>TIM1_UP_TIM10_IRQHandler</STRONG> (Thumb, 0 bytes, Stack size 0 bytes, startup_stm32f40_41xxx.o(.text))
<BR>[Address Reference Count : 1]<UL><LI> startup_stm32f40_41xxx.o(RESET)
</UL>
<P><STRONG><a name="[28]"></a>TIM2_IRQHandler</STRONG> (Thumb, 0 bytes, Stack size 0 bytes, startup_stm32f40_41xxx.o(.text))
<BR>[Address Reference Count : 1]<UL><LI> startup_stm32f40_41xxx.o(RESET)
</UL>
<P><STRONG><a name="[2a]"></a>TIM4_IRQHandler</STRONG> (Thumb, 0 bytes, Stack size 0 bytes, startup_stm32f40_41xxx.o(.text))
<BR>[Address Reference Count : 1]<UL><LI> startup_stm32f40_41xxx.o(RESET)
</UL>
<P><STRONG><a name="[3e]"></a>TIM5_IRQHandler</STRONG> (Thumb, 0 bytes, Stack size 0 bytes, startup_stm32f40_41xxx.o(.text))
<BR>[Address Reference Count : 1]<UL><LI> startup_stm32f40_41xxx.o(RESET)
</UL>
<P><STRONG><a name="[42]"></a>TIM6_DAC_IRQHandler</STRONG> (Thumb, 0 bytes, Stack size 0 bytes, startup_stm32f40_41xxx.o(.text))
<BR>[Address Reference Count : 1]<UL><LI> startup_stm32f40_41xxx.o(RESET)
</UL>
<P><STRONG><a name="[43]"></a>TIM7_IRQHandler</STRONG> (Thumb, 0 bytes, Stack size 0 bytes, startup_stm32f40_41xxx.o(.text))
<BR>[Address Reference Count : 1]<UL><LI> startup_stm32f40_41xxx.o(RESET)
</UL>
<P><STRONG><a name="[37]"></a>TIM8_BRK_TIM12_IRQHandler</STRONG> (Thumb, 0 bytes, Stack size 0 bytes, startup_stm32f40_41xxx.o(.text))
<BR>[Address Reference Count : 1]<UL><LI> startup_stm32f40_41xxx.o(RESET)
</UL>
<P><STRONG><a name="[3a]"></a>TIM8_CC_IRQHandler</STRONG> (Thumb, 0 bytes, Stack size 0 bytes, startup_stm32f40_41xxx.o(.text))
<BR>[Address Reference Count : 1]<UL><LI> startup_stm32f40_41xxx.o(RESET)
</UL>
<P><STRONG><a name="[39]"></a>TIM8_TRG_COM_TIM14_IRQHandler</STRONG> (Thumb, 0 bytes, Stack size 0 bytes, startup_stm32f40_41xxx.o(.text))
<BR>[Address Reference Count : 1]<UL><LI> startup_stm32f40_41xxx.o(RESET)
</UL>
<P><STRONG><a name="[38]"></a>TIM8_UP_TIM13_IRQHandler</STRONG> (Thumb, 0 bytes, Stack size 0 bytes, startup_stm32f40_41xxx.o(.text))
<BR>[Address Reference Count : 1]<UL><LI> startup_stm32f40_41xxx.o(RESET)
</UL>
<P><STRONG><a name="[40]"></a>UART4_IRQHandler</STRONG> (Thumb, 0 bytes, Stack size 0 bytes, startup_stm32f40_41xxx.o(.text))
<BR>[Address Reference Count : 1]<UL><LI> startup_stm32f40_41xxx.o(RESET)
</UL>
<P><STRONG><a name="[41]"></a>UART5_IRQHandler</STRONG> (Thumb, 0 bytes, Stack size 0 bytes, startup_stm32f40_41xxx.o(.text))
<BR>[Address Reference Count : 1]<UL><LI> startup_stm32f40_41xxx.o(RESET)
</UL>
<P><STRONG><a name="[32]"></a>USART2_IRQHandler</STRONG> (Thumb, 0 bytes, Stack size 0 bytes, startup_stm32f40_41xxx.o(.text))
<BR>[Address Reference Count : 1]<UL><LI> startup_stm32f40_41xxx.o(RESET)
</UL>
<P><STRONG><a name="[33]"></a>USART3_IRQHandler</STRONG> (Thumb, 0 bytes, Stack size 0 bytes, startup_stm32f40_41xxx.o(.text))
<BR>[Address Reference Count : 1]<UL><LI> startup_stm32f40_41xxx.o(RESET)
</UL>
<P><STRONG><a name="[53]"></a>USART6_IRQHandler</STRONG> (Thumb, 0 bytes, Stack size 0 bytes, startup_stm32f40_41xxx.o(.text))
<BR>[Address Reference Count : 1]<UL><LI> startup_stm32f40_41xxx.o(RESET)
</UL>
<P><STRONG><a name="[c]"></a>WWDG_IRQHandler</STRONG> (Thumb, 0 bytes, Stack size 0 bytes, startup_stm32f40_41xxx.o(.text))
<BR>[Address Reference Count : 1]<UL><LI> startup_stm32f40_41xxx.o(RESET)
</UL>
<P><STRONG><a name="[db]"></a>__user_initial_stackheap</STRONG> (Thumb, 0 bytes, Stack size unknown bytes, startup_stm32f40_41xxx.o(.text))
<BR><BR>[Called By]<UL><LI><a href="#[6c]">&gt;&gt;</a>&nbsp;&nbsp;&nbsp;__user_setup_stackheap
</UL>

<P><STRONG><a name="[76]"></a>NVIC_PriorityGroupConfig</STRONG> (Thumb, 10 bytes, Stack size 0 bytes, misc.o(.text))
<BR><BR>[Called By]<UL><LI><a href="#[70]">&gt;&gt;</a>&nbsp;&nbsp;&nbsp;main
</UL>

<P><STRONG><a name="[b0]"></a>NVIC_Init</STRONG> (Thumb, 106 bytes, Stack size 16 bytes, misc.o(.text))
<BR><BR>[Stack]<UL><LI>Max Depth = 16<LI>Call Chain = NVIC_Init
</UL>
<BR>[Called By]<UL><LI><a href="#[78]">&gt;&gt;</a>&nbsp;&nbsp;&nbsp;uart_init
<LI><a href="#[7b]">&gt;&gt;</a>&nbsp;&nbsp;&nbsp;TIM3_Int_Init
</UL>

<P><STRONG><a name="[107]"></a>NVIC_SetVectorTable</STRONG> (Thumb, 14 bytes, Stack size 0 bytes, misc.o(.text), UNUSED)

<P><STRONG><a name="[108]"></a>NVIC_SystemLPConfig</STRONG> (Thumb, 34 bytes, Stack size 0 bytes, misc.o(.text), UNUSED)

<P><STRONG><a name="[b3]"></a>SysTick_CLKSourceConfig</STRONG> (Thumb, 40 bytes, Stack size 0 bytes, misc.o(.text))
<BR><BR>[Called By]<UL><LI><a href="#[77]">&gt;&gt;</a>&nbsp;&nbsp;&nbsp;delay_init
</UL>

<P><STRONG><a name="[bb]"></a>GPIO_DeInit</STRONG> (Thumb, 268 bytes, Stack size 8 bytes, stm32f4xx_gpio.o(.text), UNUSED)
<BR><BR>[Calls]<UL><LI><a href="#[bc]">&gt;&gt;</a>&nbsp;&nbsp;&nbsp;RCC_AHB1PeriphResetCmd
</UL>

<P><STRONG><a name="[88]"></a>GPIO_Init</STRONG> (Thumb, 144 bytes, Stack size 20 bytes, stm32f4xx_gpio.o(.text))
<BR><BR>[Stack]<UL><LI>Max Depth = 20<LI>Call Chain = GPIO_Init
</UL>
<BR>[Called By]<UL><LI><a href="#[78]">&gt;&gt;</a>&nbsp;&nbsp;&nbsp;uart_init
<LI><a href="#[7b]">&gt;&gt;</a>&nbsp;&nbsp;&nbsp;TIM3_Int_Init
<LI><a href="#[79]">&gt;&gt;</a>&nbsp;&nbsp;&nbsp;LED_Init
<LI><a href="#[7a]">&gt;&gt;</a>&nbsp;&nbsp;&nbsp;LCD_Init
</UL>

<P><STRONG><a name="[109]"></a>GPIO_StructInit</STRONG> (Thumb, 18 bytes, Stack size 0 bytes, stm32f4xx_gpio.o(.text), UNUSED)

<P><STRONG><a name="[10a]"></a>GPIO_PinLockConfig</STRONG> (Thumb, 34 bytes, Stack size 8 bytes, stm32f4xx_gpio.o(.text), UNUSED)

<P><STRONG><a name="[7e]"></a>GPIO_ReadInputDataBit</STRONG> (Thumb, 18 bytes, Stack size 0 bytes, stm32f4xx_gpio.o(.text))
<BR><BR>[Called By]<UL><LI><a href="#[70]">&gt;&gt;</a>&nbsp;&nbsp;&nbsp;main
</UL>

<P><STRONG><a name="[10b]"></a>GPIO_ReadInputData</STRONG> (Thumb, 8 bytes, Stack size 0 bytes, stm32f4xx_gpio.o(.text), UNUSED)

<P><STRONG><a name="[10c]"></a>GPIO_ReadOutputDataBit</STRONG> (Thumb, 18 bytes, Stack size 0 bytes, stm32f4xx_gpio.o(.text), UNUSED)

<P><STRONG><a name="[10d]"></a>GPIO_ReadOutputData</STRONG> (Thumb, 8 bytes, Stack size 0 bytes, stm32f4xx_gpio.o(.text), UNUSED)

<P><STRONG><a name="[89]"></a>GPIO_SetBits</STRONG> (Thumb, 4 bytes, Stack size 0 bytes, stm32f4xx_gpio.o(.text))
<BR><BR>[Called By]<UL><LI><a href="#[79]">&gt;&gt;</a>&nbsp;&nbsp;&nbsp;LED_Init
</UL>

<P><STRONG><a name="[10e]"></a>GPIO_ResetBits</STRONG> (Thumb, 4 bytes, Stack size 0 bytes, stm32f4xx_gpio.o(.text), UNUSED)

<P><STRONG><a name="[10f]"></a>GPIO_WriteBit</STRONG> (Thumb, 10 bytes, Stack size 0 bytes, stm32f4xx_gpio.o(.text), UNUSED)

<P><STRONG><a name="[110]"></a>GPIO_Write</STRONG> (Thumb, 4 bytes, Stack size 0 bytes, stm32f4xx_gpio.o(.text), UNUSED)

<P><STRONG><a name="[111]"></a>GPIO_ToggleBits</STRONG> (Thumb, 8 bytes, Stack size 0 bytes, stm32f4xx_gpio.o(.text), UNUSED)

<P><STRONG><a name="[a0]"></a>GPIO_PinAFConfig</STRONG> (Thumb, 70 bytes, Stack size 20 bytes, stm32f4xx_gpio.o(.text))
<BR><BR>[Stack]<UL><LI>Max Depth = 20<LI>Call Chain = GPIO_PinAFConfig
</UL>
<BR>[Called By]<UL><LI><a href="#[78]">&gt;&gt;</a>&nbsp;&nbsp;&nbsp;uart_init
<LI><a href="#[7a]">&gt;&gt;</a>&nbsp;&nbsp;&nbsp;LCD_Init
</UL>

<P><STRONG><a name="[112]"></a>FSMC_NORSRAMDeInit</STRONG> (Thumb, 54 bytes, Stack size 0 bytes, stm32f4xx_fsmc.o(.text), UNUSED)

<P><STRONG><a name="[a1]"></a>FSMC_NORSRAMInit</STRONG> (Thumb, 230 bytes, Stack size 0 bytes, stm32f4xx_fsmc.o(.text))
<BR><BR>[Called By]<UL><LI><a href="#[7a]">&gt;&gt;</a>&nbsp;&nbsp;&nbsp;LCD_Init
</UL>

<P><STRONG><a name="[113]"></a>FSMC_NORSRAMStructInit</STRONG> (Thumb, 48 bytes, Stack size 0 bytes, stm32f4xx_fsmc.o(.text), UNUSED)

<P><STRONG><a name="[a2]"></a>FSMC_NORSRAMCmd</STRONG> (Thumb, 46 bytes, Stack size 0 bytes, stm32f4xx_fsmc.o(.text))
<BR><BR>[Called By]<UL><LI><a href="#[7a]">&gt;&gt;</a>&nbsp;&nbsp;&nbsp;LCD_Init
</UL>

<P><STRONG><a name="[114]"></a>FSMC_NANDDeInit</STRONG> (Thumb, 62 bytes, Stack size 0 bytes, stm32f4xx_fsmc.o(.text), UNUSED)

<P><STRONG><a name="[115]"></a>FSMC_NANDInit</STRONG> (Thumb, 132 bytes, Stack size 12 bytes, stm32f4xx_fsmc.o(.text), UNUSED)

<P><STRONG><a name="[116]"></a>FSMC_NANDStructInit</STRONG> (Thumb, 54 bytes, Stack size 0 bytes, stm32f4xx_fsmc.o(.text), UNUSED)

<P><STRONG><a name="[117]"></a>FSMC_NANDCmd</STRONG> (Thumb, 86 bytes, Stack size 0 bytes, stm32f4xx_fsmc.o(.text), UNUSED)

<P><STRONG><a name="[118]"></a>FSMC_NANDECCCmd</STRONG> (Thumb, 86 bytes, Stack size 0 bytes, stm32f4xx_fsmc.o(.text), UNUSED)

<P><STRONG><a name="[119]"></a>FSMC_GetECC</STRONG> (Thumb, 24 bytes, Stack size 0 bytes, stm32f4xx_fsmc.o(.text), UNUSED)

<P><STRONG><a name="[11a]"></a>FSMC_PCCARDDeInit</STRONG> (Thumb, 36 bytes, Stack size 0 bytes, stm32f4xx_fsmc.o(.text), UNUSED)

<P><STRONG><a name="[11b]"></a>FSMC_PCCARDInit</STRONG> (Thumb, 130 bytes, Stack size 0 bytes, stm32f4xx_fsmc.o(.text), UNUSED)

<P><STRONG><a name="[11c]"></a>FSMC_PCCARDStructInit</STRONG> (Thumb, 60 bytes, Stack size 0 bytes, stm32f4xx_fsmc.o(.text), UNUSED)

<P><STRONG><a name="[11d]"></a>FSMC_PCCARDCmd</STRONG> (Thumb, 44 bytes, Stack size 0 bytes, stm32f4xx_fsmc.o(.text), UNUSED)

<P><STRONG><a name="[11e]"></a>FSMC_ITConfig</STRONG> (Thumb, 128 bytes, Stack size 8 bytes, stm32f4xx_fsmc.o(.text), UNUSED)

<P><STRONG><a name="[11f]"></a>FSMC_GetFlagStatus</STRONG> (Thumb, 54 bytes, Stack size 8 bytes, stm32f4xx_fsmc.o(.text), UNUSED)

<P><STRONG><a name="[120]"></a>FSMC_ClearFlag</STRONG> (Thumb, 74 bytes, Stack size 0 bytes, stm32f4xx_fsmc.o(.text), UNUSED)

<P><STRONG><a name="[121]"></a>FSMC_GetITStatus</STRONG> (Thumb, 62 bytes, Stack size 16 bytes, stm32f4xx_fsmc.o(.text), UNUSED)

<P><STRONG><a name="[122]"></a>FSMC_ClearITPendingBit</STRONG> (Thumb, 66 bytes, Stack size 0 bytes, stm32f4xx_fsmc.o(.text), UNUSED)

<P><STRONG><a name="[123]"></a>RCC_DeInit</STRONG> (Thumb, 82 bytes, Stack size 0 bytes, stm32f4xx_rcc.o(.text), UNUSED)

<P><STRONG><a name="[124]"></a>RCC_HSEConfig</STRONG> (Thumb, 14 bytes, Stack size 0 bytes, stm32f4xx_rcc.o(.text), UNUSED)

<P><STRONG><a name="[be]"></a>RCC_GetFlagStatus</STRONG> (Thumb, 60 bytes, Stack size 8 bytes, stm32f4xx_rcc.o(.text), UNUSED)
<BR><BR>[Called By]<UL><LI><a href="#[bd]">&gt;&gt;</a>&nbsp;&nbsp;&nbsp;RCC_WaitForHSEStartUp
</UL>

<P><STRONG><a name="[bd]"></a>RCC_WaitForHSEStartUp</STRONG> (Thumb, 56 bytes, Stack size 16 bytes, stm32f4xx_rcc.o(.text), UNUSED)
<BR><BR>[Calls]<UL><LI><a href="#[be]">&gt;&gt;</a>&nbsp;&nbsp;&nbsp;RCC_GetFlagStatus
</UL>

<P><STRONG><a name="[125]"></a>RCC_AdjustHSICalibrationValue</STRONG> (Thumb, 20 bytes, Stack size 0 bytes, stm32f4xx_rcc.o(.text), UNUSED)

<P><STRONG><a name="[126]"></a>RCC_HSICmd</STRONG> (Thumb, 6 bytes, Stack size 0 bytes, stm32f4xx_rcc.o(.text), UNUSED)

<P><STRONG><a name="[127]"></a>RCC_LSEConfig</STRONG> (Thumb, 46 bytes, Stack size 0 bytes, stm32f4xx_rcc.o(.text), UNUSED)

<P><STRONG><a name="[128]"></a>RCC_LSICmd</STRONG> (Thumb, 6 bytes, Stack size 0 bytes, stm32f4xx_rcc.o(.text), UNUSED)

<P><STRONG><a name="[129]"></a>RCC_PLLConfig</STRONG> (Thumb, 32 bytes, Stack size 16 bytes, stm32f4xx_rcc.o(.text), UNUSED)

<P><STRONG><a name="[12a]"></a>RCC_PLLCmd</STRONG> (Thumb, 6 bytes, Stack size 0 bytes, stm32f4xx_rcc.o(.text), UNUSED)

<P><STRONG><a name="[12b]"></a>RCC_PLLI2SConfig</STRONG> (Thumb, 14 bytes, Stack size 0 bytes, stm32f4xx_rcc.o(.text), UNUSED)

<P><STRONG><a name="[12c]"></a>RCC_PLLI2SCmd</STRONG> (Thumb, 6 bytes, Stack size 0 bytes, stm32f4xx_rcc.o(.text), UNUSED)

<P><STRONG><a name="[12d]"></a>RCC_PLLSAIConfig</STRONG> (Thumb, 20 bytes, Stack size 8 bytes, stm32f4xx_rcc.o(.text), UNUSED)

<P><STRONG><a name="[12e]"></a>RCC_PLLSAICmd</STRONG> (Thumb, 6 bytes, Stack size 0 bytes, stm32f4xx_rcc.o(.text), UNUSED)

<P><STRONG><a name="[12f]"></a>RCC_ClockSecuritySystemCmd</STRONG> (Thumb, 6 bytes, Stack size 0 bytes, stm32f4xx_rcc.o(.text), UNUSED)

<P><STRONG><a name="[130]"></a>RCC_MCO1Config</STRONG> (Thumb, 28 bytes, Stack size 0 bytes, stm32f4xx_rcc.o(.text), UNUSED)

<P><STRONG><a name="[131]"></a>RCC_MCO2Config</STRONG> (Thumb, 28 bytes, Stack size 0 bytes, stm32f4xx_rcc.o(.text), UNUSED)

<P><STRONG><a name="[132]"></a>RCC_SYSCLKConfig</STRONG> (Thumb, 20 bytes, Stack size 0 bytes, stm32f4xx_rcc.o(.text), UNUSED)

<P><STRONG><a name="[133]"></a>RCC_GetSYSCLKSource</STRONG> (Thumb, 12 bytes, Stack size 0 bytes, stm32f4xx_rcc.o(.text), UNUSED)

<P><STRONG><a name="[134]"></a>RCC_HCLKConfig</STRONG> (Thumb, 20 bytes, Stack size 0 bytes, stm32f4xx_rcc.o(.text), UNUSED)

<P><STRONG><a name="[135]"></a>RCC_PCLK1Config</STRONG> (Thumb, 20 bytes, Stack size 0 bytes, stm32f4xx_rcc.o(.text), UNUSED)

<P><STRONG><a name="[136]"></a>RCC_PCLK2Config</STRONG> (Thumb, 22 bytes, Stack size 0 bytes, stm32f4xx_rcc.o(.text), UNUSED)

<P><STRONG><a name="[c2]"></a>RCC_GetClocksFreq</STRONG> (Thumb, 222 bytes, Stack size 20 bytes, stm32f4xx_rcc.o(.text))
<BR><BR>[Stack]<UL><LI>Max Depth = 20<LI>Call Chain = RCC_GetClocksFreq
</UL>
<BR>[Called By]<UL><LI><a href="#[b6]">&gt;&gt;</a>&nbsp;&nbsp;&nbsp;USART_Init
</UL>

<P><STRONG><a name="[137]"></a>RCC_RTCCLKConfig</STRONG> (Thumb, 54 bytes, Stack size 0 bytes, stm32f4xx_rcc.o(.text), UNUSED)

<P><STRONG><a name="[138]"></a>RCC_RTCCLKCmd</STRONG> (Thumb, 8 bytes, Stack size 0 bytes, stm32f4xx_rcc.o(.text), UNUSED)

<P><STRONG><a name="[139]"></a>RCC_BackupResetCmd</STRONG> (Thumb, 8 bytes, Stack size 0 bytes, stm32f4xx_rcc.o(.text), UNUSED)

<P><STRONG><a name="[13a]"></a>RCC_I2SCLKConfig</STRONG> (Thumb, 6 bytes, Stack size 0 bytes, stm32f4xx_rcc.o(.text), UNUSED)

<P><STRONG><a name="[13b]"></a>RCC_SAIPLLI2SClkDivConfig</STRONG> (Thumb, 26 bytes, Stack size 0 bytes, stm32f4xx_rcc.o(.text), UNUSED)

<P><STRONG><a name="[13c]"></a>RCC_SAIPLLSAIClkDivConfig</STRONG> (Thumb, 28 bytes, Stack size 0 bytes, stm32f4xx_rcc.o(.text), UNUSED)

<P><STRONG><a name="[13d]"></a>RCC_SAIBlockACLKConfig</STRONG> (Thumb, 20 bytes, Stack size 0 bytes, stm32f4xx_rcc.o(.text), UNUSED)

<P><STRONG><a name="[13e]"></a>RCC_SAIBlockBCLKConfig</STRONG> (Thumb, 20 bytes, Stack size 0 bytes, stm32f4xx_rcc.o(.text), UNUSED)

<P><STRONG><a name="[13f]"></a>RCC_LTDCCLKDivConfig</STRONG> (Thumb, 20 bytes, Stack size 0 bytes, stm32f4xx_rcc.o(.text), UNUSED)

<P><STRONG><a name="[140]"></a>RCC_TIMCLKPresConfig</STRONG> (Thumb, 6 bytes, Stack size 0 bytes, stm32f4xx_rcc.o(.text), UNUSED)

<P><STRONG><a name="[87]"></a>RCC_AHB1PeriphClockCmd</STRONG> (Thumb, 34 bytes, Stack size 0 bytes, stm32f4xx_rcc.o(.text))
<BR><BR>[Called By]<UL><LI><a href="#[78]">&gt;&gt;</a>&nbsp;&nbsp;&nbsp;uart_init
<LI><a href="#[7b]">&gt;&gt;</a>&nbsp;&nbsp;&nbsp;TIM3_Int_Init
<LI><a href="#[79]">&gt;&gt;</a>&nbsp;&nbsp;&nbsp;LED_Init
<LI><a href="#[7a]">&gt;&gt;</a>&nbsp;&nbsp;&nbsp;LCD_Init
</UL>

<P><STRONG><a name="[141]"></a>RCC_AHB2PeriphClockCmd</STRONG> (Thumb, 78 bytes, Stack size 0 bytes, stm32f4xx_rcc.o(.text), UNUSED)

<P><STRONG><a name="[9f]"></a>RCC_AHB3PeriphClockCmd</STRONG> (Thumb, 34 bytes, Stack size 0 bytes, stm32f4xx_rcc.o(.text))
<BR><BR>[Called By]<UL><LI><a href="#[7a]">&gt;&gt;</a>&nbsp;&nbsp;&nbsp;LCD_Init
</UL>

<P><STRONG><a name="[ad]"></a>RCC_APB1PeriphClockCmd</STRONG> (Thumb, 34 bytes, Stack size 0 bytes, stm32f4xx_rcc.o(.text))
<BR><BR>[Called By]<UL><LI><a href="#[7b]">&gt;&gt;</a>&nbsp;&nbsp;&nbsp;TIM3_Int_Init
</UL>

<P><STRONG><a name="[b5]"></a>RCC_APB2PeriphClockCmd</STRONG> (Thumb, 34 bytes, Stack size 0 bytes, stm32f4xx_rcc.o(.text))
<BR><BR>[Called By]<UL><LI><a href="#[78]">&gt;&gt;</a>&nbsp;&nbsp;&nbsp;uart_init
</UL>

<P><STRONG><a name="[bc]"></a>RCC_AHB1PeriphResetCmd</STRONG> (Thumb, 34 bytes, Stack size 0 bytes, stm32f4xx_rcc.o(.text), UNUSED)
<BR><BR>[Called By]<UL><LI><a href="#[bb]">&gt;&gt;</a>&nbsp;&nbsp;&nbsp;GPIO_DeInit
</UL>

<P><STRONG><a name="[142]"></a>RCC_AHB2PeriphResetCmd</STRONG> (Thumb, 34 bytes, Stack size 0 bytes, stm32f4xx_rcc.o(.text), UNUSED)

<P><STRONG><a name="[143]"></a>RCC_AHB3PeriphResetCmd</STRONG> (Thumb, 34 bytes, Stack size 0 bytes, stm32f4xx_rcc.o(.text), UNUSED)

<P><STRONG><a name="[c1]"></a>RCC_APB1PeriphResetCmd</STRONG> (Thumb, 34 bytes, Stack size 0 bytes, stm32f4xx_rcc.o(.text), UNUSED)
<BR><BR>[Called By]<UL><LI><a href="#[c3]">&gt;&gt;</a>&nbsp;&nbsp;&nbsp;TIM_DeInit
<LI><a href="#[bf]">&gt;&gt;</a>&nbsp;&nbsp;&nbsp;USART_DeInit
</UL>

<P><STRONG><a name="[c0]"></a>RCC_APB2PeriphResetCmd</STRONG> (Thumb, 34 bytes, Stack size 0 bytes, stm32f4xx_rcc.o(.text), UNUSED)
<BR><BR>[Called By]<UL><LI><a href="#[c3]">&gt;&gt;</a>&nbsp;&nbsp;&nbsp;TIM_DeInit
<LI><a href="#[bf]">&gt;&gt;</a>&nbsp;&nbsp;&nbsp;USART_DeInit
</UL>

<P><STRONG><a name="[144]"></a>RCC_AHB1PeriphClockLPModeCmd</STRONG> (Thumb, 34 bytes, Stack size 0 bytes, stm32f4xx_rcc.o(.text), UNUSED)

<P><STRONG><a name="[145]"></a>RCC_AHB2PeriphClockLPModeCmd</STRONG> (Thumb, 34 bytes, Stack size 0 bytes, stm32f4xx_rcc.o(.text), UNUSED)

<P><STRONG><a name="[146]"></a>RCC_AHB3PeriphClockLPModeCmd</STRONG> (Thumb, 34 bytes, Stack size 0 bytes, stm32f4xx_rcc.o(.text), UNUSED)

<P><STRONG><a name="[147]"></a>RCC_APB1PeriphClockLPModeCmd</STRONG> (Thumb, 34 bytes, Stack size 0 bytes, stm32f4xx_rcc.o(.text), UNUSED)

<P><STRONG><a name="[148]"></a>RCC_APB2PeriphClockLPModeCmd</STRONG> (Thumb, 34 bytes, Stack size 0 bytes, stm32f4xx_rcc.o(.text), UNUSED)

<P><STRONG><a name="[149]"></a>RCC_LSEModeConfig</STRONG> (Thumb, 40 bytes, Stack size 0 bytes, stm32f4xx_rcc.o(.text), UNUSED)

<P><STRONG><a name="[14a]"></a>RCC_ITConfig</STRONG> (Thumb, 34 bytes, Stack size 0 bytes, stm32f4xx_rcc.o(.text), UNUSED)

<P><STRONG><a name="[14b]"></a>RCC_ClearFlag</STRONG> (Thumb, 18 bytes, Stack size 0 bytes, stm32f4xx_rcc.o(.text), UNUSED)

<P><STRONG><a name="[14c]"></a>RCC_GetITStatus</STRONG> (Thumb, 22 bytes, Stack size 0 bytes, stm32f4xx_rcc.o(.text), UNUSED)

<P><STRONG><a name="[14d]"></a>RCC_ClearITPendingBit</STRONG> (Thumb, 8 bytes, Stack size 0 bytes, stm32f4xx_rcc.o(.text), UNUSED)

<P><STRONG><a name="[bf]"></a>USART_DeInit</STRONG> (Thumb, 206 bytes, Stack size 8 bytes, stm32f4xx_usart.o(.text), UNUSED)
<BR><BR>[Calls]<UL><LI><a href="#[c0]">&gt;&gt;</a>&nbsp;&nbsp;&nbsp;RCC_APB2PeriphResetCmd
<LI><a href="#[c1]">&gt;&gt;</a>&nbsp;&nbsp;&nbsp;RCC_APB1PeriphResetCmd
</UL>

<P><STRONG><a name="[b6]"></a>USART_Init</STRONG> (Thumb, 204 bytes, Stack size 48 bytes, stm32f4xx_usart.o(.text))
<BR><BR>[Stack]<UL><LI>Max Depth = 68<LI>Call Chain = USART_Init &rArr; RCC_GetClocksFreq
</UL>
<BR>[Calls]<UL><LI><a href="#[c2]">&gt;&gt;</a>&nbsp;&nbsp;&nbsp;RCC_GetClocksFreq
</UL>
<BR>[Called By]<UL><LI><a href="#[78]">&gt;&gt;</a>&nbsp;&nbsp;&nbsp;uart_init
</UL>

<P><STRONG><a name="[14e]"></a>USART_StructInit</STRONG> (Thumb, 24 bytes, Stack size 0 bytes, stm32f4xx_usart.o(.text), UNUSED)

<P><STRONG><a name="[14f]"></a>USART_ClockInit</STRONG> (Thumb, 32 bytes, Stack size 8 bytes, stm32f4xx_usart.o(.text), UNUSED)

<P><STRONG><a name="[150]"></a>USART_ClockStructInit</STRONG> (Thumb, 12 bytes, Stack size 0 bytes, stm32f4xx_usart.o(.text), UNUSED)

<P><STRONG><a name="[b7]"></a>USART_Cmd</STRONG> (Thumb, 24 bytes, Stack size 0 bytes, stm32f4xx_usart.o(.text))
<BR><BR>[Called By]<UL><LI><a href="#[78]">&gt;&gt;</a>&nbsp;&nbsp;&nbsp;uart_init
</UL>

<P><STRONG><a name="[151]"></a>USART_SetPrescaler</STRONG> (Thumb, 16 bytes, Stack size 0 bytes, stm32f4xx_usart.o(.text), UNUSED)

<P><STRONG><a name="[152]"></a>USART_OverSampling8Cmd</STRONG> (Thumb, 22 bytes, Stack size 0 bytes, stm32f4xx_usart.o(.text), UNUSED)

<P><STRONG><a name="[153]"></a>USART_OneBitMethodCmd</STRONG> (Thumb, 24 bytes, Stack size 0 bytes, stm32f4xx_usart.o(.text), UNUSED)

<P><STRONG><a name="[154]"></a>USART_SendData</STRONG> (Thumb, 8 bytes, Stack size 0 bytes, stm32f4xx_usart.o(.text), UNUSED)

<P><STRONG><a name="[ba]"></a>USART_ReceiveData</STRONG> (Thumb, 10 bytes, Stack size 0 bytes, stm32f4xx_usart.o(.text))
<BR><BR>[Called By]<UL><LI><a href="#[31]">&gt;&gt;</a>&nbsp;&nbsp;&nbsp;USART1_IRQHandler
</UL>

<P><STRONG><a name="[155]"></a>USART_SetAddress</STRONG> (Thumb, 18 bytes, Stack size 0 bytes, stm32f4xx_usart.o(.text), UNUSED)

<P><STRONG><a name="[156]"></a>USART_ReceiverWakeUpCmd</STRONG> (Thumb, 24 bytes, Stack size 0 bytes, stm32f4xx_usart.o(.text), UNUSED)

<P><STRONG><a name="[157]"></a>USART_WakeUpConfig</STRONG> (Thumb, 18 bytes, Stack size 0 bytes, stm32f4xx_usart.o(.text), UNUSED)

<P><STRONG><a name="[158]"></a>USART_LINBreakDetectLengthConfig</STRONG> (Thumb, 18 bytes, Stack size 0 bytes, stm32f4xx_usart.o(.text), UNUSED)

<P><STRONG><a name="[159]"></a>USART_LINCmd</STRONG> (Thumb, 24 bytes, Stack size 0 bytes, stm32f4xx_usart.o(.text), UNUSED)

<P><STRONG><a name="[15a]"></a>USART_SendBreak</STRONG> (Thumb, 10 bytes, Stack size 0 bytes, stm32f4xx_usart.o(.text), UNUSED)

<P><STRONG><a name="[15b]"></a>USART_HalfDuplexCmd</STRONG> (Thumb, 24 bytes, Stack size 0 bytes, stm32f4xx_usart.o(.text), UNUSED)

<P><STRONG><a name="[15c]"></a>USART_SetGuardTime</STRONG> (Thumb, 16 bytes, Stack size 0 bytes, stm32f4xx_usart.o(.text), UNUSED)

<P><STRONG><a name="[15d]"></a>USART_SmartCardCmd</STRONG> (Thumb, 24 bytes, Stack size 0 bytes, stm32f4xx_usart.o(.text), UNUSED)

<P><STRONG><a name="[15e]"></a>USART_SmartCardNACKCmd</STRONG> (Thumb, 24 bytes, Stack size 0 bytes, stm32f4xx_usart.o(.text), UNUSED)

<P><STRONG><a name="[15f]"></a>USART_IrDAConfig</STRONG> (Thumb, 18 bytes, Stack size 0 bytes, stm32f4xx_usart.o(.text), UNUSED)

[...]

<P><STRONG><a name="[183]"></a>TIM_OC2FastConfig</STRONG> (Thumb, 26 bytes, Stack size 0 bytes, stm32f4xx_tim.o(.text), UNUSED)

<P><STRONG><a name="[184]"></a>TIM_OC3FastConfig</STRONG> (Thumb, 18 bytes, Stack size 0 bytes, stm32f4xx_tim.o(.text), UNUSED)

<P><STRONG><a name="[185]"></a>TIM_OC4FastConfig</STRONG> (Thumb, 26 bytes, Stack size 0 bytes, stm32f4xx_tim.o(.text), UNUSED)

<P><STRONG><a name="[186]"></a>TIM_ClearOC1Ref</STRONG> (Thumb, 18 bytes, Stack size 0 bytes, stm32f4xx_tim.o(.text), UNUSED)

<P><STRONG><a name="[187]"></a>TIM_ClearOC2Ref</STRONG> (Thumb, 24 bytes, Stack size 0 bytes, stm32f4xx_tim.o(.text), UNUSED)

<P><STRONG><a name="[188]"></a>TIM_ClearOC3Ref</STRONG> (Thumb, 18 bytes, Stack size 0 bytes, stm32f4xx_tim.o(.text), UNUSED)

<P><STRONG><a name="[189]"></a>TIM_ClearOC4Ref</STRONG> (Thumb, 24 bytes, Stack size 0 bytes, stm32f4xx_tim.o(.text), UNUSED)

<P><STRONG><a name="[18a]"></a>TIM_OC1PolarityConfig</STRONG> (Thumb, 18 bytes, Stack size 0 bytes, stm32f4xx_tim.o(.text), UNUSED)

<P><STRONG><a name="[18b]"></a>TIM_OC1NPolarityConfig</STRONG> (Thumb, 18 bytes, Stack size 0 bytes, stm32f4xx_tim.o(.text), UNUSED)

<P><STRONG><a name="[18c]"></a>TIM_OC2PolarityConfig</STRONG> (Thumb, 26 bytes, Stack size 0 bytes, stm32f4xx_tim.o(.text), UNUSED)

<P><STRONG><a name="[18d]"></a>TIM_OC2NPolarityConfig</STRONG> (Thumb, 26 bytes, Stack size 0 bytes, stm32f4xx_tim.o(.text), UNUSED)

<P><STRONG><a name="[18e]"></a>TIM_OC3PolarityConfig</STRONG> (Thumb, 26 bytes, Stack size 0 bytes, stm32f4xx_tim.o(.text), UNUSED)

<P><STRONG><a name="[18f]"></a>TIM_OC3NPolarityConfig</STRONG> (Thumb, 26 bytes, Stack size 0 bytes, stm32f4xx_tim.o(.text), UNUSED)

<P><STRONG><a name="[190]"></a>TIM_OC4PolarityConfig</STRONG> (Thumb, 26 bytes, Stack size 0 bytes, stm32f4xx_tim.o(.text), UNUSED)

<P><STRONG><a name="[191]"></a>TIM_CCxCmd</STRONG> (Thumb, 30 bytes, Stack size 12 bytes, stm32f4xx_tim.o(.text), UNUSED)

<P><STRONG><a name="[192]"></a>TIM_CCxNCmd</STRONG> (Thumb, 30 bytes, Stack size 12 bytes, stm32f4xx_tim.o(.text), UNUSED)

<P><STRONG><a name="[cc]"></a>TIM_SetIC4Prescaler</STRONG> (Thumb, 26 bytes, Stack size 0 bytes, stm32f4xx_tim.o(.text), UNUSED)
<BR><BR>[Called By]<UL><LI><a href="#[c4]">&gt;&gt;</a>&nbsp;&nbsp;&nbsp;TIM_ICInit
</UL>

<P><STRONG><a name="[ca]"></a>TIM_SetIC3Prescaler</STRONG> (Thumb, 18 bytes, Stack size 0 bytes, stm32f4xx_tim.o(.text), UNUSED)
<BR><BR>[Called By]<UL><LI><a href="#[c4]">&gt;&gt;</a>&nbsp;&nbsp;&nbsp;TIM_ICInit
</UL>

<P><STRONG><a name="[c8]"></a>TIM_SetIC2Prescaler</STRONG> (Thumb, 26 bytes, Stack size 0 bytes, stm32f4xx_tim.o(.text), UNUSED)
<BR><BR>[Called By]<UL><LI><a href="#[cd]">&gt;&gt;</a>&nbsp;&nbsp;&nbsp;TIM_PWMIConfig
<LI><a href="#[c4]">&gt;&gt;</a>&nbsp;&nbsp;&nbsp;TIM_ICInit
</UL>

<P><STRONG><a name="[c6]"></a>TIM_SetIC1Prescaler</STRONG> (Thumb, 18 bytes, Stack size 0 bytes, stm32f4xx_tim.o(.text), UNUSED)
<BR><BR>[Called By]<UL><LI><a href="#[cd]">&gt;&gt;</a>&nbsp;&nbsp;&nbsp;TIM_PWMIConfig
<LI><a href="#[c4]">&gt;&gt;</a>&nbsp;&nbsp;&nbsp;TIM_ICInit
</UL>

<P><STRONG><a name="[c4]"></a>TIM_ICInit</STRONG> (Thumb, 110 bytes, Stack size 16 bytes, stm32f4xx_tim.o(.text), UNUSED)
<BR><BR>[Calls]<UL><LI><a href="#[c6]">&gt;&gt;</a>&nbsp;&nbsp;&nbsp;TIM_SetIC1Prescaler
<LI><a href="#[c8]">&gt;&gt;</a>&nbsp;&nbsp;&nbsp;TIM_SetIC2Prescaler
<LI><a href="#[ca]">&gt;&gt;</a>&nbsp;&nbsp;&nbsp;TIM_SetIC3Prescaler
<LI><a href="#[cc]">&gt;&gt;</a>&nbsp;&nbsp;&nbsp;TIM_SetIC4Prescaler
<LI><a href="#[c5]">&gt;&gt;</a>&nbsp;&nbsp;&nbsp;TI1_Config
<LI><a href="#[c7]">&gt;&gt;</a>&nbsp;&nbsp;&nbsp;TI2_Config
<LI><a href="#[c9]">&gt;&gt;</a>&nbsp;&nbsp;&nbsp;TI3_Config
<LI><a href="#[cb]">&gt;&gt;</a>&nbsp;&nbsp;&nbsp;TI4_Config
</UL>

<P><STRONG><a name="[193]"></a>TIM_ICStructInit</STRONG> (Thumb, 18 bytes, Stack size 0 bytes, stm32f4xx_tim.o(.text), UNUSED)

<P><STRONG><a name="[cd]"></a>TIM_PWMIConfig</STRONG> (Thumb, 124 bytes, Stack size 24 bytes, stm32f4xx_tim.o(.text), UNUSED)
<BR><BR>[Calls]<UL><LI><a href="#[c6]">&gt;&gt;</a>&nbsp;&nbsp;&nbsp;TIM_SetIC1Prescaler
<LI><a href="#[c8]">&gt;&gt;</a>&nbsp;&nbsp;&nbsp;TIM_SetIC2Prescaler
<LI><a href="#[c5]">&gt;&gt;</a>&nbsp;&nbsp;&nbsp;TI1_Config
<LI><a href="#[c7]">&gt;&gt;</a>&nbsp;&nbsp;&nbsp;TI2_Config
</UL>

<P><STRONG><a name="[194]"></a>TIM_GetCapture1</STRONG> (Thumb, 6 bytes, Stack size 0 bytes, stm32f4xx_tim.o(.text), UNUSED)

<P><STRONG><a name="[195]"></a>TIM_GetCapture2</STRONG> (Thumb, 6 bytes, Stack size 0 bytes, stm32f4xx_tim.o(.text), UNUSED)

<P><STRONG><a name="[196]"></a>TIM_GetCapture3</STRONG> (Thumb, 6 bytes, Stack size 0 bytes, stm32f4xx_tim.o(.text), UNUSED)

<P><STRONG><a name="[197]"></a>TIM_GetCapture4</STRONG> (Thumb, 6 bytes, Stack size 0 bytes, stm32f4xx_tim.o(.text), UNUSED)

<P><STRONG><a name="[198]"></a>TIM_BDTRConfig</STRONG> (Thumb, 32 bytes, Stack size 0 bytes, stm32f4xx_tim.o(.text), UNUSED)

<P><STRONG><a name="[199]"></a>TIM_BDTRStructInit</STRONG> (Thumb, 18 bytes, Stack size 0 bytes, stm32f4xx_tim.o(.text), UNUSED)

<P><STRONG><a name="[19a]"></a>TIM_CtrlPWMOutputs</STRONG> (Thumb, 30 bytes, Stack size 0 bytes, stm32f4xx_tim.o(.text), UNUSED)

<P><STRONG><a name="[19b]"></a>TIM_SelectCOM</STRONG> (Thumb, 24 bytes, Stack size 0 bytes, stm32f4xx_tim.o(.text), UNUSED)

<P><STRONG><a name="[19c]"></a>TIM_CCPreloadControl</STRONG> (Thumb, 24 bytes, Stack size 0 bytes, stm32f4xx_tim.o(.text), UNUSED)

<P><STRONG><a name="[af]"></a>TIM_ITConfig</STRONG> (Thumb, 18 bytes, Stack size 0 bytes, stm32f4xx_tim.o(.text))
<BR><BR>[Called By]<UL><LI><a href="#[7b]">&gt;&gt;</a>&nbsp;&nbsp;&nbsp;TIM3_Int_Init
</UL>

<P><STRONG><a name="[19d]"></a>TIM_GenerateEvent</STRONG> (Thumb, 4 bytes, Stack size 0 bytes, stm32f4xx_tim.o(.text), UNUSED)

<P><STRONG><a name="[19e]"></a>TIM_GetFlagStatus</STRONG> (Thumb, 18 bytes, Stack size 0 bytes, stm32f4xx_tim.o(.text), UNUSED)

<P><STRONG><a name="[19f]"></a>TIM_ClearFlag</STRONG> (Thumb, 6 bytes, Stack size 0 bytes, stm32f4xx_tim.o(.text), UNUSED)

<P><STRONG><a name="[b1]"></a>TIM_GetITStatus</STRONG> (Thumb, 34 bytes, Stack size 12 bytes, stm32f4xx_tim.o(.text))
<BR><BR>[Stack]<UL><LI>Max Depth = 12<LI>Call Chain = TIM_GetITStatus
</UL>
<BR>[Called By]<UL><LI><a href="#[29]">&gt;&gt;</a>&nbsp;&nbsp;&nbsp;TIM3_IRQHandler
</UL>

<P><STRONG><a name="[b2]"></a>TIM_ClearITPendingBit</STRONG> (Thumb, 6 bytes, Stack size 0 bytes, stm32f4xx_tim.o(.text))
<BR><BR>[Called By]<UL><LI><a href="#[29]">&gt;&gt;</a>&nbsp;&nbsp;&nbsp;TIM3_IRQHandler
</UL>

<P><STRONG><a name="[1a0]"></a>TIM_DMAConfig</STRONG> (Thumb, 10 bytes, Stack size 0 bytes, stm32f4xx_tim.o(.text), UNUSED)

<P><STRONG><a name="[1a1]"></a>TIM_DMACmd</STRONG> (Thumb, 18 bytes, Stack size 0 bytes, stm32f4xx_tim.o(.text), UNUSED)

<P><STRONG><a name="[1a2]"></a>TIM_SelectCCDMA</STRONG> (Thumb, 24 bytes, Stack size 0 bytes, stm32f4xx_tim.o(.text), UNUSED)

<P><STRONG><a name="[1a3]"></a>TIM_InternalClockConfig</STRONG> (Thumb, 12 bytes, Stack size 0 bytes, stm32f4xx_tim.o(.text), UNUSED)

<P><STRONG><a name="[cf]"></a>TIM_SelectInputTrigger</STRONG> (Thumb, 18 bytes, Stack size 0 bytes, stm32f4xx_tim.o(.text), UNUSED)
<BR><BR>[Called By]<UL><LI><a href="#[d0]">&gt;&gt;</a>&nbsp;&nbsp;&nbsp;TIM_TIxExternalClockConfig
<LI><a href="#[ce]">&gt;&gt;</a>&nbsp;&nbsp;&nbsp;TIM_ITRxExternalClockConfig
</UL>

<P><STRONG><a name="[ce]"></a>TIM_ITRxExternalClockConfig</STRONG> (Thumb, 24 bytes, Stack size 12 bytes, stm32f4xx_tim.o(.text), UNUSED)
<BR><BR>[Calls]<UL><LI><a href="#[cf]">&gt;&gt;</a>&nbsp;&nbsp;&nbsp;TIM_SelectInputTrigger
</UL>

<P><STRONG><a name="[d0]"></a>TIM_TIxExternalClockConfig</STRONG> (Thumb, 62 bytes, Stack size 24 bytes, stm32f4xx_tim.o(.text), UNUSED)
<BR><BR>[Calls]<UL><LI><a href="#[cf]">&gt;&gt;</a>&nbsp;&nbsp;&nbsp;TIM_SelectInputTrigger
<LI><a href="#[c5]">&gt;&gt;</a>&nbsp;&nbsp;&nbsp;TI1_Config
<LI><a href="#[c7]">&gt;&gt;</a>&nbsp;&nbsp;&nbsp;TI2_Config
</UL>

<P><STRONG><a name="[d2]"></a>TIM_ETRConfig</STRONG> (Thumb, 28 bytes, Stack size 12 bytes, stm32f4xx_tim.o(.text), UNUSED)
<BR><BR>[Called By]<UL><LI><a href="#[d3]">&gt;&gt;</a>&nbsp;&nbsp;&nbsp;TIM_ETRClockMode2Config
<LI><a href="#[d1]">&gt;&gt;</a>&nbsp;&nbsp;&nbsp;TIM_ETRClockMode1Config
</UL>

<P><STRONG><a name="[d1]"></a>TIM_ETRClockMode1Config</STRONG> (Thumb, 54 bytes, Stack size 24 bytes, stm32f4xx_tim.o(.text), UNUSED)
<BR><BR>[Calls]<UL><LI><a href="#[d2]">&gt;&gt;</a>&nbsp;&nbsp;&nbsp;TIM_ETRConfig
</UL>

<P><STRONG><a name="[d3]"></a>TIM_ETRClockMode2Config</STRONG> (Thumb, 32 bytes, Stack size 20 bytes, stm32f4xx_tim.o(.text), UNUSED)
<BR><BR>[Calls]<UL><LI><a href="#[d2]">&gt;&gt;</a>&nbsp;&nbsp;&nbsp;TIM_ETRConfig
</UL>

<P><STRONG><a name="[1a4]"></a>TIM_SelectOutputTrigger</STRONG> (Thumb, 18 bytes, Stack size 0 bytes, stm32f4xx_tim.o(.text), UNUSED)

<P><STRONG><a name="[1a5]"></a>TIM_SelectSlaveMode</STRONG> (Thumb, 18 bytes, Stack size 0 bytes, stm32f4xx_tim.o(.text), UNUSED)

<P><STRONG><a name="[1a6]"></a>TIM_SelectMasterSlaveMode</STRONG> (Thumb, 18 bytes, Stack size 0 bytes, stm32f4xx_tim.o(.text), UNUSED)

<P><STRONG><a name="[1a7]"></a>TIM_EncoderInterfaceConfig</STRONG> (Thumb, 66 bytes, Stack size 20 bytes, stm32f4xx_tim.o(.text), UNUSED)

<P><STRONG><a name="[1a8]"></a>TIM_SelectHallSensor</STRONG> (Thumb, 24 bytes, Stack size 0 bytes, stm32f4xx_tim.o(.text), UNUSED)

<P><STRONG><a name="[1a9]"></a>TIM_RemapConfig</STRONG> (Thumb, 6 bytes, Stack size 0 bytes, stm32f4xx_tim.o(.text), UNUSED)

<P><STRONG><a name="[1aa]"></a>__use_no_semihosting</STRONG> (Thumb, 2 bytes, Stack size 0 bytes, use_no_semi_2.o(.text), UNUSED)

<P><STRONG><a name="[a4]"></a>__2printf</STRONG> (Thumb, 20 bytes, Stack size 24 bytes, noretval__2printf.o(.text))
<BR><BR>[Stack]<UL><LI>Max Depth = 128 + Unknown Stack Size
<LI>Call Chain = __2printf &rArr; _printf_char_file &rArr; _printf_char_common &rArr; __printf
</UL>
<BR>[Calls]<UL><LI><a href="#[d4]">&gt;&gt;</a>&nbsp;&nbsp;&nbsp;_printf_char_file
</UL>
<BR>[Called By]<UL><LI><a href="#[7a]">&gt;&gt;</a>&nbsp;&nbsp;&nbsp;LCD_Init
</UL>

<P><STRONG><a name="[d5]"></a>__printf</STRONG> (Thumb, 104 bytes, Stack size 24 bytes, __printf.o(.text))
<BR><BR>[Stack]<UL><LI>Max Depth = 24 + Unknown Stack Size
<LI>Call Chain = __printf
</UL>
<BR>[Calls]<UL><LI><a href="#[d6]">&gt;&gt;</a>&nbsp;&nbsp;&nbsp;_printf_percent
</UL>
<BR>[Called By]<UL><LI><a href="#[d8]">&gt;&gt;</a>&nbsp;&nbsp;&nbsp;_printf_char_common
</UL>

<P><STRONG><a name="[68]"></a>_printf_int_hex</STRONG> (Thumb, 84 bytes, Stack size 16 bytes, _printf_hex_int.o(.text))
<BR><BR>[Stack]<UL><LI>Max Depth = 48<LI>Call Chain = _printf_int_hex &rArr; _printf_int_common
</UL>
<BR>[Calls]<UL><LI><a href="#[d7]">&gt;&gt;</a>&nbsp;&nbsp;&nbsp;_printf_int_common
</UL>
<BR>[Called By]<UL><LI><a href="#[67]">&gt;&gt;</a>&nbsp;&nbsp;&nbsp;_printf_x
</UL>

<P><STRONG><a name="[1ab]"></a>_printf_longlong_hex</STRONG> (Thumb, 0 bytes, Stack size 16 bytes, _printf_hex_int.o(.text), UNUSED)

<P><STRONG><a name="[1ac]"></a>__use_two_region_memory</STRONG> (Thumb, 2 bytes, Stack size 0 bytes, heapauxi.o(.text), UNUSED)

<P><STRONG><a name="[1ad]"></a>__rt_heap_escrow$2region</STRONG> (Thumb, 2 bytes, Stack size 0 bytes, heapauxi.o(.text), UNUSED)

<P><STRONG><a name="[1ae]"></a>__rt_heap_expand$2region</STRONG> (Thumb, 2 bytes, Stack size 0 bytes, heapauxi.o(.text), UNUSED)

<P><STRONG><a name="[1af]"></a>__I$use$semihosting</STRONG> (Thumb, 0 bytes, Stack size 0 bytes, use_no_semi.o(.text), UNUSED)

<P><STRONG><a name="[1b0]"></a>__use_no_semihosting_swi</STRONG> (Thumb, 2 bytes, Stack size 0 bytes, use_no_semi.o(.text), UNUSED)

<P><STRONG><a name="[d7]"></a>_printf_int_common</STRONG> (Thumb, 178 bytes, Stack size 32 bytes, _printf_intcommon.o(.text))
<BR><BR>[Stack]<UL><LI>Max Depth = 32<LI>Call Chain = _printf_int_common
</UL>
<BR>[Called By]<UL><LI><a href="#[68]">&gt;&gt;</a>&nbsp;&nbsp;&nbsp;_printf_int_hex
</UL>

<P><STRONG><a name="[d4]"></a>_printf_char_file</STRONG> (Thumb, 32 bytes, Stack size 16 bytes, _printf_char_file.o(.text))
<BR><BR>[Stack]<UL><LI>Max Depth = 104 + Unknown Stack Size
<LI>Call Chain = _printf_char_file &rArr; _printf_char_common &rArr; __printf
</UL>
<BR>[Calls]<UL><LI><a href="#[d9]">&gt;&gt;</a>&nbsp;&nbsp;&nbsp;ferror
<LI><a href="#[d8]">&gt;&gt;</a>&nbsp;&nbsp;&nbsp;_printf_char_common
</UL>
<BR>[Called By]<UL><LI><a href="#[a4]">&gt;&gt;</a>&nbsp;&nbsp;&nbsp;__2printf
</UL>

<P><STRONG><a name="[d8]"></a>_printf_char_common</STRONG> (Thumb, 32 bytes, Stack size 64 bytes, _printf_char_common.o(.text))
<BR><BR>[Stack]<UL><LI>Max Depth = 88 + Unknown Stack Size
<LI>Call Chain = _printf_char_common &rArr; __printf
</UL>
<BR>[Calls]<UL><LI><a href="#[d5]">&gt;&gt;</a>&nbsp;&nbsp;&nbsp;__printf
</UL>
<BR>[Called By]<UL><LI><a href="#[d4]">&gt;&gt;</a>&nbsp;&nbsp;&nbsp;_printf_char_file
</UL>

<P><STRONG><a name="[d9]"></a>ferror</STRONG> (Thumb, 8 bytes, Stack size 0 bytes, ferror.o(.text))
<BR><BR>[Called By]<UL><LI><a href="#[d4]">&gt;&gt;</a>&nbsp;&nbsp;&nbsp;_printf_char_file
</UL>

<P><STRONG><a name="[6c]"></a>__user_setup_stackheap</STRONG> (Thumb, 74 bytes, Stack size 8 bytes, sys_stackheap_outer.o(.text))
<BR><BR>[Stack]<UL><LI>Max Depth = 8 + Unknown Stack Size
<LI>Call Chain = __user_setup_stackheap
</UL>
<BR>[Calls]<UL><LI><a href="#[db]">&gt;&gt;</a>&nbsp;&nbsp;&nbsp;__user_initial_stackheap
<LI><a href="#[da]">&gt;&gt;</a>&nbsp;&nbsp;&nbsp;__user_perproc_libspace
</UL>
<BR>[Called By]<UL><LI><a href="#[6b]">&gt;&gt;</a>&nbsp;&nbsp;&nbsp;__rt_entry_sh
</UL>

<P><STRONG><a name="[71]"></a>exit</STRONG> (Thumb, 12 bytes, Stack size 0 bytes, exit.o(.text))
<BR><BR>[Calls]<UL><LI><a href="#[dc]">&gt;&gt;</a>&nbsp;&nbsp;&nbsp;__rt_exit
</UL>
<BR>[Called By]<UL><LI><a href="#[6f]">&gt;&gt;</a>&nbsp;&nbsp;&nbsp;__rt_entry_main
</UL>

<P><STRONG><a name="[1b1]"></a>__user_libspace</STRONG> (Thumb, 8 bytes, Stack size 0 bytes, libspace.o(.text), UNUSED)

<P><STRONG><a name="[da]"></a>__user_perproc_libspace</STRONG> (Thumb, 0 bytes, Stack size 0 bytes, libspace.o(.text))
<BR><BR>[Called By]<UL><LI><a href="#[6c]">&gt;&gt;</a>&nbsp;&nbsp;&nbsp;__user_setup_stackheap
</UL>

<P><STRONG><a name="[1b2]"></a>__user_perthread_libspace</STRONG> (Thumb, 0 bytes, Stack size 0 bytes, libspace.o(.text), UNUSED)

<P><STRONG><a name="[83]"></a>__aeabi_ddiv</STRONG> (Thumb, 0 bytes, Stack size 32 bytes, ddiv.o(x$fpl$ddiv))
<BR><BR>[Stack]<UL><LI>Max Depth = 32<LI>Call Chain = __aeabi_ddiv
</UL>
<BR>[Called By]<UL><LI><a href="#[70]">&gt;&gt;</a>&nbsp;&nbsp;&nbsp;main
</UL>

<P><STRONG><a name="[dd]"></a>_ddiv</STRONG> (Thumb, 552 bytes, Stack size 32 bytes, ddiv.o(x$fpl$ddiv), UNUSED)
<BR><BR>[Calls]<UL><LI><a href="#[de]">&gt;&gt;</a>&nbsp;&nbsp;&nbsp;__fpl_dretinf
<LI><a href="#[df]">&gt;&gt;</a>&nbsp;&nbsp;&nbsp;__fpl_dnaninf
</UL>

<P><STRONG><a name="[84]"></a>__aeabi_d2iz</STRONG> (Thumb, 0 bytes, Stack size 32 bytes, dfix.o(x$fpl$dfix))
<BR><BR>[Stack]<UL><LI>Max Depth = 32<LI>Call Chain = __aeabi_d2iz
</UL>
<BR>[Called By]<UL><LI><a href="#[70]">&gt;&gt;</a>&nbsp;&nbsp;&nbsp;main
</UL>

<P><STRONG><a name="[e0]"></a>_dfix</STRONG> (Thumb, 94 bytes, Stack size 32 bytes, dfix.o(x$fpl$dfix), UNUSED)
<BR><BR>[Calls]<UL><LI><a href="#[df]">&gt;&gt;</a>&nbsp;&nbsp;&nbsp;__fpl_dnaninf
</UL>

<P><STRONG><a name="[9b]"></a>__aeabi_d2uiz</STRONG> (Thumb, 0 bytes, Stack size 32 bytes, dfixu.o(x$fpl$dfixu))
<BR><BR>[Stack]<UL><LI>Max Depth = 32<LI>Call Chain = __aeabi_d2uiz
</UL>
<BR>[Called By]<UL><LI><a href="#[99]">&gt;&gt;</a>&nbsp;&nbsp;&nbsp;LCD_SSD_BackLightSet
</UL>

<P><STRONG><a name="[e1]"></a>_dfixu</STRONG> (Thumb, 90 bytes, Stack size 32 bytes, dfixu.o(x$fpl$dfixu), UNUSED)
<BR><BR>[Calls]<UL><LI><a href="#[df]">&gt;&gt;</a>&nbsp;&nbsp;&nbsp;__fpl_dnaninf
</UL>

<P><STRONG><a name="[81]"></a>__aeabi_i2d</STRONG> (Thumb, 0 bytes, Stack size 0 bytes, dflt_clz.o(x$fpl$dflt))
<BR><BR>[Called By]<UL><LI><a href="#[70]">&gt;&gt;</a>&nbsp;&nbsp;&nbsp;main
</UL>

<P><STRONG><a name="[1b3]"></a>_dflt</STRONG> (Thumb, 46 bytes, Stack size 0 bytes, dflt_clz.o(x$fpl$dflt), UNUSED)

<P><STRONG><a name="[9a]"></a>__aeabi_ui2d</STRONG> (Thumb, 0 bytes, Stack size 0 bytes, dflt_clz.o(x$fpl$dfltu))
<BR><BR>[Called By]<UL><LI><a href="#[99]">&gt;&gt;</a>&nbsp;&nbsp;&nbsp;LCD_SSD_BackLightSet
</UL>

<P><STRONG><a name="[1b4]"></a>_dfltu</STRONG> (Thumb, 38 bytes, Stack size 0 bytes, dflt_clz.o(x$fpl$dfltu), UNUSED)

<P><STRONG><a name="[82]"></a>__aeabi_dmul</STRONG> (Thumb, 0 bytes, Stack size 32 bytes, dmul.o(x$fpl$dmul))
<BR><BR>[Stack]<UL><LI>Max Depth = 32<LI>Call Chain = __aeabi_dmul
</UL>
<BR>[Called By]<UL><LI><a href="#[99]">&gt;&gt;</a>&nbsp;&nbsp;&nbsp;LCD_SSD_BackLightSet
<LI><a href="#[70]">&gt;&gt;</a>&nbsp;&nbsp;&nbsp;main
</UL>

<P><STRONG><a name="[e2]"></a>_dmul</STRONG> (Thumb, 332 bytes, Stack size 32 bytes, dmul.o(x$fpl$dmul), UNUSED)
<BR><BR>[Calls]<UL><LI><a href="#[de]">&gt;&gt;</a>&nbsp;&nbsp;&nbsp;__fpl_dretinf
<LI><a href="#[df]">&gt;&gt;</a>&nbsp;&nbsp;&nbsp;__fpl_dnaninf
</UL>

<P><STRONG><a name="[df]"></a>__fpl_dnaninf</STRONG> (Thumb, 156 bytes, Stack size 16 bytes, dnaninf.o(x$fpl$dnaninf), UNUSED)
<BR><BR>[Called By]<UL><LI><a href="#[e2]">&gt;&gt;</a>&nbsp;&nbsp;&nbsp;_dmul
<LI><a href="#[e1]">&gt;&gt;</a>&nbsp;&nbsp;&nbsp;_dfixu
<LI><a href="#[e0]">&gt;&gt;</a>&nbsp;&nbsp;&nbsp;_dfix
<LI><a href="#[dd]">&gt;&gt;</a>&nbsp;&nbsp;&nbsp;_ddiv
</UL>

<P><STRONG><a name="[de]"></a>__fpl_dretinf</STRONG> (Thumb, 12 bytes, Stack size 0 bytes, dretinf.o(x$fpl$dretinf), UNUSED)
<BR><BR>[Called By]<UL><LI><a href="#[e2]">&gt;&gt;</a>&nbsp;&nbsp;&nbsp;_dmul
<LI><a href="#[dd]">&gt;&gt;</a>&nbsp;&nbsp;&nbsp;_ddiv
</UL>

<P><STRONG><a name="[6a]"></a>_fp_init</STRONG> (Thumb, 10 bytes, Stack size 0 bytes, fpinit.o(x$fpl$fpinit))
<BR><BR>[Called By]<UL><LI><a href="#[69]">&gt;&gt;</a>&nbsp;&nbsp;&nbsp;__rt_lib_init_fp_1
</UL>

<P><STRONG><a name="[1b5]"></a>__fplib_config_fpu_vfp</STRONG> (Thumb, 0 bytes, Stack size unknown bytes, fpinit.o(x$fpl$fpinit), UNUSED)

<P><STRONG><a name="[1b6]"></a>__fplib_config_pureend_doubles</STRONG> (Thumb, 0 bytes, Stack size unknown bytes, fpinit.o(x$fpl$fpinit), UNUSED)
<P>
<H3>
Local Symbols
</H3>
<P><STRONG><a name="[86]"></a>SetSysClock</STRONG> (Thumb, 220 bytes, Stack size 12 bytes, system_stm32f4xx.o(.text))
<BR><BR>[Stack]<UL><LI>Max Depth = 12<LI>Call Chain = SetSysClock
</UL>
<BR>[Called By]<UL><LI><a href="#[5e]">&gt;&gt;</a>&nbsp;&nbsp;&nbsp;SystemInit
</UL>

<P><STRONG><a name="[cb]"></a>TI4_Config</STRONG> (Thumb, 80 bytes, Stack size 20 bytes, stm32f4xx_tim.o(.text), UNUSED)
<BR><BR>[Called By]<UL><LI><a href="#[c4]">&gt;&gt;</a>&nbsp;&nbsp;&nbsp;TIM_ICInit
</UL>

<P><STRONG><a name="[c9]"></a>TI3_Config</STRONG> (Thumb, 72 bytes, Stack size 20 bytes, stm32f4xx_tim.o(.text), UNUSED)
<BR><BR>[Called By]<UL><LI><a href="#[c4]">&gt;&gt;</a>&nbsp;&nbsp;&nbsp;TIM_ICInit
</UL>

<P><STRONG><a name="[c7]"></a>TI2_Config</STRONG> (Thumb, 90 bytes, Stack size 20 bytes, stm32f4xx_tim.o(.text), UNUSED)
<BR><BR>[Called By]<UL><LI><a href="#[d0]">&gt;&gt;</a>&nbsp;&nbsp;&nbsp;TIM_TIxExternalClockConfig
<LI><a href="#[cd]">&gt;&gt;</a>&nbsp;&nbsp;&nbsp;TIM_PWMIConfig
<LI><a href="#[c4]">&gt;&gt;</a>&nbsp;&nbsp;&nbsp;TIM_ICInit
</UL>

<P><STRONG><a name="[c5]"></a>TI1_Config</STRONG> (Thumb, 58 bytes, Stack size 20 bytes, stm32f4xx_tim.o(.text), UNUSED)
<BR><BR>[Called By]<UL><LI><a href="#[d0]">&gt;&gt;</a>&nbsp;&nbsp;&nbsp;TIM_TIxExternalClockConfig
<LI><a href="#[cd]">&gt;&gt;</a>&nbsp;&nbsp;&nbsp;TIM_PWMIConfig
<LI><a href="#[c4]">&gt;&gt;</a>&nbsp;&nbsp;&nbsp;TIM_ICInit
</UL>

<P><STRONG><a name="[61]"></a>_printf_input_char</STRONG> (Thumb, 10 bytes, Stack size 0 bytes, _printf_char_common.o(.text))
<BR>[Address Reference Count : 1]<UL><LI> _printf_char_common.o(.text)
</UL><P>
<H3>
Undefined Global Symbols
</H3><HR></body></html>
