<html>
<body>
<pre>
<h1>礦ision Build Log</h1>
<h2>Tool Versions:</h2>
IDE-Version: μVision V5.14.0.0
Copyright (C) 2015 ARM Ltd and ARM Germany GmbH. All rights reserved.
License Information: 111 hong yaO, 111, LIC=SDA0P-M4GBC-X7IRZ-J6QAS-8MH36-P49QJ
 
Tool Versions:
Toolchain:       MDK-ARM Standard  Version: 5.14.0.0
Toolchain Path:  D:\MDK5\ARM\ARMCC\Bin
C Compiler:      Armcc.exe V5.05 update 1 (build 106)
Assembler:       Armasm.exe V5.05 update 1 (build 106)
Linker/Locator:  ArmLink.exe V5.05 update 1 (build 106)
Library Manager: ArmAr.exe V5.05 update 1 (build 106)
Hex Converter:   FromElf.exe V5.05 update 1 (build 106)
CPU DLL:         SARMCM3.DLL V5.14.0.0
Dialog DLL:      DCM.DLL V1.13.1.0
Target DLL:      STLink\ST-LINKIII-KEIL_SWO.dll V2.0.14.0_KEIL
Dialog DLL:      TCM.DLL V1.14.4.0
 
<h2>Project:</h2>
C:\Users\hong yaO\Desktop\垃圾桶\实验40 汉字显示实验\USER\HZ.uvprojx
Project File Date:  12/26/2020

<h2>Output:</h2>
Build target 'HZ'
compiling main.c...
main.c(48): warning:  #127-D: expected a statement
        }  
main.c(27): warning:  #177-D: variable "fontcnt" was declared but never referenced
        u32 fontcnt;              
main.c(28): warning:  #177-D: variable "i" was declared but never referenced
        u8 i,j;
main.c(28): warning:  #177-D: variable "j" was declared but never referenced
        u8 i,j;
main.c(29): warning:  #177-D: variable "fontx" was declared but never referenced
        u8 fontx[2];//gbk码
main.c(30): warning:  #177-D: variable "key" was declared but never referenced
        u8 key,t;
main.c(30): warning:  #177-D: variable "t" was declared but never referenced
        u8 key,t;
main.c(47): warning:  #177-D: label "UPD" was declared but never referenced
  UPD:    
main.c: 8 warnings, 0 errors
linking...
Program Size: Code=67482 RO-data=8598 RW-data=952 ZI-data=1225328  
FromELF: creating hex file...
"..\OBJ\HZ.axf" - 0 Error(s), 8 Warning(s).

<h2>Collection of Component include folders:</h2>
  C:\Users\hong yaO\Desktop\垃圾桶\实验40 汉字显示实验\USER\RTE
  D:\MDK5\ARM\PACK\Keil\STM32F4xx_DFP\1.0.8\Device\Include

<h2>Collection of Component Files used:</h2>
</pre>
</body>
</html>
