<html>
<body>
<pre>
<h1>礦ision Build Log</h1>
<h2>Tool Versions:</h2>
IDE-Version: μVision V5.14.0.0
Copyright (C) 2015 ARM Ltd and ARM Germany GmbH. All rights reserved.
License Information: 1 hong yaO, 1, LIC=47GU5-GFQ9D-QDEKD-8FIFX-F78G3-R7RMU
 
Tool Versions:
Toolchain:       MDK-ARM Standard  Version: 5.14.0.0
Toolchain Path:  D:\MDK5\ARM\ARMCC\Bin
C Compiler:      Armcc.exe V5.05 update 1 (build 106)
Assembler:       Armasm.exe V5.05 update 1 (build 106)
Linker/Locator:  ArmLink.exe V5.05 update 1 (build 106)
Library Manager: ArmAr.exe V5.05 update 1 (build 106)
Hex Converter:   FromElf.exe V5.05 update 1 (build 106)
CPU DLL:         SARMCM3.DLL V5.14.0.0
Dialog DLL:      DCM.DLL V1.13.1.0
Target DLL:      STLink\ST-LINKIII-KEIL_SWO.dll V2.0.14.0_KEIL
Dialog DLL:      TCM.DLL V1.14.4.0
 
<h2>Project:</h2>
C:\Users\hong yaO\Desktop\垃圾桶\5&6&3.垃圾分类 - 核心板 - 副本 1 - 决赛\USER\VIDEOPLAYER.uvprojx
Project File Date:  02/25/2021

<h2>Output:</h2>
Build target 'VIDEOPLAYER'
compiling dispaly.c...
..\CLASSFICATION\DISPLAY\dispaly.c(86): warning:  #127-D: expected a statement
        }  
..\CLASSFICATION\DISPLAY\dispaly.c(85): warning:  #177-D: label "UPD" was declared but never referenced
  UPD:    
..\CLASSFICATION\DISPLAY\dispaly.c: 2 warnings, 0 errors
linking...
Program Size: Code=125040 RO-data=17392 RW-data=680 ZI-data=1225840  
FromELF: creating hex file...
"..\OBJ\VIDEOPLAYER.axf" - 0 Error(s), 2 Warning(s).

<h2>Collection of Component include folders:</h2>
  C:\Users\hong yaO\Desktop\垃圾桶\5&6&3.垃圾分类 - 核心板 - 副本 1 - 决赛\USER\RTE
  D:\MDK5\ARM\PACK\Keil\STM32F4xx_DFP\1.0.8\Device\Include

<h2>Collection of Component Files used:</h2>
</pre>
</body>
</html>
